ARM Linker, RVCT4.0 [Build 524] for uVision [Standard]

==============================================================================

Section Cross References

    stm32f10x_it.o(i.ETH_IRQHandler) refers to netconf.o(i.LwIP_Pkt_Handle) for LwIP_Pkt_Handle
    stm32f10x_it.o(i.ETH_IRQHandler) refers to stm32_eth.o(i.ETH_GetRxPktSize) for ETH_GetRxPktSize
    stm32f10x_it.o(i.ETH_IRQHandler) refers to stm32_eth.o(i.ETH_DMAClearITPendingBit) for ETH_DMAClearITPendingBit
    stm32f10x_it.o(i.EXTI15_10_IRQHandler) refers to stm32f10x_exti.o(i.EXTI_GetITStatus) for EXTI_GetITStatus
    stm32f10x_it.o(i.EXTI15_10_IRQHandler) refers to stm3210c_eval_ioe.o(i.IOE_GetGITStatus) for IOE_GetGITStatus
    stm32f10x_it.o(i.EXTI15_10_IRQHandler) refers to stm3210c_eval_ioe.o(i.IOE_TS_GetState) for IOE_TS_GetState
    stm32f10x_it.o(i.EXTI15_10_IRQHandler) refers to stm3210c_eval_lcd.o(i.LCD_DisplayStringLine) for LCD_DisplayStringLine
    stm32f10x_it.o(i.EXTI15_10_IRQHandler) refers to stm32_eval.o(i.STM_EVAL_LEDOn) for STM_EVAL_LEDOn
    stm32f10x_it.o(i.EXTI15_10_IRQHandler) refers to client.o(i.tcp_led_control) for tcp_led_control
    stm32f10x_it.o(i.EXTI15_10_IRQHandler) refers to stm32_eval.o(i.STM_EVAL_LEDOff) for STM_EVAL_LEDOff
    stm32f10x_it.o(i.EXTI15_10_IRQHandler) refers to stm3210c_eval_ioe.o(i.IOE_ClearGITPending) for IOE_ClearGITPending
    stm32f10x_it.o(i.EXTI15_10_IRQHandler) refers to stm32f10x_exti.o(i.EXTI_ClearITPendingBit) for EXTI_ClearITPendingBit
    stm32f10x_it.o(i.EXTI15_10_IRQHandler) refers to stm32f10x_it.o(.data) for .data
    stm32f10x_it.o(i.SysTick_Handler) refers to main.o(i.Time_Update) for Time_Update
    main.o(i.Delay) refers to main.o(.data) for .data
    main.o(i.System_Periodic_Handle) refers to netconf.o(i.Display_Periodic_Handle) for Display_Periodic_Handle
    main.o(i.System_Periodic_Handle) refers to netconf.o(i.LwIP_Periodic_Handle) for LwIP_Periodic_Handle
    main.o(i.System_Periodic_Handle) refers to main.o(.data) for .data
    main.o(i.Time_Update) refers to main.o(.data) for .data
    main.o(i.main) refers to stm32f107.o(i.System_Setup) for System_Setup
    main.o(i.main) refers to netconf.o(i.LwIP_Init) for LwIP_Init
    main.o(i.main) refers to helloworld.o(i.HelloWorld_init) for HelloWorld_init
    main.o(i.main) refers to httpd.o(i.httpd_init) for httpd_init
    main.o(i.main) refers to tftpserver.o(i.tftpd_init) for tftpd_init
    main.o(i.main) refers to main.o(i.System_Periodic_Handle) for System_Periodic_Handle
    stm32f107.o(i.ADC_Configuration) refers to stm32f10x_adc.o(i.ADC_Init) for ADC_Init
    stm32f107.o(i.ADC_Configuration) refers to stm32f10x_adc.o(i.ADC_RegularChannelConfig) for ADC_RegularChannelConfig
    stm32f107.o(i.ADC_Configuration) refers to stm32f10x_adc.o(i.ADC_Cmd) for ADC_Cmd
    stm32f107.o(i.ADC_Configuration) refers to stm32f10x_adc.o(i.ADC_SoftwareStartConvCmd) for ADC_SoftwareStartConvCmd
    stm32f107.o(i.Ethernet_Configuration) refers to stm32f10x_gpio.o(i.GPIO_ETH_MediaInterfaceConfig) for GPIO_ETH_MediaInterfaceConfig
    stm32f107.o(i.Ethernet_Configuration) refers to stm32f10x_rcc.o(i.RCC_PLL3Config) for RCC_PLL3Config
    stm32f107.o(i.Ethernet_Configuration) refers to stm32f10x_rcc.o(i.RCC_PLL3Cmd) for RCC_PLL3Cmd
    stm32f107.o(i.Ethernet_Configuration) refers to stm32f10x_rcc.o(i.RCC_GetFlagStatus) for RCC_GetFlagStatus
    stm32f107.o(i.Ethernet_Configuration) refers to stm32f10x_rcc.o(i.RCC_MCOConfig) for RCC_MCOConfig
    stm32f107.o(i.Ethernet_Configuration) refers to stm32_eth.o(i.ETH_DeInit) for ETH_DeInit
    stm32f107.o(i.Ethernet_Configuration) refers to stm32_eth.o(i.ETH_SoftwareReset) for ETH_SoftwareReset
    stm32f107.o(i.Ethernet_Configuration) refers to stm32_eth.o(i.ETH_GetSoftwareResetStatus) for ETH_GetSoftwareResetStatus
    stm32f107.o(i.Ethernet_Configuration) refers to stm32_eth.o(i.ETH_StructInit) for ETH_StructInit
    stm32f107.o(i.Ethernet_Configuration) refers to stm32_eth.o(i.ETH_Init) for ETH_Init
    stm32f107.o(i.Ethernet_Configuration) refers to stm32_eth.o(i.ETH_DMAITConfig) for ETH_DMAITConfig
    stm32f107.o(i.GPIO_Configuration) refers to stm32f10x_gpio.o(i.GPIO_Init) for GPIO_Init
    stm32f107.o(i.GPIO_Configuration) refers to stm32f10x_gpio.o(i.GPIO_PinRemapConfig) for GPIO_PinRemapConfig
    stm32f107.o(i.NVIC_Configuration) refers to misc.o(i.NVIC_SetVectorTable) for NVIC_SetVectorTable
    stm32f107.o(i.NVIC_Configuration) refers to misc.o(i.NVIC_PriorityGroupConfig) for NVIC_PriorityGroupConfig
    stm32f107.o(i.NVIC_Configuration) refers to misc.o(i.NVIC_Init) for NVIC_Init
    stm32f107.o(i.System_Setup) refers to system_stm32f10x.o(i.SystemInit) for SystemInit
    stm32f107.o(i.System_Setup) refers to stm32f10x_rcc.o(i.RCC_APB1PeriphClockCmd) for RCC_APB1PeriphClockCmd
    stm32f107.o(i.System_Setup) refers to stm32f10x_rcc.o(i.RCC_AHBPeriphClockCmd) for RCC_AHBPeriphClockCmd
[...]
    etharp_request                           0x0800471d   Thumb Code    36  etharp.o(i.etharp_request)
    etharp_tmr                               0x0800477d   Thumb Code    76  etharp.o(i.etharp_tmr)
    ethernet_input                           0x080047cd   Thumb Code    84  etharp.o(i.ethernet_input)
    ethernetif_init                          0x08004821   Thumb Code    56  ethernetif.o(i.ethernetif_init)
    ethernetif_input                         0x08004861   Thumb Code   112  ethernetif.o(i.ethernetif_input)
    ex_getPartitionField                     0x080048d5   Thumb Code    60  extract.o(i.ex_getPartitionField)
    ex_getb16                                0x08004911   Thumb Code    14  extract.o(i.ex_getb16)
    ex_getb32                                0x0800491f   Thumb Code    24  extract.o(i.ex_getb32)
    fat_DiscToLogicCluster                   0x08004937   Thumb Code    56  fat.o(i.fat_DiscToLogicCluster)
    fat_LogicToDiscCluster                   0x0800496f   Thumb Code    82  fat.o(i.fat_LogicToDiscCluster)
    fat_allocClusterChain                    0x080049c1   Thumb Code   290  fat.o(i.fat_allocClusterChain)
    fat_countClustersInChain                 0x08004ae3   Thumb Code    50  fat.o(i.fat_countClustersInChain)
    fat_getNextClusterAddress                0x08004b15   Thumb Code   158  fat.o(i.fat_getNextClusterAddress)
    fat_getNextClusterAddressWBuf            0x08004bb3   Thumb Code   122  fat.o(i.fat_getNextClusterAddressWBuf)
    fat_getNextClusterChain                  0x08004c2d   Thumb Code   154  fat.o(i.fat_getNextClusterChain)
    fat_getSectorAddressFatEntry             0x08004cc7   Thumb Code    46  fat.o(i.fat_getSectorAddressFatEntry)
    fat_giveEocMarker                        0x08004cf5   Thumb Code    38  fat.o(i.fat_giveEocMarker)
    fat_isEocMarker                          0x08004d1d   Thumb Code    48  fat.o(i.fat_isEocMarker)
    fat_setNextClusterAddress                0x08004d51   Thumb Code   232  fat.o(i.fat_setNextClusterAddress)
    fat_setNextClusterAddressWBuf            0x08004e39   Thumb Code   194  fat.o(i.fat_setNextClusterAddressWBuf)
    file_fclose                              0x08004efb   Thumb Code    98  file.o(i.file_fclose)
    file_fopen                               0x08004f5d   Thumb Code   494  file.o(i.file_fopen)
    file_fread                               0x0800514b   Thumb Code   198  file.o(i.file_fread)
    file_fwrite                              0x08005211   Thumb Code   264  file.o(i.file_fwrite)
    file_initFile                            0x08005319   Thumb Code    40  file.o(i.file_initFile)
    file_normalToFatName                     0x08005341   Thumb Code   136  file.o(i.file_normalToFatName)
    file_read                                0x080053c9   Thumb Code    26  file.o(i.file_read)
    file_requiredCluster                     0x080053e3   Thumb Code    82  file.o(i.file_requiredCluster)
    file_setAttr                             0x08005435   Thumb Code    22  file.o(i.file_setAttr)
    file_setpos                              0x0800544b   Thumb Code    18  file.o(i.file_setpos)
    file_validateChar                        0x0800545d   Thumb Code    62  file.o(i.file_validateChar)
    file_write                               0x0800549b   Thumb Code    26  file.o(i.file_write)
    fs_clearCluster                          0x080055fb   Thumb Code    66  fs.o(i.fs_clearCluster)
    fs_clusterToSector                       0x0800563d   Thumb Code    36  fs.o(i.fs_clusterToSector)
    fs_countDataSectors                      0x08005661   Thumb Code    76  fs.o(i.fs_countDataSectors)
    fs_determineFatType                      0x080056ad   Thumb Code    42  fs.o(i.fs_determineFatType)
    fs_findFile                              0x080056d7   Thumb Code   182  fs.o(i.fs_findFile)
    fs_findFirstSectorRootDir                0x0800578d   Thumb Code    40  fs.o(i.fs_findFirstSectorRootDir)
    fs_findFreeFile                          0x080057b5   Thumb Code    90  fs.o(i.fs_findFreeFile)
    fs_flushFs                               0x0800580f   Thumb Code    10  fs.o(i.fs_flushFs)
    fs_getFirstClusterRootDir                0x08005819   Thumb Code    16  fs.o(i.fs_getFirstClusterRootDir)
    fs_getLastCluster                        0x08005829   Thumb Code    56  fs.o(i.fs_getLastCluster)
    fs_getNextFreeCluster                    0x08005861   Thumb Code    36  fs.o(i.fs_getNextFreeCluster)
    fs_giveFreeClusterHint                   0x08005885   Thumb Code     4  fs.o(i.fs_giveFreeClusterHint)
    fs_hasTimeSupport                        0x08005889   Thumb Code     4  time.o(i.fs_hasTimeSupport)
    fs_initClusterChain                      0x0800588d   Thumb Code    16  fs.o(i.fs_initClusterChain)
    fs_initFs                                0x0800589d   Thumb Code    74  fs.o(i.fs_initFs)
    fs_isValidFat                            0x080058e7   Thumb Code    46  fs.o(i.fs_isValidFat)
    fs_loadVolumeId                          0x08005915   Thumb Code   116  fs.o(i.fs_loadVolumeId)
    fs_open                                  0x08005989   Thumb Code    42  httpd.o(i.fs_open)
    fs_setFirstClusterInDirEntry             0x080059b9   Thumb Code     8  fs.o(i.fs_setFirstClusterInDirEntry)
    fs_umount                                0x080059c1   Thumb Code     4  fs.o(i.fs_umount)
    fs_verifySanity                          0x080059c5   Thumb Code   134  fs.o(i.fs_verifySanity)
    htonl                                    0x08005a4b   Thumb Code     4  inet.o(i.htonl)
    htons                                    0x08005a4f   Thumb Code     4  inet.o(i.htons)
    httpd_init                               0x08005d0d   Thumb Code    34  httpd.o(i.httpd_init)
    icmp_dest_unreach                        0x08005d39   Thumb Code     8  icmp.o(i.icmp_dest_unreach)
    icmp_input                               0x08005d41   Thumb Code   276  icmp.o(i.icmp_input)
    icmp_time_exceeded                       0x08005ebb   Thumb Code     8  icmp.o(i.icmp_time_exceeded)
    if_initInterface                         0x08005ec3   Thumb Code    68  sd_stm32.o(i.if_initInterface)
    if_readBuf                               0x08005f07   Thumb Code     8  sd_stm32.o(i.if_readBuf)
    if_spiInit                               0x08005f11   Thumb Code    54  sd_stm32.o(i.if_spiInit)
    if_spiSend                               0x08005f51   Thumb Code    56  sd_stm32.o(i.if_spiSend)
    if_writeBuf                              0x08005f91   Thumb Code     4  sd_stm32.o(i.if_writeBuf)
    inet_chksum                              0x08005f95   Thumb Code    12  inet_chksum.o(i.inet_chksum)
    inet_chksum_pbuf                         0x08005fa1   Thumb Code    72  inet_chksum.o(i.inet_chksum_pbuf)
    ioman_decUseCnt                          0x08005fe9   Thumb Code    26  ioman.o(i.ioman_decUseCnt)
    ioman_directSectorRead                   0x08006003   Thumb Code    98  ioman.o(i.ioman_directSectorRead)
    ioman_directSectorWrite                  0x08006065   Thumb Code   148  ioman.o(i.ioman_directSectorWrite)
    ioman_findFreeSpot                       0x080060f9   Thumb Code    40  ioman.o(i.ioman_findFreeSpot)
    ioman_findOverallocableSpot              0x08006121   Thumb Code   110  ioman.o(i.ioman_findOverallocableSpot)
    ioman_findSectorInCache                  0x0800618f   Thumb Code    52  ioman.o(i.ioman_findSectorInCache)
    ioman_findUnusedSpot                     0x080061c3   Thumb Code   126  ioman.o(i.ioman_findUnusedSpot)
    ioman_flushRange                         0x08006241   Thumb Code   100  ioman.o(i.ioman_flushRange)
    ioman_flushSector                        0x080062a5   Thumb Code    88  ioman.o(i.ioman_flushSector)
    ioman_getAttr                            0x080062fd   Thumb Code    26  ioman.o(i.ioman_getAttr)
    ioman_getBp                              0x08006317   Thumb Code    40  ioman.o(i.ioman_getBp)
    ioman_getPtr                             0x0800633f   Thumb Code    22  ioman.o(i.ioman_getPtr)
    ioman_getRefCnt                          0x08006355   Thumb Code    20  ioman.o(i.ioman_getRefCnt)
    ioman_getSector                          0x08006369   Thumb Code   258  ioman.o(i.ioman_getSector)
    ioman_getUseCnt                          0x0800646b   Thumb Code    20  ioman.o(i.ioman_getUseCnt)
    ioman_incRefCnt                          0x0800647f   Thumb Code    26  ioman.o(i.ioman_incRefCnt)
    ioman_incUseCnt                          0x08006499   Thumb Code    26  ioman.o(i.ioman_incUseCnt)
    ioman_init                               0x080064b3   Thumb Code    24  ioman.o(i.ioman_init)
    ioman_pop                                0x080064cb   Thumb Code    70  ioman.o(i.ioman_pop)
    ioman_push                               0x08006511   Thumb Code    70  ioman.o(i.ioman_push)
    ioman_putSectorInCache                   0x08006557   Thumb Code    70  ioman.o(i.ioman_putSectorInCache)
    ioman_readSector                         0x0800659d   Thumb Code    30  ioman.o(i.ioman_readSector)
    ioman_releaseSector                      0x080065bb   Thumb Code    80  ioman.o(i.ioman_releaseSector)
    ioman_reset                              0x0800660b   Thumb Code    94  ioman.o(i.ioman_reset)
    ioman_resetCacheItem                     0x08006669   Thumb Code    30  ioman.o(i.ioman_resetCacheItem)
    ioman_setAttr                            0x08006687   Thumb Code    34  ioman.o(i.ioman_setAttr)
    ioman_writeSector                        0x080066a9   Thumb Code    34  ioman.o(i.ioman_writeSector)
    ip_addr_isbroadcast                      0x080066cb   Thumb Code    48  ip_addr.o(i.ip_addr_isbroadcast)
    ip_frag                                  0x080066fd   Thumb Code   298  ip_frag.o(i.ip_frag)
    ip_input                                 0x0800682d   Thumb Code   386  ip.o(i.ip_input)
    ip_output                                0x080069b9   Thumb Code    52  ip.o(i.ip_output)
    ip_output_if                             0x080069ed   Thumb Code   196  ip.o(i.ip_output_if)
    ip_reass                                 0x08006ab5   Thumb Code   432  ip_frag.o(i.ip_reass)
    ip_route                                 0x08006e55   Thumb Code    62  ip.o(i.ip_route)
    ls_openDir                               0x08006f51   Thumb Code    64  ls.o(i.ls_openDir)
    main                                     0x08006fcd   Thumb Code    28  main.o(i.main)
    memClr                                   0x08006fe9   Thumb Code    18  plibc.o(i.memClr)
    memCpy                                   0x08006ffb   Thumb Code    24  plibc.o(i.memCpy)
    mem_calloc                               0x08007013   Thumb Code    28  mem.o(i.mem_calloc)
    mem_free                                 0x08007031   Thumb Code    40  mem.o(i.mem_free)
    mem_init                                 0x0800705d   Thumb Code    44  mem.o(i.mem_init)
    mem_malloc                               0x08007091   Thumb Code   166  mem.o(i.mem_malloc)
    mem_realloc                              0x0800713d   Thumb Code   188  mem.o(i.mem_realloc)
    memp_free                                0x080071fd   Thumb Code    18  memp.o(i.memp_free)
    memp_init                                0x08007215   Thumb Code    78  memp.o(i.memp_init)
    memp_malloc                              0x0800726d   Thumb Code    28  memp.o(i.memp_malloc)
    netif_add                                0x0800728d   Thumb Code    70  netif.o(i.netif_add)
    netif_is_up                              0x080072d9   Thumb Code    10  netif.o(i.netif_is_up)
    netif_set_addr                           0x080072e3   Thumb Code    32  netif.o(i.netif_set_addr)
    netif_set_default                        0x08007305   Thumb Code     6  netif.o(i.netif_set_default)
    netif_set_down                           0x08007311   Thumb Code    18  netif.o(i.netif_set_down)
    netif_set_gw                             0x08007323   Thumb Code     8  netif.o(i.netif_set_gw)
    netif_set_ipaddr                         0x0800732d   Thumb Code    92  netif.o(i.netif_set_ipaddr)
    netif_set_netmask                        0x08007391   Thumb Code     8  netif.o(i.netif_set_netmask)
    netif_set_up                             0x08007399   Thumb Code    30  netif.o(i.netif_set_up)
    ntohl                                    0x080073b7   Thumb Code     4  inet.o(i.ntohl)
    ntohs                                    0x080073bb   Thumb Code     4  inet.o(i.ntohs)
    part_directSectorRead                    0x080073bf   Thumb Code    28  partition.o(i.part_directSectorRead)
    part_directSectorWrite                   0x080073db   Thumb Code    28  partition.o(i.part_directSectorWrite)
    part_flushPart                           0x080073f7   Thumb Code    40  partition.o(i.part_flushPart)
    part_getRealLBA                          0x0800741f   Thumb Code    18  partition.o(i.part_getRealLBA)
    part_getSect                             0x08007431   Thumb Code    28  partition.o(i.part_getSect)
    part_initPartition                       0x0800744d   Thumb Code    40  partition.o(i.part_initPartition)
    part_isFatPart                           0x08007475   Thumb Code    32  partition.o(i.part_isFatPart)
    part_relSect                             0x08007495   Thumb Code     8  partition.o(i.part_relSect)
    pbuf_alloc                               0x0800749d   Thumb Code   278  pbuf.o(i.pbuf_alloc)
    pbuf_cat                                 0x080075b3   Thumb Code    40  pbuf.o(i.pbuf_cat)
    pbuf_chain                               0x080075db   Thumb Code    18  pbuf.o(i.pbuf_chain)
    pbuf_clen                                0x080075ed   Thumb Code    18  pbuf.o(i.pbuf_clen)
    pbuf_copy                                0x080075ff   Thumb Code   144  pbuf.o(i.pbuf_copy)
    pbuf_copy_partial                        0x0800768f   Thumb Code   102  pbuf.o(i.pbuf_copy_partial)
    pbuf_free                                0x080076f5   Thumb Code    70  pbuf.o(i.pbuf_free)
    pbuf_header                              0x0800773b   Thumb Code    94  pbuf.o(i.pbuf_header)
    pbuf_realloc                             0x08007799   Thumb Code    84  pbuf.o(i.pbuf_realloc)
    pbuf_ref                                 0x080077ed   Thumb Code    12  pbuf.o(i.pbuf_ref)
    process_tftp_request                     0x08007851   Thumb Code   176  tftpserver.o(i.process_tftp_request)
    raw_input                                0x08007915   Thumb Code    98  raw.o(i.raw_input)
    recv_callback_tftp                       0x0800797d   Thumb Code    24  tftpserver.o(i.recv_callback_tftp)
    rrq_recv_callback                        0x08007995   Thumb Code    84  tftpserver.o(i.rrq_recv_callback)
    sd_Command                               0x080079e9   Thumb Code    80  sd.o(i.sd_Command)
    sd_Init                                  0x08007a39   Thumb Code   104  sd.o(i.sd_Init)
    sd_Resp16b                               0x08007aa1   Thumb Code    22  sd.o(i.sd_Resp16b)
    sd_Resp8b                                0x08007ab7   Thumb Code    28  sd.o(i.sd_Resp8b)
    sd_State                                 0x08007ad3   Thumb Code    40  sd.o(i.sd_State)
    sd_getDriveSize                          0x08007afb   Thumb Code   142  sd.o(i.sd_getDriveSize)
    sd_readSector                            0x08007b89   Thumb Code   116  sd.o(i.sd_readSector)
    sd_writeSector                           0x08007bfd   Thumb Code   100  sd.o(i.sd_writeSector)
    server_init                              0x08007c8d   Thumb Code    30  server.o(i.server_init)
    strMatch                                 0x08007cb5   Thumb Code    30  plibc.o(i.strMatch)
    tcp_abandon                              0x08007cd5   Thumb Code   140  tcp.o(i.tcp_abandon)
    tcp_accept                               0x08007d65   Thumb Code     4  tcp.o(i.tcp_accept)
    tcp_alloc                                0x08007d71   Thumb Code   236  tcp.o(i.tcp_alloc)
    tcp_arg                                  0x08007e69   Thumb Code     4  tcp.o(i.tcp_arg)
    tcp_bind                                 0x08007e6d   Thumb Code   192  tcp.o(i.tcp_bind)
    tcp_client_connected                     0x08007f31   Thumb Code   100  client.o(i.tcp_client_connected)
    tcp_close                                0x08007fb1   Thumb Code   160  tcp.o(i.tcp_close)
    tcp_connect                              0x08008055   Thumb Code   202  tcp.o(i.tcp_connect)
    tcp_eff_send_mss                         0x08008125   Thumb Code    30  tcp.o(i.tcp_eff_send_mss)
    tcp_enqueue                              0x08008143   Thumb Code   760  tcp_out.o(i.tcp_enqueue)
    tcp_err                                  0x0800843b   Thumb Code     6  tcp.o(i.tcp_err)
    tcp_fasttmr                              0x08008441   Thumb Code    84  tcp.o(i.tcp_fasttmr)
    tcp_input                                0x08008499   Thumb Code   794  tcp_in.o(i.tcp_input)
    tcp_keepalive                            0x080087c9   Thumb Code    70  tcp_out.o(i.tcp_keepalive)
    tcp_led_control                          0x08008811   Thumb Code    26  client.o(i.tcp_led_control)
    tcp_listen_with_backlog                  0x08008919   Thumb Code   130  tcp.o(i.tcp_listen_with_backlog)
    tcp_new                                  0x080089a5   Thumb Code     6  tcp.o(i.tcp_new)
    tcp_next_iss                             0x08008a0d   Thumb Code    12  tcp.o(i.tcp_next_iss)
    tcp_output                               0x08008a1d   Thumb Code   530  tcp_out.o(i.tcp_output)
    tcp_pcb_purge                            0x08008dd9   Thumb Code    48  tcp.o(i.tcp_pcb_purge)
    tcp_pcb_remove                           0x08008e09   Thumb Code    92  tcp.o(i.tcp_pcb_remove)
    tcp_poll                                 0x08008e69   Thumb Code     8  tcp.o(i.tcp_poll)
    tcp_recv                                 0x0800964b   Thumb Code     6  tcp.o(i.tcp_recv)
    tcp_recved                               0x0800966d   Thumb Code    60  tcp.o(i.tcp_recved)
    tcp_rexmit                               0x080096a9   Thumb Code    84  tcp_out.o(i.tcp_rexmit)
    tcp_rexmit_rto                           0x080096fd   Thumb Code    46  tcp_out.o(i.tcp_rexmit_rto)
    tcp_rst                                  0x0800972b   Thumb Code   154  tcp_out.o(i.tcp_rst)
    tcp_seg_free                             0x080097c5   Thumb Code    32  tcp.o(i.tcp_seg_free)
    tcp_segs_free                            0x080097e5   Thumb Code    26  tcp.o(i.tcp_segs_free)
    tcp_send_ctrl                            0x080097ff   Thumb Code    22  tcp_out.o(i.tcp_send_ctrl)
    tcp_sent                                 0x08009815   Thumb Code     6  tcp.o(i.tcp_sent)
    tcp_server_accept                        0x0800981d   Thumb Code    14  server.o(i.tcp_server_accept)
    tcp_slowtmr                              0x08009865   Thumb Code   504  tcp.o(i.tcp_slowtmr)
    tcp_tmr                                  0x08009a6d   Thumb Code    28  tcp.o(i.tcp_tmr)
    tcp_update_rcv_ann_wnd                   0x08009a8d   Thumb Code    42  tcp.o(i.tcp_update_rcv_ann_wnd)
    tcp_write                                0x08009ab7   Thumb Code    50  tcp_out.o(i.tcp_write)
    tcp_zero_window_probe                    0x08009ae9   Thumb Code    82  tcp_out.o(i.tcp_zero_window_probe)
    tftp_cleanup_rd                          0x08009b3d   Thumb Code    52  tftpserver.o(i.tftp_cleanup_rd)
    tftp_cleanup_wr                          0x08009b81   Thumb Code    54  tftpserver.o(i.tftp_cleanup_wr)
    tftp_construct_error_message             0x08009bc5   Thumb Code    44  tftpserver.o(i.tftp_construct_error_message)
    tftp_decode_op                           0x08009bf5   Thumb Code     4  tftputils.o(i.tftp_decode_op)
    tftp_extract_block                       0x08009bf9   Thumb Code     6  tftputils.o(i.tftp_extract_block)
    tftp_extract_filename                    0x08009bff   Thumb Code     6  tftputils.o(i.tftp_extract_filename)
    tftp_is_correct_ack                      0x08009c05   Thumb Code    26  tftputils.o(i.tftp_is_correct_ack)
    tftp_process_read                        0x08009c21   Thumb Code   118  tftpserver.o(i.tftp_process_read)
    tftp_process_write                       0x08009ca1   Thumb Code   118  tftpserver.o(i.tftp_process_write)
    tftp_send_ack_packet                     0x08009d21   Thumb Code    48  tftpserver.o(i.tftp_send_ack_packet)
    tftp_send_data_packet                    0x08009d51   Thumb Code    70  tftpserver.o(i.tftp_send_data_packet)
    tftp_send_error_message                  0x08009d97   Thumb Code    40  tftpserver.o(i.tftp_send_error_message)
    tftp_send_message                        0x08009dbf   Thumb Code    68  tftpserver.o(i.tftp_send_message)
    tftp_send_next_block                     0x08009e05   Thumb Code    52  tftpserver.o(i.tftp_send_next_block)
    tftp_set_block                           0x08009e3d   Thumb Code    14  tftputils.o(i.tftp_set_block)
    tftp_set_data_message                    0x08009e4b   Thumb Code     6  tftputils.o(i.tftp_set_data_message)
    tftp_set_errorcode                       0x08009e51   Thumb Code     8  tftputils.o(i.tftp_set_errorcode)
    tftp_set_errormsg                        0x08009e59   Thumb Code     6  tftputils.o(i.tftp_set_errormsg)
    tftp_set_opcode                          0x08009e5f   Thumb Code     8  tftputils.o(i.tftp_set_opcode)
    tftpd_init                               0x08009e69   Thumb Code    42  tftpserver.o(i.tftpd_init)
    udp_bind                                 0x08009ea1   Thumb Code    86  udp.o(i.udp_bind)
    udp_client_callback                      0x08009efd   Thumb Code   112  client.o(i.udp_client_callback)
    udp_connect                              0x08009fa5   Thumb Code    72  udp.o(i.udp_connect)
    udp_disconnect                           0x08009ff1   Thumb Code    20  udp.o(i.udp_disconnect)
    udp_input                                0x0800a009   Thumb Code   354  udp.o(i.udp_input)
    udp_new                                  0x0800a171   Thumb Code    28  udp.o(i.udp_new)
    udp_recv                                 0x0800a18d   Thumb Code     6  udp.o(i.udp_recv)
    udp_remove                               0x0800a195   Thumb Code    40  udp.o(i.udp_remove)
    udp_send                                 0x0800a1c1   Thumb Code     8  udp.o(i.udp_send)
    udp_sendto                               0x0800a1c9   Thumb Code    40  udp.o(i.udp_sendto)
    udp_sendto_if                            0x0800a1f1   Thumb Code   178  udp.o(i.udp_sendto_if)
    udp_server_callback                      0x0800a2a5   Thumb Code   178  server.o(i.udp_server_callback)
    wrq_recv_callback                        0x0800a435   Thumb Code   172  tftpserver.o(i.wrq_recv_callback)
    COM_TX_PIN                               0x0801217c   Data           2  stm32_eval.o(.constdata)
    COM_RX_PIN                               0x0801217e   Data           2  stm32_eval.o(.constdata)
    COM_USART_CLK                            0x08012180   Data           4  stm32_eval.o(.constdata)
    COM_POR_CLK                              0x08012184   Data           4  stm32_eval.o(.constdata)
    BUTTON_PIN                               0x08012188   Data           6  stm32_eval.o(.constdata)
    BUTTON_EXTI_LINE                         0x0801218e   Data           6  stm32_eval.o(.constdata)
    BUTTON_PORT_SOURCE                       0x08012194   Data           6  stm32_eval.o(.constdata)
    BUTTON_PIN_SOURCE                        0x0801219a   Data           6  stm32_eval.o(.constdata)
    BUTTON_IRQn                              0x080121a0   Data           6  stm32_eval.o(.constdata)
    GPIO_PIN                                 0x080121a6   Data          16  stm32_eval.o(.constdata)
    GPIO_CLK                                 0x080121b8   Data          32  stm32_eval.o(.constdata)
    BUTTON_CLK                               0x080121d8   Data          12  stm32_eval.o(.constdata)
    ASCII_Table                              0x080121e4   Data        4560  stm3210c_eval_lcd.o(.constdata)
    tcp_persist_backoff                      0x080133b4   Data           7  tcp.o(.constdata)
    tcp_backoff                              0x080133bb   Data          13  tcp.o(.constdata)
    ip_addr_any                              0x080133ec   Data           4  ip_addr.o(.constdata)
    ip_addr_broadcast                        0x080133f0   Data           4  ip_addr.o(.constdata)
    ethbroadcast                             0x080133f4   Data           6  etharp.o(.constdata)
    ethzero                                  0x080133fa   Data           6  etharp.o(.constdata)
    Region$$Table$$Base                      0x080134e0   Number         0  anon$$obj.o(Region$$Table)
    Region$$Table$$Limit                     0x08013500   Number         0  anon$$obj.o(Region$$Table)
    LocalTime                                0x20000004   Data           4  main.o(.data)
    timingdelay                              0x20000008   Data           4  main.o(.data)
    LedToggle                                0x2000000c   Data           1  netconf.o(.data)
    Server                                   0x2000000d   Data           1  netconf.o(.data)
    TCPTimer                                 0x20000010   Data           4  netconf.o(.data)
    ARPTimer                                 0x20000014   Data           4  netconf.o(.data)
    DHCPfineTimer                            0x20000018   Data           4  netconf.o(.data)
    DHCPcoarseTimer                          0x2000001c   Data           4  netconf.o(.data)
    DisplayTimer                             0x20000024   Data           4  netconf.o(.data)
    data_STM32F107ADC_html                   0x20000028   Data        4601  httpd.o(.data)
    file_STM32F107ADC_html                   0x20001224   Data          16  httpd.o(.data)
    UDPpcb                                   0x20001234   Data           4  tftpserver.o(.data)
    tftp_errorcode_string                    0x20001238   Data          32  tftpserver.o(.data)
    DMATxDescToSet                           0x20001270   Data           4  stm32_eth.o(.data)
    DMARxDescToGet                           0x20001274   Data           4  stm32_eth.o(.data)
    DMAPTPTxDescToSet                        0x20001278   Data           4  stm32_eth.o(.data)
    DMAPTPRxDescToGet                        0x2000127c   Data           4  stm32_eth.o(.data)
    TimeOut                                  0x20001280   Data           4  stm3210c_eval_ioe.o(.data)
    TS_State                                 0x20001290   Data           8  stm3210c_eval_ioe.o(.data)
    COM_USART                                0x20001298   Data           4  stm32_eval.o(.data)
    COM_PORT                                 0x2000129c   Data           4  stm32_eval.o(.data)
    GPIO_PORT                                0x200012a0   Data          32  stm32_eval.o(.data)
    BUTTON_PORT                              0x200012c0   Data          12  stm32_eval.o(.data)
    MACaddr                                  0x200012d0   Data           6  ethernetif.o(.data)
    tcp_ticks                                0x200012e0   Data           4  tcp.o(.data)
    tcp_bound_pcbs                           0x200012e4   Data           4  tcp.o(.data)
    tcp_listen_pcbs                          0x200012e8   Data           4  tcp.o(.data)
    tcp_active_pcbs                          0x200012ec   Data           4  tcp.o(.data)
    tcp_tw_pcbs                              0x200012f0   Data           4  tcp.o(.data)
    tcp_tmp_pcb                              0x200012f4   Data           4  tcp.o(.data)
    tcp_input_pcb                            0x20001310   Data           4  tcp_in.o(.data)
    udp_pcbs                                 0x20001314   Data           4  udp.o(.data)
    netif_list                               0x20001330   Data           4  netif.o(.data)
    netif_default                            0x20001334   Data           4  netif.o(.data)
    netif                                    0x20001354   Data          52  netconf.o(.bss)
    efs1                                     0x20001388   Data         692  tftpserver.o(.bss)
    efs2                                     0x2000163c   Data         692  tftpserver.o(.bss)
    list1                                    0x200018f0   Data          52  tftpserver.o(.bss)
    list2                                    0x20001924   Data          52  tftpserver.o(.bss)
    file_SD                                  0x20001958   Data          80  tftpserver.o(.bss)
    file_CR                                  0x200019a8   Data          80  tftpserver.o(.bss)
    DMARxDscrTab                             0x200019f8   Data          64  ethernetif.o(.bss)
    DMATxDscrTab                             0x20001a38   Data          32  ethernetif.o(.bss)
    Rx_Buff                                  0x20001a58   Data        6080  ethernetif.o(.bss)
    Tx_Buff                                  0x20003218   Data        3040  ethernetif.o(.bss)
    __libspace_start                         0x2000db78   Data          96  libspace.o(.bss)
    __temporary_stack_top$libspace           0x2000dbd8   Data           0  libspace.o(.bss)



==============================================================================

Memory Map of the image

  Image Entry point : 0x08000151

  Load Region LR_IROM1 (Base: 0x08000000, Size: 0x00014854, Max: 0x00040000, ABSOLUTE, COMPRESSED[0x00013c38])

    Execution Region ER_IROM1 (Base: 0x08000000, Size: 0x00013500, Max: 0x00040000, ABSOLUTE)

    Base Addr    Size         Type   Attr      Idx    E Section Name        Object

    0x08000000   0x00000150   Data   RO         6035    RESET               startup_stm32f10x_cl.o
    0x08000150   0x00000008   Code   RO         6088  * !!!main             __main.o(c_w.l)
    0x08000158   0x00000034   Code   RO         6258    !!!scatter          __scatter.o(c_w.l)
    0x0800018c   0x00000064   Code   RO         6256    !!dclz77c           __dclz77c.o(c_w.l)
    0x080001f0   0x0000001c   Code   RO         6260    !!handler_zi        __scatter_zi.o(c_w.l)
    0x0800020c   0x00000000   Code   RO         6069    .ARM.Collect$$_printf_percent$$00000000  _printf_percent.o(c_w.l)
    0x0800020c   0x00000006   Code   RO         6068    .ARM.Collect$$_printf_percent$$00000009  _printf_d.o(c_w.l)
    0x08000212   0x00000004   Code   RO         6098    .ARM.Collect$$_printf_percent$$00000017  _printf_percent_end.o(c_w.l)
    0x08000216   0x00000006   Code   RO         6131    .ARM.Collect$$libinit$$00000000  libinit.o(c_w.l)
    0x0800021c   0x00000000   Code   RO         6139    .ARM.Collect$$libinit$$00000006  libinit2.o(c_w.l)
    0x0800021c   0x00000000   Code   RO         6141    .ARM.Collect$$libinit$$00000008  libinit2.o(c_w.l)
    0x0800021c   0x00000000   Code   RO         6143    .ARM.Collect$$libinit$$0000000A  libinit2.o(c_w.l)
    0x0800021c   0x00000000   Code   RO         6146    .ARM.Collect$$libinit$$0000000D  libinit2.o(c_w.l)
    0x0800021c   0x00000000   Code   RO         6148    .ARM.Collect$$libinit$$0000000F  libinit2.o(c_w.l)
    0x0800021c   0x00000000   Code   RO         6150    .ARM.Collect$$libinit$$00000011  libinit2.o(c_w.l)
    0x0800021c   0x00000000   Code   RO         6152    .ARM.Collect$$libinit$$00000013  libinit2.o(c_w.l)
    0x0800021c   0x00000000   Code   RO         6154    .ARM.Collect$$libinit$$00000015  libinit2.o(c_w.l)
    0x0800021c   0x00000000   Code   RO         6156    .ARM.Collect$$libinit$$00000017  libinit2.o(c_w.l)
    0x0800021c   0x00000000   Code   RO         6158    .ARM.Collect$$libinit$$00000019  libinit2.o(c_w.l)
    0x0800021c   0x00000000   Code   RO         6160    .ARM.Collect$$libinit$$0000001B  libinit2.o(c_w.l)
    0x0800021c   0x00000000   Code   RO         6162    .ARM.Collect$$libinit$$0000001D  libinit2.o(c_w.l)
    0x0800021c   0x00000000   Code   RO         6164    .ARM.Collect$$libinit$$0000001F  libinit2.o(c_w.l)
    0x0800021c   0x00000000   Code   RO         6166    .ARM.Collect$$libinit$$00000021  libinit2.o(c_w.l)
    0x0800021c   0x00000000   Code   RO         6170    .ARM.Collect$$libinit$$00000028  libinit2.o(c_w.l)
    0x0800021c   0x00000000   Code   RO         6172    .ARM.Collect$$libinit$$0000002A  libinit2.o(c_w.l)
    0x0800021c   0x00000000   Code   RO         6174    .ARM.Collect$$libinit$$0000002C  libinit2.o(c_w.l)
    0x0800021c   0x00000000   Code   RO         6176    .ARM.Collect$$libinit$$0000002E  libinit2.o(c_w.l)
    0x0800021c   0x00000002   Code   RO         6177    .ARM.Collect$$libinit$$0000002F  libinit2.o(c_w.l)
    0x0800021e   0x00000002   Code   RO         6198    .ARM.Collect$$libshutdown$$00000000  libshutdown.o(c_w.l)
    0x08000220   0x00000000   Code   RO         6211    .ARM.Collect$$libshutdown$$00000003  libshutdown2.o(c_w.l)
    0x08000220   0x00000000   Code   RO         6214    .ARM.Collect$$libshutdown$$00000006  libshutdown2.o(c_w.l)
    0x08000220   0x00000000   Code   RO         6217    .ARM.Collect$$libshutdown$$00000009  libshutdown2.o(c_w.l)
    0x08000220   0x00000000   Code   RO         6219    .ARM.Collect$$libshutdown$$0000000B  libshutdown2.o(c_w.l)
    0x08000220   0x00000000   Code   RO         6222    .ARM.Collect$$libshutdown$$0000000E  libshutdown2.o(c_w.l)
    0x08000220   0x00000002   Code   RO         6223    .ARM.Collect$$libshutdown$$0000000F  libshutdown2.o(c_w.l)
    0x08000222   0x00000000   Code   RO         6090    .ARM.Collect$$rtentry$$00000000  rtentry.o(c_w.l)
    0x08000222   0x00000000   Code   RO         6102    .ARM.Collect$$rtentry$$00000002  rtentry2.o(c_w.l)
    0x08000222   0x00000006   Code   RO         6117    .ARM.Collect$$rtentry$$00000004  rtentry4.o(c_w.l)
    0x08000228   0x00000000   Code   RO         6104    .ARM.Collect$$rtentry$$00000009  rtentry2.o(c_w.l)
    0x08000228   0x00000004   Code   RO         6105    .ARM.Collect$$rtentry$$0000000A  rtentry2.o(c_w.l)
    0x0800022c   0x00000000   Code   RO         6107    .ARM.Collect$$rtentry$$0000000C  rtentry2.o(c_w.l)
    0x0800022c   0x00000008   Code   RO         6108    .ARM.Collect$$rtentry$$0000000D  rtentry2.o(c_w.l)
    0x08000234   0x00000000   Code   RO         6135    .ARM.Collect$$rtexit$$00000000  rtexit.o(c_w.l)
    0x08000234   0x00000000   Code   RO         6181    .ARM.Collect$$rtexit$$00000002  rtexit2.o(c_w.l)
    0x08000234   0x00000004   Code   RO         6182    .ARM.Collect$$rtexit$$00000003  rtexit2.o(c_w.l)
    0x08000238   0x00000004   Code   RO         6183    .ARM.Collect$$rtexit$$00000004  rtexit2.o(c_w.l)
    0x0800023c   0x00000038   Code   RO         6036    .text               startup_stm32f10x_cl.o
    0x08000274   0x00000028   Code   RO         6044    .text               noretval__2sprintf.o(c_w.l)
    0x0800029c   0x0000006e   Code   RO         6046    .text               __printf.o(c_w.l)
    0x0800030a   0x00000002   PAD
    0x0800030c   0x00000070   Code   RO         6048    .text               _printf_dec.o(c_w.l)
    0x0800037c   0x0000004a   Code   RO         6070    .text               strcpy.o(c_w.l)
    0x080003c6   0x0000008c   Code   RO         6072    .text               strncmp.o(c_w.l)
    0x08000452   0x0000003e   Code   RO         6074    .text               strlen.o(c_w.l)
    0x08000490   0x0000008c   Code   RO         6076    .text               rt_memcpy_v6.o(c_w.l)
    0x0800051c   0x00000044   Code   RO         6078    .text               rt_memclr.o(c_w.l)
    0x08000560   0x00000064   Code   RO         6080    .text               rt_memcpy_w.o(c_w.l)
    0x080005c4   0x0000004e   Code   RO         6082    .text               rt_memclr_w.o(c_w.l)
    0x08000612   0x00000002   PAD
    0x08000614   0x00000080   Code   RO         6084    .text               strcmpv7m.o(c_w.l)
    0x08000694   0x00000006   Code   RO         6086    .text               heapauxi.o(c_w.l)
    0x0800069a   0x000000ae   Code   RO         6092    .text               _printf_intcommon.o(c_w.l)
    0x08000748   0x00000030   Code   RO         6094    .text               _printf_char_common.o(c_w.l)
    0x08000778   0x0000000a   Code   RO         6096    .text               _sputc.o(c_w.l)
    0x08000782   0x00000010   Code   RO         6099    .text               rtudiv10.o(c_w.l)
    0x08000792   0x0000004a   Code   RO         6121    .text               sys_stackheap_outer.o(c_w.l)
    0x080007dc   0x0000000c   Code   RO         6123    .text               exit.o(c_w.l)
    0x080007e8   0x00000008   Code   RO         6132    .text               libspace.o(c_w.l)
    0x080007f0   0x00000014   Code   RO         6190    .text               sys_exit.o(c_w.l)
    0x08000804   0x00000002   Code   RO         6201    .text               use_no_semi.o(c_w.l)
    0x08000806   0x00000014   Code   RO         1691    i.ADC_Cmd           stm32f10x_adc.o
    0x0800081a   0x00000002   PAD
    0x0800081c   0x0000004c   Code   RO          242    i.ADC_Configuration  stm32f107.o
    0x08000868   0x00000006   Code   RO         1700    i.ADC_GetConversionValue  stm32f10x_adc.o
    0x0800086e   0x00000002   PAD
    0x08000870   0x00000048   Code   RO         1709    i.ADC_Init          stm32f10x_adc.o
    0x080008b8   0x00000074   Code   RO         1713    i.ADC_RegularChannelConfig  stm32f10x_adc.o
    0x0800092c   0x00000014   Code   RO         1716    i.ADC_SoftwareStartConvCmd  stm32f10x_adc.o
    0x08000940   0x00000002   Code   RO            1    i.BusFault_Handler  stm32f10x_it.o
    0x08000942   0x00000002   Code   RO            2    i.DebugMon_Handler  stm32f10x_it.o
    0x08000944   0x00000014   Code   RO          146    i.Delay             main.o
    0x08000958   0x000002a4   Code   RO          286    i.Display_Periodic_Handle  netconf.o
    0x08000bfc   0x0000000c   Code   RO         2640    i.ETH_DMAClearITPendingBit  stm32_eth.o
    0x08000c08   0x00000018   Code   RO         2641    i.ETH_DMAITConfig   stm32_eth.o
    0x08000c20   0x0000001c   Code   RO         2644    i.ETH_DMAReceptionCmd  stm32_eth.o
    0x08000c3c   0x0000004c   Code   RO         2645    i.ETH_DMARxDescChainInit  stm32_eth.o
    0x08000c88   0x00000012   Code   RO         2647    i.ETH_DMARxDescReceiveITConfig  stm32_eth.o
    0x08000c9a   0x00000002   PAD
    0x08000c9c   0x0000001c   Code   RO         2650    i.ETH_DMATransmissionCmd  stm32_eth.o
    0x08000cb8   0x00000048   Code   RO         2653    i.ETH_DMATxDescChainInit  stm32_eth.o
    0x08000d00   0x00000008   Code   RO         2654    i.ETH_DMATxDescChecksumInsertionConfig  stm32_eth.o
    0x08000d08   0x00000018   Code   RO         2662    i.ETH_DeInit        stm32_eth.o
    0x08000d20   0x0000000a   Code   RO         2663    i.ETH_Delay         stm32_eth.o
    0x08000d2a   0x00000002   PAD
    0x08000d2c   0x00000010   Code   RO         2668    i.ETH_FlushTransmitFIFO  stm32_eth.o
    0x08000d3c   0x0000000c   Code   RO         3656    i.ETH_GetCurrentTxBuffer  ethernetif.o
    0x08000d48   0x00000008   Code   RO         2679    i.ETH_GetDMARxDescFrameLength  stm32_eth.o
    0x08000d50   0x00000024   Code   RO         2694    i.ETH_GetRxPktSize  stm32_eth.o
    0x08000d74   0x00000014   Code   RO         2695    i.ETH_GetSoftwareResetStatus  stm32_eth.o
    0x08000d88   0x00000022   Code   RO            3    i.ETH_IRQHandler    stm32f10x_it.o
    0x08000daa   0x00000002   PAD
    0x08000dac   0x00000200   Code   RO         2702    i.ETH_Init          stm32_eth.o
    0x08000fac   0x0000001c   Code   RO         2705    i.ETH_MACAddressConfig  stm32_eth.o
    0x08000fc8   0x0000001c   Code   RO         2710    i.ETH_MACReceptionCmd  stm32_eth.o
    0x08000fe4   0x0000001c   Code   RO         2711    i.ETH_MACTransmissionCmd  stm32_eth.o
    0x08001000   0x00000050   Code   RO         2722    i.ETH_ReadPHYRegister  stm32_eth.o
    0x08001050   0x0000005c   Code   RO         3657    i.ETH_RxPkt_ChainMode  ethernetif.o
    0x080010ac   0x00000010   Code   RO         2733    i.ETH_SoftwareReset  stm32_eth.o
    0x080010bc   0x00000022   Code   RO         2734    i.ETH_Start         stm32_eth.o
    0x080010de   0x0000007c   Code   RO         2735    i.ETH_StructInit    stm32_eth.o
    0x0800115a   0x00000002   PAD
    0x0800115c   0x0000003c   Code   RO         3658    i.ETH_TxPkt_ChainMode  ethernetif.o
    0x08001198   0x0000004c   Code   RO         2737    i.ETH_WritePHYRegister  stm32_eth.o
    0x080011e4   0x00000140   Code   RO            4    i.EXTI15_10_IRQHandler  stm32f10x_it.o
    0x08001324   0x0000000c   Code   RO         1452    i.EXTI_ClearITPendingBit  stm32f10x_exti.o
    0x08001330   0x0000001c   Code   RO         1456    i.EXTI_GetITStatus  stm32f10x_exti.o
    0x0800134c   0x00000074   Code   RO         1457    i.EXTI_Init         stm32f10x_exti.o
    0x080013c0   0x00000094   Code   RO          243    i.Ethernet_Configuration  stm32f107.o
    0x08001454   0x000000c8   Code   RO          244    i.GPIO_Configuration  stm32f107.o
    0x0800151c   0x0000000c   Code   RO          941    i.GPIO_ETH_MediaInterfaceConfig  stm32f10x_gpio.o
    0x08001528   0x00000028   Code   RO          942    i.GPIO_EXTILineConfig  stm32f10x_gpio.o
    0x08001550   0x0000009c   Code   RO          945    i.GPIO_Init         stm32f10x_gpio.o
    0x080015ec   0x00000048   Code   RO          947    i.GPIO_PinRemapConfig  stm32f10x_gpio.o
    0x08001634   0x0000000e   Code   RO          949    i.GPIO_ReadInputDataBit  stm32f10x_gpio.o
    0x08001642   0x00000004   Code   RO          952    i.GPIO_ResetBits    stm32f10x_gpio.o
    0x08001646   0x00000004   Code   RO          953    i.GPIO_SetBits      stm32f10x_gpio.o
    0x0800164a   0x0000000a   Code   RO          956    i.GPIO_WriteBit     stm32f10x_gpio.o
    0x08001654   0x00000002   Code   RO            5    i.HardFault_Handler  stm32f10x_it.o
    0x08001656   0x00000002   PAD
    0x08001658   0x00000058   Code   RO          358    i.HelloWorld_accept  helloworld.o
    0x080016b0   0x00000004   Code   RO          359    i.HelloWorld_conn_err  helloworld.o
    0x080016b4   0x0000002c   Code   RO          360    i.HelloWorld_init   helloworld.o
    0x080016e0   0x000000f0   Code   RO          361    i.HelloWorld_recv   helloworld.o
    0x080017d0   0x00000014   Code   RO         2441    i.I2C_AcknowledgeConfig  stm32f10x_i2c.o
    0x080017e4   0x00000018   Code   RO         2443    i.I2C_CheckEvent    stm32f10x_i2c.o
    0x080017fc   0x00000014   Code   RO         2446    i.I2C_Cmd           stm32f10x_i2c.o
    0x08001810   0x00000014   Code   RO         2453    i.I2C_GenerateSTART  stm32f10x_i2c.o
    0x08001824   0x00000014   Code   RO         2454    i.I2C_GenerateSTOP  stm32f10x_i2c.o
    0x08001838   0x000000b8   Code   RO         2460    i.I2C_Init          stm32f10x_i2c.o
    0x080018f0   0x00000148   Code   RO         3241    i.I2C_ReadDataBuffer  stm3210c_eval_ioe.o
    0x08001a38   0x0000012c   Code   RO         3242    i.I2C_ReadDeviceRegister  stm3210c_eval_ioe.o
    0x08001b64   0x00000006   Code   RO         2464    i.I2C_ReceiveData   stm32f10x_i2c.o
    0x08001b6a   0x00000010   Code   RO         2466    i.I2C_Send7bitAddress  stm32f10x_i2c.o
    0x08001b7a   0x00000004   Code   RO         2467    i.I2C_SendData      stm32f10x_i2c.o
    0x08001b7e   0x00000014   Code   RO         2468    i.I2C_SoftwareResetCmd  stm32f10x_i2c.o
    0x08001b92   0x00000002   PAD
    0x08001b94   0x000000dc   Code   RO         3243    i.I2C_WriteDeviceRegister  stm3210c_eval_ioe.o
    0x08001c70   0x0000000e   Code   RO         3244    i.IOE_ClearGITPending  stm3210c_eval_ioe.o
    0x08001c7e   0x00000002   PAD
    0x08001c80   0x00000130   Code   RO         3246    i.IOE_Config        stm3210c_eval_ioe.o
    0x08001db0   0x00000024   Code   RO         3247    i.IOE_FnctCmd       stm3210c_eval_ioe.o
    0x08001dd4   0x00000020   Code   RO         3248    i.IOE_GITCmd        stm3210c_eval_ioe.o
    0x08001df4   0x00000024   Code   RO         3249    i.IOE_GITConfig     stm3210c_eval_ioe.o
    0x08001e18   0x00000012   Code   RO         3250    i.IOE_GetGITStatus  stm3210c_eval_ioe.o
    0x08001e2a   0x00000002   PAD
    0x08001e2c   0x00000038   Code   RO         3252    i.IOE_I2C_Config    stm3210c_eval_ioe.o
    0x08001e64   0x00000024   Code   RO         3253    i.IOE_IOAFConfig    stm3210c_eval_ioe.o
    0x08001e88   0x00000046   Code   RO         3254    i.IOE_IOEdgeConfig  stm3210c_eval_ioe.o
    0x08001ece   0x00000024   Code   RO         3255    i.IOE_IOITConfig    stm3210c_eval_ioe.o
    0x08001ef2   0x00000024   Code   RO         3256    i.IOE_IOPinConfig   stm3210c_eval_ioe.o
    0x08001f16   0x00000002   PAD
    0x08001f18   0x00000104   Code   RO         3257    i.IOE_ITConfig      stm3210c_eval_ioe.o
    0x0800201c   0x0000003c   Code   RO         3258    i.IOE_ITOutConfig   stm3210c_eval_ioe.o
    0x08002058   0x00000024   Code   RO         3259    i.IOE_IsOperational  stm3210c_eval_ioe.o
    0x0800207c   0x00000018   Code   RO         3261    i.IOE_ReadID        stm3210c_eval_ioe.o
    0x08002094   0x00000020   Code   RO         3263    i.IOE_Reset         stm3210c_eval_ioe.o
    0x080020b4   0x000000bc   Code   RO         3264    i.IOE_TS_Config     stm3210c_eval_ioe.o
    0x08002170   0x000000ac   Code   RO         3265    i.IOE_TS_GetState   stm3210c_eval_ioe.o
    0x0800221c   0x0000002e   Code   RO         3266    i.IOE_TempSens_Config  stm3210c_eval_ioe.o
    0x0800224a   0x0000002a   Code   RO         3268    i.IOE_WriteIOPin    stm3210c_eval_ioe.o
    0x08002274   0x00000038   Code   RO         3469    i.LCD_Clear         stm3210c_eval_lcd.o
    0x080022ac   0x00000048   Code   RO         3471    i.LCD_CtrlLinesConfig  stm3210c_eval_lcd.o
    0x080022f4   0x00000018   Code   RO         3473    i.LCD_DisplayChar   stm3210c_eval_lcd.o
    0x0800230c   0x0000003c   Code   RO         3476    i.LCD_DisplayStringLine  stm3210c_eval_lcd.o
    0x08002348   0x00000068   Code   RO         3477    i.LCD_DrawChar      stm3210c_eval_lcd.o
    0x080023b0   0x00000060   Code   RO         3479    i.LCD_DrawLine      stm3210c_eval_lcd.o
    0x08002410   0x00000042   Code   RO         3481    i.LCD_DrawRect      stm3210c_eval_lcd.o
    0x08002452   0x00000002   PAD
    0x08002454   0x0000008c   Code   RO         3484    i.LCD_SPIConfig     stm3210c_eval_lcd.o
    0x080024e0   0x0000000c   Code   RO         3485    i.LCD_SetBackColor  stm3210c_eval_lcd.o
    0x080024ec   0x00000018   Code   RO         3486    i.LCD_SetCursor     stm3210c_eval_lcd.o
    0x08002504   0x0000000c   Code   RO         3488    i.LCD_SetTextColor  stm3210c_eval_lcd.o
    0x08002510   0x00000214   Code   RO         3489    i.LCD_Setup         stm3210c_eval_lcd.o
    0x08002724   0x00000034   Code   RO         3491    i.LCD_WriteRAM      stm3210c_eval_lcd.o
    0x08002758   0x00000020   Code   RO         3492    i.LCD_WriteRAMWord  stm3210c_eval_lcd.o
    0x08002778   0x00000012   Code   RO         3493    i.LCD_WriteRAM_Prepare  stm3210c_eval_lcd.o
    0x0800278a   0x00000002   PAD
    0x0800278c   0x00000050   Code   RO         3494    i.LCD_WriteReg      stm3210c_eval_lcd.o
    0x080027dc   0x0000004c   Code   RO         3495    i.LCD_WriteRegIndex  stm3210c_eval_lcd.o
    0x08002828   0x00000030   Code   RO         3496    i.LCD_nCS_StartByte  stm3210c_eval_lcd.o
    0x08002858   0x00000158   Code   RO          287    i.LwIP_Init         netconf.o
    0x080029b0   0x00000054   Code   RO          288    i.LwIP_Periodic_Handle  netconf.o
    0x08002a04   0x0000000c   Code   RO          289    i.LwIP_Pkt_Handle   netconf.o
    0x08002a10   0x00000002   Code   RO            6    i.MemManage_Handler  stm32f10x_it.o
    0x08002a12   0x00000002   Code   RO            7    i.NMI_Handler       stm32f10x_it.o
    0x08002a14   0x00000034   Code   RO          245    i.NVIC_Configuration  stm32f107.o
    0x08002a48   0x0000005c   Code   RO         1649    i.NVIC_Init         misc.o
    0x08002aa4   0x00000014   Code   RO         1650    i.NVIC_PriorityGroupConfig  misc.o
    0x08002ab8   0x00000020   Code   RO          246    i.NVIC_SetPriority  stm32f107.o
    0x08002ad8   0x00000014   Code   RO         1651    i.NVIC_SetVectorTable  misc.o
    0x08002aec   0x00000002   Code   RO            8    i.PendSV_Handler    stm32f10x_it.o
    0x08002aee   0x00000002   PAD
    0x08002af0   0x00000018   Code   RO         1054    i.RCC_AHBPeriphClockCmd  stm32f10x_rcc.o
    0x08002b08   0x00000018   Code   RO         1055    i.RCC_AHBPeriphResetCmd  stm32f10x_rcc.o
    0x08002b20   0x00000018   Code   RO         1056    i.RCC_APB1PeriphClockCmd  stm32f10x_rcc.o
    0x08002b38   0x00000018   Code   RO         1057    i.RCC_APB1PeriphResetCmd  stm32f10x_rcc.o
    0x08002b50   0x00000018   Code   RO         1058    i.RCC_APB2PeriphClockCmd  stm32f10x_rcc.o
    0x08002b68   0x00000018   Code   RO         1059    i.RCC_APB2PeriphResetCmd  stm32f10x_rcc.o
    0x08002b80   0x000000cc   Code   RO         1066    i.RCC_GetClocksFreq  stm32f10x_rcc.o
    0x08002c4c   0x00000030   Code   RO         1067    i.RCC_GetFlagStatus  stm32f10x_rcc.o
    0x08002c7c   0x0000000c   Code   RO         1078    i.RCC_MCOConfig     stm32f10x_rcc.o
    0x08002c88   0x0000000c   Code   RO         1084    i.RCC_PLL3Cmd       stm32f10x_rcc.o
    0x08002c94   0x00000014   Code   RO         1085    i.RCC_PLL3Config    stm32f10x_rcc.o
    0x08002ca8   0x00000014   Code   RO         1312    i.SPI_Cmd           stm32f10x_spi.o
    0x08002cbc   0x00000098   Code   RO         5945    i.SPI_Config        sd_stm32.o
    0x08002d54   0x00000054   Code   RO         1319    i.SPI_I2S_DeInit    stm32f10x_spi.o
    0x08002da8   0x0000000e   Code   RO         1320    i.SPI_I2S_GetFlagStatus  stm32f10x_spi.o
    0x08002db6   0x00000004   Code   RO         1323    i.SPI_I2S_ReceiveData  stm32f10x_spi.o
    0x08002dba   0x00000004   Code   RO         1324    i.SPI_I2S_SendData  stm32f10x_spi.o
    0x08002dbe   0x00000038   Code   RO         1325    i.SPI_Init          stm32f10x_spi.o
    0x08002df6   0x00000004   Code   RO         3497    i.STM3210C_LCD_Init  stm3210c_eval_lcd.o
    0x08002dfa   0x00000002   PAD
    0x08002dfc   0x00000040   Code   RO         3418    i.STM_EVAL_LEDInit  stm32_eval.o
    0x08002e3c   0x00000018   Code   RO         3419    i.STM_EVAL_LEDOff   stm32_eval.o
    0x08002e54   0x00000018   Code   RO         3420    i.STM_EVAL_LEDOn    stm32_eval.o
    0x08002e6c   0x0000001c   Code   RO         3421    i.STM_EVAL_LEDToggle  stm32_eval.o
    0x08002e88   0x00000018   Code   RO         3422    i.STM_EVAL_PBGetState  stm32_eval.o
    0x08002ea0   0x000000a4   Code   RO         3423    i.STM_EVAL_PBInit   stm32_eval.o
    0x08002f44   0x00000002   Code   RO            9    i.SVC_Handler       stm32f10x_it.o
    0x08002f46   0x00000002   PAD
    0x08002f48   0x000000bc   Code   RO         5995    i.SetSysClockTo72   system_stm32f10x.o
    0x08003004   0x00000028   Code   RO         3659    i.Set_MAC_Address   ethernetif.o
    0x0800302c   0x00000004   Code   RO           10    i.SysTick_Handler   stm32f10x_it.o
    0x08003030   0x0000004c   Code   RO         5996    i.SystemInit        system_stm32f10x.o
    0x0800307c   0x00000018   Code   RO          147    i.System_Periodic_Handle  main.o
    0x08003094   0x00000174   Code   RO          247    i.System_Setup      stm32f107.o
    0x08003208   0x00000010   Code   RO          148    i.Time_Update       main.o
    0x08003218   0x00000002   Code   RO           11    i.UsageFault_Handler  stm32f10x_it.o
    0x0800321a   0x00000002   PAD
    0x0800321c   0x00000054   Code   RO          706    i.client_init       client.o
    0x08003270   0x0000002c   Code   RO          388    i.close_conn        httpd.o
    0x0800329c   0x00000004   Code   RO          389    i.conn_err          httpd.o
    0x080032a0   0x00000014   Code   RO         3269    i.delay             stm3210c_eval_ioe.o
    0x080032b4   0x00000014   Code   RO         3498    i.delay             stm3210c_eval_lcd.o
    0x080032c8   0x0000001e   Code   RO         4152    i.dhcp_arp_reply    dhcp.o
    0x080032e6   0x00000002   PAD
    0x080032e8   0x000000d4   Code   RO         4153    i.dhcp_bind         dhcp.o
    0x080033bc   0x00000026   Code   RO         4154    i.dhcp_check        dhcp.o
    0x080033e2   0x00000002   PAD
    0x080033e4   0x0000005c   Code   RO         4155    i.dhcp_coarse_tmr   dhcp.o
    0x08003440   0x000000fc   Code   RO         4156    i.dhcp_create_request  dhcp.o
    0x0800353c   0x00000088   Code   RO         4157    i.dhcp_decline      dhcp.o
    0x080035c4   0x0000001c   Code   RO         4158    i.dhcp_delete_request  dhcp.o
    0x080035e0   0x000000d0   Code   RO         4159    i.dhcp_discover     dhcp.o
    0x080036b0   0x00000034   Code   RO         4160    i.dhcp_fine_tmr     dhcp.o
    0x080036e4   0x00000020   Code   RO         4161    i.dhcp_free_reply   dhcp.o
    0x08003704   0x00000016   Code   RO         4162    i.dhcp_get_option_long  dhcp.o
    0x0800371a   0x00000080   Code   RO         4163    i.dhcp_get_option_ptr  dhcp.o
    0x0800379a   0x000000dc   Code   RO         4164    i.dhcp_handle_ack   dhcp.o
    0x08003876   0x00000020   Code   RO         4166    i.dhcp_option       dhcp.o
    0x08003896   0x00000010   Code   RO         4167    i.dhcp_option_byte  dhcp.o
    0x080038a6   0x00000042   Code   RO         4168    i.dhcp_option_long  dhcp.o
    0x080038e8   0x00000022   Code   RO         4169    i.dhcp_option_short  dhcp.o
    0x0800390a   0x00000030   Code   RO         4170    i.dhcp_option_trailer  dhcp.o
    0x0800393a   0x00000002   PAD
    0x0800393c   0x000000a0   Code   RO         4171    i.dhcp_rebind       dhcp.o
    0x080039dc   0x00000120   Code   RO         4172    i.dhcp_recv         dhcp.o
    0x08003afc   0x000000c0   Code   RO         4173    i.dhcp_release      dhcp.o
    0x08003bbc   0x0000009c   Code   RO         4174    i.dhcp_renew        dhcp.o
    0x08003c58   0x000000fc   Code   RO         4175    i.dhcp_select       dhcp.o
    0x08003d54   0x0000000e   Code   RO         4176    i.dhcp_set_state    dhcp.o
    0x08003d62   0x00000002   PAD
    0x08003d64   0x000000a4   Code   RO         4177    i.dhcp_start        dhcp.o
    0x08003e08   0x0000003e   Code   RO         4178    i.dhcp_stop         dhcp.o
    0x08003e46   0x00000076   Code   RO         4179    i.dhcp_timeout      dhcp.o
    0x08003ebc   0x00000070   Code   RO         4180    i.dhcp_unfold_reply  dhcp.o
    0x08003f2c   0x00000066   Code   RO         4974    i.dir_addCluster    dir.o
    0x08003f92   0x00000026   Code   RO         4975    i.dir_createDefaultEntry  dir.o
    0x08003fb8   0x00000030   Code   RO         4976    i.dir_createDirectoryEntry  dir.o
    0x08003fe8   0x00000058   Code   RO         4977    i.dir_findFileinBuf  dir.o
    0x08004040   0x00000040   Code   RO         4978    i.dir_findFreeEntryinBuf  dir.o
    0x08004080   0x00000022   Code   RO         4979    i.dir_findinBuf     dir.o
    0x080040a2   0x0000006e   Code   RO         4980    i.dir_findinCluster  dir.o
    0x08004110   0x0000005c   Code   RO         4981    i.dir_findinDir     dir.o
    0x0800416c   0x00000070   Code   RO         4982    i.dir_findinRootArea  dir.o
    0x080041dc   0x00000046   Code   RO         4983    i.dir_getFatFileName  dir.o
    0x08004222   0x00000030   Code   RO         4984    i.dir_getFileStructure  dir.o
    0x08004252   0x00000028   Code   RO         4985    i.dir_setFileSize   dir.o
    0x0800427a   0x00000032   Code   RO         4986    i.dir_setFirstCluster  dir.o
    0x080042ac   0x00000032   Code   RO         4987    i.dir_updateDirectoryEntry  dir.o
    0x080042de   0x0000000a   Code   RO         5070    i.disc_initDisc     disc.o
    0x080042e8   0x0000003c   Code   RO         5071    i.disc_loadMBR      disc.o
    0x08004324   0x00000068   Code   RO         5091    i.efs_init          efs.o
    0x0800438c   0x000000f8   Code   RO         4888    i.etharp_arp_input  etharp.o
    0x08004484   0x00000028   Code   RO         4890    i.etharp_ip_input   etharp.o
    0x080044ac   0x000000b8   Code   RO         4891    i.etharp_output     etharp.o
    0x08004564   0x0000010c   Code   RO         4892    i.etharp_query      etharp.o
    0x08004670   0x000000aa   Code   RO         4893    i.etharp_raw        etharp.o
    0x0800471a   0x00000002   PAD
    0x0800471c   0x00000028   Code   RO         4894    i.etharp_request    etharp.o
    0x08004744   0x00000036   Code   RO         4895    i.etharp_send_ip    etharp.o
    0x0800477a   0x00000002   PAD
    0x0800477c   0x00000050   Code   RO         4896    i.etharp_tmr        etharp.o
    0x080047cc   0x00000054   Code   RO         4897    i.ethernet_input    etharp.o
    0x08004820   0x00000040   Code   RO         3660    i.ethernetif_init   ethernetif.o
    0x08004860   0x00000074   Code   RO         3661    i.ethernetif_input  ethernetif.o
    0x080048d4   0x0000003c   Code   RO         5106    i.ex_getPartitionField  extract.o
    0x08004910   0x0000000e   Code   RO         5107    i.ex_getb16         extract.o
    0x0800491e   0x00000018   Code   RO         5108    i.ex_getb32         extract.o
    0x08004936   0x00000038   Code   RO         5148    i.fat_DiscToLogicCluster  fat.o
    0x0800496e   0x00000052   Code   RO         5149    i.fat_LogicToDiscCluster  fat.o
    0x080049c0   0x00000122   Code   RO         5150    i.fat_allocClusterChain  fat.o
    0x08004ae2   0x00000032   Code   RO         5151    i.fat_countClustersInChain  fat.o
    0x08004b14   0x0000009e   Code   RO         5153    i.fat_getNextClusterAddress  fat.o
    0x08004bb2   0x0000007a   Code   RO         5154    i.fat_getNextClusterAddressWBuf  fat.o
    0x08004c2c   0x0000009a   Code   RO         5155    i.fat_getNextClusterChain  fat.o
    0x08004cc6   0x0000002e   Code   RO         5156    i.fat_getSectorAddressFatEntry  fat.o
    0x08004cf4   0x00000026   Code   RO         5157    i.fat_giveEocMarker  fat.o
    0x08004d1a   0x00000002   PAD
    0x08004d1c   0x00000034   Code   RO         5158    i.fat_isEocMarker   fat.o
    0x08004d50   0x000000e8   Code   RO         5159    i.fat_setNextClusterAddress  fat.o
    0x08004e38   0x000000c2   Code   RO         5160    i.fat_setNextClusterAddressWBuf  fat.o
    0x08004efa   0x00000062   Code   RO         5240    i.file_fclose       file.o
    0x08004f5c   0x000001ee   Code   RO         5241    i.file_fopen        file.o
    0x0800514a   0x000000c6   Code   RO         5242    i.file_fread        file.o
    0x08005210   0x00000108   Code   RO         5243    i.file_fwrite       file.o
    0x08005318   0x00000028   Code   RO         5245    i.file_initFile     file.o
    0x08005340   0x00000088   Code   RO         5246    i.file_normalToFatName  file.o
    0x080053c8   0x0000001a   Code   RO         5247    i.file_read         file.o
    0x080053e2   0x00000052   Code   RO         5248    i.file_requiredCluster  file.o
    0x08005434   0x00000016   Code   RO         5249    i.file_setAttr      file.o
    0x0800544a   0x00000012   Code   RO         5250    i.file_setpos       file.o
    0x0800545c   0x0000003e   Code   RO         5251    i.file_validateChar  file.o
    0x0800549a   0x0000001a   Code   RO         5252    i.file_write        file.o
    0x080054b4   0x00000128   Code   RO         4898    i.find_entry        etharp.o
    0x080055dc   0x0000001e   Code   RO         4899    i.free_etharp_q     etharp.o
    0x080055fa   0x00000042   Code   RO         5322    i.fs_clearCluster   fs.o
    0x0800563c   0x00000024   Code   RO         5323    i.fs_clusterToSector  fs.o
    0x08005660   0x0000004c   Code   RO         5324    i.fs_countDataSectors  fs.o
    0x080056ac   0x0000002a   Code   RO         5325    i.fs_determineFatType  fs.o
    0x080056d6   0x000000b6   Code   RO         5326    i.fs_findFile       fs.o
    0x0800578c   0x00000028   Code   RO         5327    i.fs_findFirstSectorRootDir  fs.o
    0x080057b4   0x0000005a   Code   RO         5328    i.fs_findFreeFile   fs.o
    0x0800580e   0x0000000a   Code   RO         5329    i.fs_flushFs        fs.o
    0x08005818   0x00000010   Code   RO         5330    i.fs_getFirstClusterRootDir  fs.o
    0x08005828   0x00000038   Code   RO         5332    i.fs_getLastCluster  fs.o
    0x08005860   0x00000024   Code   RO         5333    i.fs_getNextFreeCluster  fs.o
    0x08005884   0x00000004   Code   RO         5334    i.fs_giveFreeClusterHint  fs.o
    0x08005888   0x00000004   Code   RO         5824    i.fs_hasTimeSupport  time.o
    0x0800588c   0x00000010   Code   RO         5335    i.fs_initClusterChain  fs.o
    0x0800589c   0x0000004a   Code   RO         5337    i.fs_initFs         fs.o
    0x080058e6   0x0000002e   Code   RO         5338    i.fs_isValidFat     fs.o
    0x08005914   0x00000074   Code   RO         5339    i.fs_loadVolumeId   fs.o
    0x08005988   0x00000030   Code   RO          390    i.fs_open           httpd.o
    0x080059b8   0x00000008   Code   RO         5341    i.fs_setFirstClusterInDirEntry  fs.o
    0x080059c0   0x00000004   Code   RO         5343    i.fs_umount         fs.o
    0x080059c4   0x00000086   Code   RO         5344    i.fs_verifySanity   fs.o
    0x08005a4a   0x00000004   Code   RO         4690    i.htonl             inet.o
    0x08005a4e   0x00000004   Code   RO         4691    i.htons             inet.o
    0x08005a52   0x00000002   PAD
    0x08005a54   0x0000004c   Code   RO          391    i.http_accept       httpd.o
    0x08005aa0   0x00000018   Code   RO          392    i.http_poll         httpd.o
    0x08005ab8   0x00000238   Code   RO          393    i.http_recv         httpd.o
    0x08005cf0   0x0000001a   Code   RO          394    i.http_sent         httpd.o
    0x08005d0a   0x00000002   PAD
    0x08005d0c   0x0000002c   Code   RO          395    i.httpd_init        httpd.o
    0x08005d38   0x00000008   Code   RO         4655    i.icmp_dest_unreach  icmp.o
    0x08005d40   0x00000114   Code   RO         4656    i.icmp_input        icmp.o
    0x08005e54   0x00000066   Code   RO         4657    i.icmp_send_response  icmp.o
    0x08005eba   0x00000008   Code   RO         4658    i.icmp_time_exceeded  icmp.o
    0x08005ec2   0x00000044   Code   RO         5946    i.if_initInterface  sd_stm32.o
    0x08005f06   0x00000008   Code   RO         5947    i.if_readBuf        sd_stm32.o
    0x08005f0e   0x00000002   PAD
    0x08005f10   0x00000040   Code   RO         5949    i.if_spiInit        sd_stm32.o
    0x08005f50   0x00000040   Code   RO         5950    i.if_spiSend        sd_stm32.o
    0x08005f90   0x00000004   Code   RO         5951    i.if_writeBuf       sd_stm32.o
    0x08005f94   0x0000000c   Code   RO         4738    i.inet_chksum       inet_chksum.o
    0x08005fa0   0x00000048   Code   RO         4739    i.inet_chksum_pbuf  inet_chksum.o
    0x08005fe8   0x0000001a   Code   RO         5462    i.ioman_decUseCnt   ioman.o
    0x08006002   0x00000062   Code   RO         5463    i.ioman_directSectorRead  ioman.o
    0x08006064   0x00000094   Code   RO         5464    i.ioman_directSectorWrite  ioman.o
    0x080060f8   0x00000028   Code   RO         5465    i.ioman_findFreeSpot  ioman.o
    0x08006120   0x0000006e   Code   RO         5466    i.ioman_findOverallocableSpot  ioman.o
    0x0800618e   0x00000034   Code   RO         5467    i.ioman_findSectorInCache  ioman.o
    0x080061c2   0x0000007e   Code   RO         5468    i.ioman_findUnusedSpot  ioman.o
    0x08006240   0x00000064   Code   RO         5470    i.ioman_flushRange  ioman.o
    0x080062a4   0x00000058   Code   RO         5471    i.ioman_flushSector  ioman.o
    0x080062fc   0x0000001a   Code   RO         5472    i.ioman_getAttr     ioman.o
    0x08006316   0x00000028   Code   RO         5473    i.ioman_getBp       ioman.o
    0x0800633e   0x00000016   Code   RO         5475    i.ioman_getPtr      ioman.o
    0x08006354   0x00000014   Code   RO         5476    i.ioman_getRefCnt   ioman.o
    0x08006368   0x00000102   Code   RO         5477    i.ioman_getSector   ioman.o
    0x0800646a   0x00000014   Code   RO         5478    i.ioman_getUseCnt   ioman.o
    0x0800647e   0x0000001a   Code   RO         5479    i.ioman_incRefCnt   ioman.o
    0x08006498   0x0000001a   Code   RO         5480    i.ioman_incUseCnt   ioman.o
    0x080064b2   0x00000018   Code   RO         5481    i.ioman_init        ioman.o
    0x080064ca   0x00000046   Code   RO         5482    i.ioman_pop         ioman.o
    0x08006510   0x00000046   Code   RO         5484    i.ioman_push        ioman.o
    0x08006556   0x00000046   Code   RO         5485    i.ioman_putSectorInCache  ioman.o
    0x0800659c   0x0000001e   Code   RO         5486    i.ioman_readSector  ioman.o
    0x080065ba   0x00000050   Code   RO         5487    i.ioman_releaseSector  ioman.o
    0x0800660a   0x0000005e   Code   RO         5488    i.ioman_reset       ioman.o
    0x08006668   0x0000001e   Code   RO         5489    i.ioman_resetCacheItem  ioman.o
    0x08006686   0x00000022   Code   RO         5492    i.ioman_setAttr     ioman.o
    0x080066a8   0x00000022   Code   RO         5493    i.ioman_writeSector  ioman.o
    0x080066ca   0x00000030   Code   RO         4818    i.ip_addr_isbroadcast  ip_addr.o
    0x080066fa   0x00000002   PAD
    0x080066fc   0x00000130   Code   RO         4841    i.ip_frag           ip_frag.o
    0x0800682c   0x0000018c   Code   RO         4776    i.ip_input          ip.o
    0x080069b8   0x00000034   Code   RO         4777    i.ip_output         ip.o
    0x080069ec   0x000000c8   Code   RO         4778    i.ip_output_if      ip.o
    0x08006ab4   0x000001b4   Code   RO         4842    i.ip_reass          ip_frag.o
    0x08006c68   0x000000f4   Code   RO         4843    i.ip_reass_chain_frag_into_datagram_and_validate  ip_frag.o
    0x08006d5c   0x00000020   Code   RO         4844    i.ip_reass_dequeue_datagram  ip_frag.o
    0x08006d7c   0x00000070   Code   RO         4845    i.ip_reass_free_complete_datagram  ip_frag.o
    0x08006dec   0x00000068   Code   RO         4846    i.ip_reass_remove_oldest_datagram  ip_frag.o
    0x08006e54   0x00000048   Code   RO         4779    i.ip_route          ip.o
    0x08006e9c   0x00000088   Code   RO         3662    i.low_level_init    ethernetif.o
    0x08006f24   0x0000002c   Code   RO         3663    i.low_level_output  ethernetif.o
    0x08006f50   0x00000040   Code   RO         5662    i.ls_openDir        ls.o
    0x08006f90   0x0000003c   Code   RO         4741    i.lwip_standard_chksum  inet_chksum.o
    0x08006fcc   0x0000001c   Code   RO          149    i.main              main.o
    0x08006fe8   0x00000012   Code   RO         5788    i.memClr            plibc.o
    0x08006ffa   0x00000018   Code   RO         5789    i.memCpy            plibc.o
    0x08007012   0x0000001c   Code   RO         4348    i.mem_calloc        mem.o
    0x0800702e   0x00000002   PAD
    0x08007030   0x0000002c   Code   RO         4349    i.mem_free          mem.o
    0x0800705c   0x00000034   Code   RO         4350    i.mem_init          mem.o
    0x08007090   0x000000ac   Code   RO         4351    i.mem_malloc        mem.o
    0x0800713c   0x000000c0   Code   RO         4352    i.mem_realloc       mem.o
    0x080071fc   0x00000018   Code   RO         4392    i.memp_free         memp.o
    0x08007214   0x00000058   Code   RO         4393    i.memp_init         memp.o
    0x0800726c   0x00000020   Code   RO         4394    i.memp_malloc       memp.o
    0x0800728c   0x0000004c   Code   RO         4434    i.netif_add         netif.o
    0x080072d8   0x0000000a   Code   RO         4436    i.netif_is_up       netif.o
    0x080072e2   0x00000020   Code   RO         4438    i.netif_set_addr    netif.o
    0x08007302   0x00000002   PAD
    0x08007304   0x0000000c   Code   RO         4439    i.netif_set_default  netif.o
    0x08007310   0x00000012   Code   RO         4440    i.netif_set_down    netif.o
    0x08007322   0x00000008   Code   RO         4441    i.netif_set_gw      netif.o
    0x0800732a   0x00000002   PAD
    0x0800732c   0x00000064   Code   RO         4442    i.netif_set_ipaddr  netif.o
    0x08007390   0x00000008   Code   RO         4443    i.netif_set_netmask  netif.o
    0x08007398   0x0000001e   Code   RO         4444    i.netif_set_up      netif.o
    0x080073b6   0x00000004   Code   RO         4695    i.ntohl             inet.o
    0x080073ba   0x00000004   Code   RO         4696    i.ntohs             inet.o
    0x080073be   0x0000001c   Code   RO         5720    i.part_directSectorRead  partition.o
    0x080073da   0x0000001c   Code   RO         5721    i.part_directSectorWrite  partition.o
    0x080073f6   0x00000028   Code   RO         5722    i.part_flushPart    partition.o
    0x0800741e   0x00000012   Code   RO         5723    i.part_getRealLBA   partition.o
    0x08007430   0x0000001c   Code   RO         5724    i.part_getSect      partition.o
    0x0800744c   0x00000028   Code   RO         5725    i.part_initPartition  partition.o
    0x08007474   0x00000020   Code   RO         5726    i.part_isFatPart    partition.o
    0x08007494   0x00000008   Code   RO         5728    i.part_relSect      partition.o
    0x0800749c   0x00000116   Code   RO         4509    i.pbuf_alloc        pbuf.o
    0x080075b2   0x00000028   Code   RO         4510    i.pbuf_cat          pbuf.o
    0x080075da   0x00000012   Code   RO         4511    i.pbuf_chain        pbuf.o
    0x080075ec   0x00000012   Code   RO         4512    i.pbuf_clen         pbuf.o
    0x080075fe   0x00000090   Code   RO         4514    i.pbuf_copy         pbuf.o
    0x0800768e   0x00000066   Code   RO         4515    i.pbuf_copy_partial  pbuf.o
    0x080076f4   0x00000046   Code   RO         4517    i.pbuf_free         pbuf.o
    0x0800773a   0x0000005e   Code   RO         4518    i.pbuf_header       pbuf.o
    0x08007798   0x00000054   Code   RO         4519    i.pbuf_realloc      pbuf.o
    0x080077ec   0x0000000c   Code   RO         4520    i.pbuf_ref          pbuf.o
    0x080077f8   0x00000058   Code   RO         4353    i.plug_holes        mem.o
    0x08007850   0x000000c4   Code   RO          461    i.process_tftp_request  tftpserver.o
    0x08007914   0x00000068   Code   RO         4595    i.raw_input         raw.o
    0x0800797c   0x00000018   Code   RO          462    i.recv_callback_tftp  tftpserver.o
    0x08007994   0x00000054   Code   RO          463    i.rrq_recv_callback  tftpserver.o
    0x080079e8   0x00000050   Code   RO         5875    i.sd_Command        sd.o
    0x08007a38   0x00000068   Code   RO         5876    i.sd_Init           sd.o
    0x08007aa0   0x00000016   Code   RO         5877    i.sd_Resp16b        sd.o
    0x08007ab6   0x0000001c   Code   RO         5878    i.sd_Resp8b         sd.o
    0x08007ad2   0x00000028   Code   RO         5880    i.sd_State          sd.o
    0x08007afa   0x0000008e   Code   RO         5881    i.sd_getDriveSize   sd.o
    0x08007b88   0x00000074   Code   RO         5882    i.sd_readSector     sd.o
    0x08007bfc   0x00000064   Code   RO         5883    i.sd_writeSector    sd.o
    0x08007c60   0x0000002c   Code   RO          396    i.send_data         httpd.o
    0x08007c8c   0x00000028   Code   RO          742    i.server_init       server.o
    0x08007cb4   0x0000001e   Code   RO         5791    i.strMatch          plibc.o
    0x08007cd2   0x00000002   PAD
    0x08007cd4   0x00000090   Code   RO         3781    i.tcp_abandon       tcp.o
    0x08007d64   0x00000004   Code   RO         3782    i.tcp_accept        tcp.o
    0x08007d68   0x00000006   Code   RO         3783    i.tcp_accept_null   tcp.o
    0x08007d6e   0x00000002   PAD
    0x08007d70   0x000000f8   Code   RO         3784    i.tcp_alloc         tcp.o
    0x08007e68   0x00000004   Code   RO         3785    i.tcp_arg           tcp.o
    0x08007e6c   0x000000c4   Code   RO         3786    i.tcp_bind          tcp.o
    0x08007f30   0x00000080   Code   RO          707    i.tcp_client_connected  client.o
    0x08007fb0   0x000000a4   Code   RO         3787    i.tcp_close         tcp.o
    0x08008054   0x000000d0   Code   RO         3788    i.tcp_connect       tcp.o
    0x08008124   0x0000001e   Code   RO         3789    i.tcp_eff_send_mss  tcp.o
    0x08008142   0x000002f8   Code   RO         4003    i.tcp_enqueue       tcp_out.o
    0x0800843a   0x00000006   Code   RO         3790    i.tcp_err           tcp.o
    0x08008440   0x00000058   Code   RO         3791    i.tcp_fasttmr       tcp.o
    0x08008498   0x00000330   Code   RO         3957    i.tcp_input         tcp_in.o
    0x080087c8   0x00000046   Code   RO         4004    i.tcp_keepalive     tcp_out.o
    0x0800880e   0x00000002   PAD
    0x08008810   0x00000020   Code   RO          708    i.tcp_led_control   client.o
    0x08008830   0x000000e8   Code   RO         3958    i.tcp_listen_input  tcp_in.o
    0x08008918   0x0000008c   Code   RO         3792    i.tcp_listen_with_backlog  tcp.o
    0x080089a4   0x00000006   Code   RO         3793    i.tcp_new           tcp.o
    0x080089aa   0x00000002   PAD
    0x080089ac   0x00000060   Code   RO         3794    i.tcp_new_port      tcp.o
    0x08008a0c   0x00000010   Code   RO         3795    i.tcp_next_iss      tcp.o
    0x08008a1c   0x00000218   Code   RO         4005    i.tcp_output        tcp_out.o
    0x08008c34   0x000000b0   Code   RO         4006    i.tcp_output_segment  tcp_out.o
    0x08008ce4   0x00000078   Code   RO         4007    i.tcp_output_set_header  tcp_out.o
    0x08008d5c   0x0000007c   Code   RO         3959    i.tcp_parseopt      tcp_in.o
    0x08008dd8   0x00000030   Code   RO         3796    i.tcp_pcb_purge     tcp.o
    0x08008e08   0x00000060   Code   RO         3797    i.tcp_pcb_remove    tcp.o
    0x08008e68   0x00000008   Code   RO         3798    i.tcp_poll          tcp.o
    0x08008e70   0x00000364   Code   RO         3960    i.tcp_process       tcp_in.o
    0x080091d4   0x00000476   Code   RO         3961    i.tcp_receive       tcp_in.o
    0x0800964a   0x00000006   Code   RO         3799    i.tcp_recv          tcp.o
    0x08009650   0x0000001c   Code   RO         3800    i.tcp_recv_null     tcp.o
    0x0800966c   0x0000003c   Code   RO         3801    i.tcp_recved        tcp.o
    0x080096a8   0x00000054   Code   RO         4008    i.tcp_rexmit        tcp_out.o
    0x080096fc   0x0000002e   Code   RO         4009    i.tcp_rexmit_rto    tcp_out.o
    0x0800972a   0x0000009a   Code   RO         4010    i.tcp_rst           tcp_out.o
    0x080097c4   0x00000020   Code   RO         3802    i.tcp_seg_free      tcp.o
    0x080097e4   0x0000001a   Code   RO         3803    i.tcp_segs_free     tcp.o
    0x080097fe   0x00000016   Code   RO         4011    i.tcp_send_ctrl     tcp_out.o
    0x08009814   0x00000006   Code   RO         3804    i.tcp_sent          tcp.o
    0x0800981a   0x00000002   PAD
    0x0800981c   0x00000014   Code   RO          743    i.tcp_server_accept  server.o
    0x08009830   0x00000034   Code   RO          744    i.tcp_server_recv   server.o
    0x08009864   0x00000208   Code   RO         3806    i.tcp_slowtmr       tcp.o
    0x08009a6c   0x00000020   Code   RO         3807    i.tcp_tmr           tcp.o
    0x08009a8c   0x0000002a   Code   RO         3808    i.tcp_update_rcv_ann_wnd  tcp.o
    0x08009ab6   0x00000032   Code   RO         4012    i.tcp_write         tcp_out.o
    0x08009ae8   0x00000052   Code   RO         4013    i.tcp_zero_window_probe  tcp_out.o
    0x08009b3a   0x00000002   PAD
    0x08009b3c   0x00000044   Code   RO          464    i.tftp_cleanup_rd   tftpserver.o
    0x08009b80   0x00000044   Code   RO          465    i.tftp_cleanup_wr   tftpserver.o
    0x08009bc4   0x00000030   Code   RO          466    i.tftp_construct_error_message  tftpserver.o
    0x08009bf4   0x00000004   Code   RO          629    i.tftp_decode_op    tftputils.o
    0x08009bf8   0x00000006   Code   RO          630    i.tftp_extract_block  tftputils.o
    0x08009bfe   0x00000006   Code   RO          631    i.tftp_extract_filename  tftputils.o
    0x08009c04   0x0000001a   Code   RO          632    i.tftp_is_correct_ack  tftputils.o
    0x08009c1e   0x00000002   PAD
    0x08009c20   0x00000080   Code   RO          467    i.tftp_process_read  tftpserver.o
    0x08009ca0   0x00000080   Code   RO          468    i.tftp_process_write  tftpserver.o
    0x08009d20   0x00000030   Code   RO          469    i.tftp_send_ack_packet  tftpserver.o
    0x08009d50   0x00000046   Code   RO          470    i.tftp_send_data_packet  tftpserver.o
    0x08009d96   0x00000028   Code   RO          471    i.tftp_send_error_message  tftpserver.o
    0x08009dbe   0x00000044   Code   RO          472    i.tftp_send_message  tftpserver.o
    0x08009e02   0x00000002   PAD
    0x08009e04   0x00000038   Code   RO          473    i.tftp_send_next_block  tftpserver.o
    0x08009e3c   0x0000000e   Code   RO          633    i.tftp_set_block    tftputils.o
    0x08009e4a   0x00000006   Code   RO          634    i.tftp_set_data_message  tftputils.o
    0x08009e50   0x00000008   Code   RO          635    i.tftp_set_errorcode  tftputils.o
    0x08009e58   0x00000006   Code   RO          636    i.tftp_set_errormsg  tftputils.o
    0x08009e5e   0x00000008   Code   RO          637    i.tftp_set_opcode   tftputils.o
    0x08009e66   0x00000002   PAD
    0x08009e68   0x00000038   Code   RO          474    i.tftpd_init        tftpserver.o
    0x08009ea0   0x0000005c   Code   RO         4073    i.udp_bind          udp.o
    0x08009efc   0x000000a8   Code   RO          709    i.udp_client_callback  client.o
    0x08009fa4   0x0000004c   Code   RO         4074    i.udp_connect       udp.o
    0x08009ff0   0x00000018   Code   RO         4075    i.udp_disconnect    udp.o
    0x0800a008   0x00000168   Code   RO         4076    i.udp_input         udp.o
    0x0800a170   0x0000001c   Code   RO         4077    i.udp_new           udp.o
    0x0800a18c   0x00000006   Code   RO         4078    i.udp_recv          udp.o
    0x0800a192   0x00000002   PAD
    0x0800a194   0x0000002c   Code   RO         4079    i.udp_remove        udp.o
    0x0800a1c0   0x00000008   Code   RO         4080    i.udp_send          udp.o
    0x0800a1c8   0x00000028   Code   RO         4081    i.udp_sendto        udp.o
    0x0800a1f0   0x000000b2   Code   RO         4082    i.udp_sendto_if     udp.o
    0x0800a2a2   0x00000002   PAD
    0x0800a2a4   0x000000e8   Code   RO          745    i.udp_server_callback  server.o
    0x0800a38c   0x000000a8   Code   RO         4900    i.update_arp_entry  etharp.o
    0x0800a434   0x000000b0   Code   RO          475    i.wrq_recv_callback  tftpserver.o
    0x0800a4e4   0x00000a93   Data   RO          397    .constdata          httpd.o
    0x0800af77   0x00004a21   Data   RO          398    .constdata          httpd.o
    0x0800f998   0x000017ea   Data   RO          399    .constdata          httpd.o
    0x08011182   0x00000fb9   Data   RO          400    .constdata          httpd.o
    0x0801213b   0x00000001   PAD
    0x0801213c   0x00000010   Data   RO          401    .constdata          httpd.o
    0x0801214c   0x00000010   Data   RO          402    .constdata          httpd.o
    0x0801215c   0x00000010   Data   RO          403    .constdata          httpd.o
    0x0801216c   0x00000010   Data   RO          404    .constdata          httpd.o
    0x0801217c   0x00000068   Data   RO         3424    .constdata          stm32_eval.o
    0x080121e4   0x000011d0   Data   RO         3499    .constdata          stm3210c_eval_lcd.o
    0x080133b4   0x00000014   Data   RO         3809    .constdata          tcp.o
    0x080133c8   0x00000024   Data   RO         4396    .constdata          memp.o
    0x080133ec   0x00000004   Data   RO         4819    .constdata          ip_addr.o
    0x080133f0   0x00000004   Data   RO         4820    .constdata          ip_addr.o
    0x080133f4   0x0000000c   Data   RO         4902    .constdata          etharp.o
    0x08013400   0x0000000f   Data   RO          405    .conststring        httpd.o
    0x0801340f   0x0000001b   Data   RO          406    .conststring        httpd.o
    0x0801342a   0x00000010   Data   RO          407    .conststring        httpd.o
    0x0801343a   0x00000013   Data   RO          408    .conststring        httpd.o
    0x0801344d   0x00000013   Data   RO          409    .conststring        httpd.o
    0x08013460   0x0000007d   Data   RO          477    .conststring        tftpserver.o
    0x080134dd   0x00000003   PAD
    0x080134e0   0x00000020   Data   RO         6254    Region$$Table       anon$$obj.o


    Execution Region RW_IRAM1 (Base: 0x20000000, Size: 0x0000e1d8, Max: 0x00010000, ABSOLUTE, COMPRESSED[0x00000738])

    Base Addr    Size         Type   Attr      Idx    E Section Name        Object

    0x20000000   0x00000004   Data   RW           12    .data               stm32f10x_it.o
    0x20000004   0x00000008   Data   RW          150    .data               main.o
    0x2000000c   0x0000001c   Data   RW          291    .data               netconf.o
    0x20000028   0x000011f9   Data   RW          410    .data               httpd.o
    0x20001221   0x00000003   PAD
    0x20001224   0x00000010   Data   RW          411    .data               httpd.o
    0x20001234   0x00000024   Data   RW          478    .data               tftpserver.o
    0x20001258   0x00000004   Data   RW          710    .data               client.o
    0x2000125c   0x00000014   Data   RW         1094    .data               stm32f10x_rcc.o
    0x20001270   0x00000010   Data   RW         2738    .data               stm32_eth.o
    0x20001280   0x00000018   Data   RW         3270    .data               stm3210c_eval_ioe.o
    0x20001298   0x00000034   Data   RW         3425    .data               stm32_eval.o
    0x200012cc   0x00000004   Data   RW         3500    .data               stm3210c_eval_lcd.o
    0x200012d0   0x00000006   Data   RW         3668    .data               ethernetif.o
    0x200012d6   0x00000002   PAD
    0x200012d8   0x00000020   Data   RW         3810    .data               tcp.o
    0x200012f8   0x0000001c   Data   RW         3963    .data               tcp_in.o
    0x20001314   0x00000004   Data   RW         4083    .data               udp.o
    0x20001318   0x00000004   Data   RW         4181    .data               dhcp.o
    0x2000131c   0x00000010   Data   RW         4355    .data               mem.o
    0x2000132c   0x0000000c   Data   RW         4445    .data               netif.o
    0x20001338   0x00000004   Data   RW         4601    .data               raw.o
    0x2000133c   0x0000000c   Data   RW         4780    .data               ip.o
    0x20001348   0x00000008   Data   RW         4849    .data               ip_frag.o
    0x20001350   0x00000001   Data   RW         4903    .data               etharp.o
    0x20001351   0x00000003   PAD
    0x20001354   0x00000034   Zero   RW          290    .bss                netconf.o
    0x20001388   0x00000670   Zero   RW          476    .bss                tftpserver.o
    0x200019f8   0x00002400   Zero   RW         3664    .bss                ethernetif.o
    0x20003df8   0x00000014   Zero   RW         3962    .bss                tcp_in.o
    0x20003e0c   0x00005014   Zero   RW         4354    .bss                mem.o
    0x20008e20   0x000046af   Zero   RW         4395    .bss                memp.o
    0x2000d4cf   0x000005e0   Zero   RW         4848    .bss                ip_frag.o
    0x2000daaf   0x00000001   PAD
    0x2000dab0   0x000000c8   Zero   RW         4901    .bss                etharp.o
    0x2000db78   0x00000060   Zero   RW         6133    .bss                libspace.o(c_w.l)
    0x2000dbd8   0x00000200   Zero   RW         6034    HEAP                startup_stm32f10x_cl.o
    0x2000ddd8   0x00000400   Zero   RW         6033    STACK               startup_stm32f10x_cl.o


==============================================================================

Image component sizes


      Code (inc. data)   RO Data    RW Data    ZI Data      Debug   Object Name

       412        102          0          4          0       3537   client.o
         0          0          0          0          0         20   core_cm3.o
      3164         72          0          4          0      20940   dhcp.o
       946          0          0          0          0      11778   dir.o
        70          0          0          0          0       1535   disc.o
       104          0          0          0          0       1043   efs.o
      1662         30         12          1        200      13580   etharp.o
       564         54          0          6       9216       7514   ethernetif.o
        98          0          0          0          0       2199   extract.o
      1474          4          0          0          0      11222   fat.o
      1466          0          0          0          0      10757   file.o
      1052          0          0          0          0      13288   fs.o
       376         54          0          0          0       3594   helloworld.o
       878        144      31991       4617          0       8283   httpd.o
       394          0          0          0          0       3694   icmp.o
        16          0          0          0          0       3066   inet.o
       144          0          0          0          0       5773   inet_chksum.o
         0          0          0          0          0        708   init.o
      1762          0          0          0          0      19794   ioman.o
       720         24          0         12          0       5141   ip.o
        48          0          8          0          0       5601   ip_addr.o
      1232         30          0          8       1504       7737   ip_frag.o
        64          0          0          0          0       1389   ls.o
        88         14          0          8          0      15080   main.o
       576         28          0         16      20500       5910   mem.o
       144         20         36          0      18095       3966   memp.o
       132         18          0          0          0       2389   misc.o
      1116        472          0         28         52      20433   netconf.o
       294         20          0         12          0       8026   netif.o
       222          0          0          0          0       5586   partition.o
       860          0          0          0          0       8617   pbuf.o
        72          0          0          0          0       2213   plibc.o
       104          6          0          4          0       1740   raw.o
       632          0          0          0          0       7359   sd.o
       360         30          0          0          0       4972   sd_stm32.o
       344         70          0          0          0       3500   server.o
        56         22        336          0       1536        600   startup_stm32f10x_cl.o
      2402         92          0         24          0      24741   stm3210c_eval_ioe.o
      1528        110       4560          4          0      15176   stm3210c_eval_lcd.o
      1306        142          0         16          0      16512   stm32_eth.o
       328         52        104         52          0       4980   stm32_eval.o
       880        120          0          0          0       8986   stm32f107.o
       234         10          0          0          0       5740   stm32f10x_adc.o
       156         16          0          0          0       2548   stm32f10x_exti.o
       312         18          0          0          0       6952   stm32f10x_gpio.o
       334          8          0          0          0       8571   stm32f10x_i2c.o
       374        102          0          4          0     318422   stm32f10x_it.o
       440         82          0         20          0      10891   stm32f10x_rcc.o
       182         12          0          0          0       5027   stm32f10x_spi.o
       264         30          0          0          0       1721   system_stm32f10x.o
      2260         86         20         32          0      27604   tcp.o
      3182         76          0         28         20      14592   tcp_in.o
      2100         14          0          0          0      10623   tcp_out.o
      1258         96        125         36       1648      21422   tftpserver.o
        84          0          0          0          0       5986   tftputils.o
         4          0          0          0          0        504   time.o
       856         24          0          4          0      14958   udp.o

    ----------------------------------------------------------------------
     40214       2304      37228       4948      52772     778540   Object Totals
         0          0         32          0          0          0   (incl. Generated)
        84          0          4          8          1          0   (incl. Padding)

    ----------------------------------------------------------------------

      Code (inc. data)   RO Data    RW Data    ZI Data      Debug   Library Member Name

       100          0          0          0          0          0   __dclz77c.o
         8          0          0          0          0         68   __main.o
       110          0          0          0          0         84   __printf.o
        52          8          0          0          0          0   __scatter.o
        28          0          0          0          0          0   __scatter_zi.o
        48          4          0          0          0         96   _printf_char_common.o
         6          0          0          0          0          0   _printf_d.o
       112         16          0          0          0         92   _printf_dec.o
       174          0          0          0          0         88   _printf_intcommon.o
         0          0          0          0          0          0   _printf_percent.o
         4          0          0          0          0          0   _printf_percent_end.o
        10          0          0          0          0         68   _sputc.o
        12          0          0          0          0         68   exit.o
         6          0          0          0          0        148   heapauxi.o
         6          0          0          0          0          0   libinit.o
         2          0          0          0          0          0   libinit2.o
         2          0          0          0          0          0   libshutdown.o
         2          0          0          0          0          0   libshutdown2.o
         8          4          0          0         96         68   libspace.o
        40          6          0          0          0         80   noretval__2sprintf.o
        68          0          0          0          0         68   rt_memclr.o
        78          0          0          0          0         76   rt_memclr_w.o
       140          0          0          0          0         68   rt_memcpy_v6.o
       100          0          0          0          0         80   rt_memcpy_w.o
         0          0          0          0          0          0   rtentry.o
        12          0          0          0          0          0   rtentry2.o
         6          0          0          0          0          0   rtentry4.o
         0          0          0          0          0          0   rtexit.o
         8          0          0          0          0          0   rtexit2.o
        16          0          0          0          0         68   rtudiv10.o
       128          2          0          0          0         68   strcmpv7m.o
        74          0          0          0          0         76   strcpy.o
        62          0          0          0          0         76   strlen.o
       140          0          0          0          0         80   strncmp.o
        20         10          0          0          0         68   sys_exit.o
        74          0          0          0          0         80   sys_stackheap_outer.o
         2          0          0          0          0         68   use_no_semi.o

    ----------------------------------------------------------------------
      1662         50          0          0         96       1736   Library Totals
         4          0          0          0          0          0   (incl. Padding)

    ----------------------------------------------------------------------

      Code (inc. data)   RO Data    RW Data    ZI Data      Debug   Library Name

      1658         50          0          0         96       1736   c_w.l

    ----------------------------------------------------------------------
      1662         50          0          0         96       1736   Library Totals

    ----------------------------------------------------------------------

==============================================================================


      Code (inc. data)   RO Data    RW Data    ZI Data      Debug   

     41876       2354      37228       4948      52868     756476   Grand Totals
     41876       2354      37228       1848      52868     756476   ELF Image Totals (compressed)
     41876       2354      37228       1848          0          0   ROM Totals

==============================================================================

    Total RO  Size (Code + RO Data)                79104 (  77.25kB)
    Total RW  Size (RW Data + ZI Data)             57816 (  56.46kB)
    Total ROM Size (Code + RO Data + RW Data)      80952 (  79.05kB)

==============================================================================

