Archive member included because of file (symbol)

C:\Program Files (x86)\Raisonance\Ride\Lib\ARM\STM32x_io_putchar_thumb.a(STM32F10X_io_putchar.o)
                              (__io_putchar)
C:\Program Files (x86)\Raisonance\Ride\Lib\ARM\std_sbrk_thumb.lib(write.o)
                              (_write)
C:\Program Files (x86)\Raisonance\Ride\Lib\ARM\smallprintf_thumb.a(_SP_sprintf.o)
                              D:\sunny\stm32\therme\Project\RIDE\STM3210C-EVAL\main.o (sprintf)
C:\Program Files (x86)\Raisonance\Ride\Lib\ARM\smallprintf_thumb.a(_SP_vfprintf.o)
                              C:\Program Files (x86)\Raisonance\Ride\Lib\ARM\smallprintf_thumb.a(_SP_sprintf.o) (_vfiprintf_r)
C:\Program Files (x86)\Raisonance\Ride\Lib\ARM\smallprintf_thumb.a(_SP_puts.o)
                              C:\Program Files (x86)\Raisonance\Ride\Lib\ARM\smallprintf_thumb.a(_SP_vfprintf.o) (_SMALL_PRINTF_puts)
c:/program files (x86)/raisonance/ride/arm-gcc/bin/../lib/gcc/arm-none-eabi/4.5.1/../../../../arm-none-eabi/lib/thumb2\libc.a(lib_a-atoi.o)
                              D:\sunny\stm32\therme\Project\RIDE\STM3210C-EVAL\httpd.o (atoi)
c:/program files (x86)/raisonance/ride/arm-gcc/bin/../lib/gcc/arm-none-eabi/4.5.1/../../../../arm-none-eabi/lib/thumb2\libc.a(lib_a-impure.o)
                              C:\Program Files (x86)\Raisonance\Ride\Lib\ARM\smallprintf_thumb.a(_SP_sprintf.o) (_impure_ptr)
c:/program files (x86)/raisonance/ride/arm-gcc/bin/../lib/gcc/arm-none-eabi/4.5.1/../../../../arm-none-eabi/lib/thumb2\libc.a(lib_a-malloc.o)
                              D:\sunny\stm32\therme\Project\RIDE\STM3210C-EVAL\main.o (malloc)
c:/program files (x86)/raisonance/ride/arm-gcc/bin/../lib/gcc/arm-none-eabi/4.5.1/../../../../arm-none-eabi/lib/thumb2\libc.a(lib_a-mallocr.o)
                              c:/program files (x86)/raisonance/ride/arm-gcc/bin/../lib/gcc/arm-none-eabi/4.5.1/../../../../arm-none-eabi/lib/thumb2\libc.a(lib_a-malloc.o) (_malloc_r)
c:/program files (x86)/raisonance/ride/arm-gcc/bin/../lib/gcc/arm-none-eabi/4.5.1/../../../../arm-none-eabi/lib/thumb2\libc.a(lib_a-memchr.o)
                              C:\Program Files (x86)\Raisonance\Ride\Lib\ARM\smallprintf_thumb.a(_SP_vfprintf.o) (memchr)
c:/program files (x86)/raisonance/ride/arm-gcc/bin/../lib/gcc/arm-none-eabi/4.5.1/../../../../arm-none-eabi/lib/thumb2\libc.a(lib_a-memcpy.o)
                              D:\sunny\stm32\therme\Project\RIDE\STM3210C-EVAL\main.o (memcpy)
c:/program files (x86)/raisonance/ride/arm-gcc/bin/../lib/gcc/arm-none-eabi/4.5.1/../../../../arm-none-eabi/lib/thumb2\libc.a(lib_a-memset.o)
                              D:\sunny\stm32\therme\Project\RIDE\STM3210C-EVAL\udp.o (memset)
c:/program files (x86)/raisonance/ride/arm-gcc/bin/../lib/gcc/arm-none-eabi/4.5.1/../../../../arm-none-eabi/lib/thumb2\libc.a(lib_a-mlock.o)
                              c:/program files (x86)/raisonance/ride/arm-gcc/bin/../lib/gcc/arm-none-eabi/4.5.1/../../../../arm-none-eabi/lib/thumb2\libc.a(lib_a-mallocr.o) (__malloc_lock)
c:/program files (x86)/raisonance/ride/arm-gcc/bin/../lib/gcc/arm-none-eabi/4.5.1/../../../../arm-none-eabi/lib/thumb2\libc.a(lib_a-sbrkr.o)
                              c:/program files (x86)/raisonance/ride/arm-gcc/bin/../lib/gcc/arm-none-eabi/4.5.1/../../../../arm-none-eabi/lib/thumb2\libc.a(lib_a-mallocr.o) (_sbrk_r)
c:/program files (x86)/raisonance/ride/arm-gcc/bin/../lib/gcc/arm-none-eabi/4.5.1/../../../../arm-none-eabi/lib/thumb2\libc.a(lib_a-strcmp.o)
                              D:\sunny\stm32\therme\Project\RIDE\STM3210C-EVAL\httpd.o (strcmp)
c:/program files (x86)/raisonance/ride/arm-gcc/bin/../lib/gcc/arm-none-eabi/4.5.1/../../../../arm-none-eabi/lib/thumb2\libc.a(lib_a-strcpy.o)
                              D:\sunny\stm32\therme\Project\RIDE\STM3210C-EVAL\main.o (strcpy)
c:/program files (x86)/raisonance/ride/arm-gcc/bin/../lib/gcc/arm-none-eabi/4.5.1/../../../../arm-none-eabi/lib/thumb2\libc.a(lib_a-strlen.o)
                              D:\sunny\stm32\therme\Project\RIDE\STM3210C-EVAL\helloworld.o (strlen)
c:/program files (x86)/raisonance/ride/arm-gcc/bin/../lib/gcc/arm-none-eabi/4.5.1/../../../../arm-none-eabi/lib/thumb2\libc.a(lib_a-strncmp.o)
                              D:\sunny\stm32\therme\Project\RIDE\STM3210C-EVAL\httpd.o (strncmp)
c:/program files (x86)/raisonance/ride/arm-gcc/bin/../lib/gcc/arm-none-eabi/4.5.1/../../../../arm-none-eabi/lib/thumb2\libc.a(lib_a-strtok.o)
                              D:\sunny\stm32\therme\Project\RIDE\STM3210C-EVAL\httpd.o (strtok)
c:/program files (x86)/raisonance/ride/arm-gcc/bin/../lib/gcc/arm-none-eabi/4.5.1/../../../../arm-none-eabi/lib/thumb2\libc.a(lib_a-strtok_r.o)
                              c:/program files (x86)/raisonance/ride/arm-gcc/bin/../lib/gcc/arm-none-eabi/4.5.1/../../../../arm-none-eabi/lib/thumb2\libc.a(lib_a-strtok.o) (__strtok_r)
[...]
Memory Configuration

Name             Origin             Length             Attributes
RAM              0x20000000         0x00010000         xrw
FLASH            0x08000000         0x00040000         xr
STARTFLASH       0x00000000         0x00000000         xr
CRPPATCH         0x00000000         0x00000000         r
FLASHPATCH       0x00000000         0x00000000         r
ENDFLASH         0x00000000         0x00000000         xr
FLASHB1          0x00000000         0x00000000         xr
EXTMEMB0         0x00000000         0x00000000         xr
EXTMEMB1         0x00000000         0x00000000         xr
EXTMEMB2         0x00000000         0x00000000         xr
EXTMEMB3         0x00000000         0x00000000         xr
*default*        0x00000000         0xffffffff

Linker script and memory map

LOAD D:\sunny\stm32\therme\Project\RIDE\STM3210C-EVAL\main.o
LOAD D:\sunny\stm32\therme\Project\RIDE\STM3210C-EVAL\netconf.o
LOAD D:\sunny\stm32\therme\Project\RIDE\STM3210C-EVAL\stm32f10x_it.o
LOAD D:\sunny\stm32\therme\Project\RIDE\STM3210C-EVAL\stm32f107.o
LOAD D:\sunny\stm32\therme\Project\RIDE\STM3210C-EVAL\tftputils.o
LOAD D:\sunny\stm32\therme\Project\RIDE\STM3210C-EVAL\client.o
LOAD D:\sunny\stm32\therme\Project\RIDE\STM3210C-EVAL\helloworld.o
LOAD D:\sunny\stm32\therme\Project\RIDE\STM3210C-EVAL\httpd.o
LOAD D:\sunny\stm32\therme\Project\RIDE\STM3210C-EVAL\server.o
LOAD D:\sunny\stm32\therme\Project\RIDE\STM3210C-EVAL\tftpserver.o
LOAD D:\sunny\stm32\therme\Project\RIDE\STM3210C-EVAL\stm32f10x_i2c.o
LOAD D:\sunny\stm32\therme\Project\RIDE\STM3210C-EVAL\stm32f10x_rcc.o
LOAD D:\sunny\stm32\therme\Project\RIDE\STM3210C-EVAL\stm32f10x_spi.o
LOAD D:\sunny\stm32\therme\Project\RIDE\STM3210C-EVAL\stm32f10x_tim.o
LOAD D:\sunny\stm32\therme\Project\RIDE\STM3210C-EVAL\stm32f10x_usart.o
LOAD D:\sunny\stm32\therme\Project\RIDE\STM3210C-EVAL\misc.o
LOAD D:\sunny\stm32\therme\Project\RIDE\STM3210C-EVAL\stm32f10x_adc.o
LOAD D:\sunny\stm32\therme\Project\RIDE\STM3210C-EVAL\stm32f10x_exti.o
LOAD D:\sunny\stm32\therme\Project\RIDE\STM3210C-EVAL\stm32f10x_flash.o
LOAD D:\sunny\stm32\therme\Project\RIDE\STM3210C-EVAL\stm32f10x_gpio.o
LOAD D:\sunny\stm32\therme\Project\RIDE\STM3210C-EVAL\stm32f10x_rtc.o
LOAD D:\sunny\stm32\therme\Project\RIDE\STM3210C-EVAL\stm32_eth.o
LOAD D:\sunny\stm32\therme\Project\RIDE\STM3210C-EVAL\tcpip.o
LOAD D:\sunny\stm32\therme\Project\RIDE\STM3210C-EVAL\api_lib.o
LOAD D:\sunny\stm32\therme\Project\RIDE\STM3210C-EVAL\api_msg.o
LOAD D:\sunny\stm32\therme\Project\RIDE\STM3210C-EVAL\err.o
LOAD D:\sunny\stm32\therme\Project\RIDE\STM3210C-EVAL\netbuf.o
LOAD D:\sunny\stm32\therme\Project\RIDE\STM3210C-EVAL\netdb.o
LOAD D:\sunny\stm32\therme\Project\RIDE\STM3210C-EVAL\netifapi.o
LOAD D:\sunny\stm32\therme\Project\RIDE\STM3210C-EVAL\tcp_out.o
LOAD D:\sunny\stm32\therme\Project\RIDE\STM3210C-EVAL\udp.o
LOAD D:\sunny\stm32\therme\Project\RIDE\STM3210C-EVAL\dhcp.o
LOAD D:\sunny\stm32\therme\Project\RIDE\STM3210C-EVAL\init.o
LOAD D:\sunny\stm32\therme\Project\RIDE\STM3210C-EVAL\mem.o
LOAD D:\sunny\stm32\therme\Project\RIDE\STM3210C-EVAL\memp.o
LOAD D:\sunny\stm32\therme\Project\RIDE\STM3210C-EVAL\netif.o
LOAD D:\sunny\stm32\therme\Project\RIDE\STM3210C-EVAL\pbuf.o
LOAD D:\sunny\stm32\therme\Project\RIDE\STM3210C-EVAL\raw.o
LOAD D:\sunny\stm32\therme\Project\RIDE\STM3210C-EVAL\stats.o
LOAD D:\sunny\stm32\therme\Project\RIDE\STM3210C-EVAL\sys.o
LOAD D:\sunny\stm32\therme\Project\RIDE\STM3210C-EVAL\tcp.o
LOAD D:\sunny\stm32\therme\Project\RIDE\STM3210C-EVAL\tcp_in.o
LOAD D:\sunny\stm32\therme\Project\RIDE\STM3210C-EVAL\ethernetif.o
LOAD D:\sunny\stm32\therme\Project\RIDE\STM3210C-EVAL\autoip.o
LOAD D:\sunny\stm32\therme\Project\RIDE\STM3210C-EVAL\icmp.o
LOAD D:\sunny\stm32\therme\Project\RIDE\STM3210C-EVAL\igmp.o
LOAD D:\sunny\stm32\therme\Project\RIDE\STM3210C-EVAL\inet.o
LOAD D:\sunny\stm32\therme\Project\RIDE\STM3210C-EVAL\inet_chksum.o
LOAD D:\sunny\stm32\therme\Project\RIDE\STM3210C-EVAL\ip.o
LOAD D:\sunny\stm32\therme\Project\RIDE\STM3210C-EVAL\ip_addr.o
LOAD D:\sunny\stm32\therme\Project\RIDE\STM3210C-EVAL\ip_frag.o
LOAD D:\sunny\stm32\therme\Project\RIDE\STM3210C-EVAL\etharp.o
LOAD D:\sunny\stm32\therme\Project\RIDE\STM3210C-EVAL\def.o
LOAD D:\sunny\stm32\therme\Project\RIDE\STM3210C-EVAL\timers.o
LOAD D:\sunny\stm32\therme\Project\RIDE\STM3210C-EVAL\ui.o
LOAD D:\sunny\stm32\therme\Project\RIDE\STM3210C-EVAL\dir.o
LOAD D:\sunny\stm32\therme\Project\RIDE\STM3210C-EVAL\disc.o
LOAD D:\sunny\stm32\therme\Project\RIDE\STM3210C-EVAL\efs.o
LOAD D:\sunny\stm32\therme\Project\RIDE\STM3210C-EVAL\extract.o
LOAD D:\sunny\stm32\therme\Project\RIDE\STM3210C-EVAL\fat.o
LOAD D:\sunny\stm32\therme\Project\RIDE\STM3210C-EVAL\file.o
LOAD D:\sunny\stm32\therme\Project\RIDE\STM3210C-EVAL\fs.o
LOAD D:\sunny\stm32\therme\Project\RIDE\STM3210C-EVAL\ioman.o
LOAD D:\sunny\stm32\therme\Project\RIDE\STM3210C-EVAL\ls.o
LOAD D:\sunny\stm32\therme\Project\RIDE\STM3210C-EVAL\mkfs.o
LOAD D:\sunny\stm32\therme\Project\RIDE\STM3210C-EVAL\partition.o
LOAD D:\sunny\stm32\therme\Project\RIDE\STM3210C-EVAL\plibc.o
LOAD D:\sunny\stm32\therme\Project\RIDE\STM3210C-EVAL\time.o
LOAD D:\sunny\stm32\therme\Project\RIDE\STM3210C-EVAL\sd.o
LOAD D:\sunny\stm32\therme\Project\RIDE\STM3210C-EVAL\sd_stm32.o
LOAD D:\sunny\stm32\therme\Project\RIDE\STM3210C-EVAL\system_stm32f10x.o
LOAD D:\sunny\stm32\therme\Project\RIDE\STM3210C-EVAL\core_cm3.o
LOAD D:\sunny\stm32\therme\Project\RIDE\STM3210C-EVAL\startup_stm32f10x_cl.o
LOAD D:\sunny\stm32\therme\Project\RIDE\STM3210C-EVAL\stm32_eval.o
LOAD D:\sunny\stm32\therme\Project\RIDE\STM3210C-EVAL\et_stm32f_arm_kit_i2c.o
LOAD D:\sunny\stm32\therme\Project\RIDE\STM3210C-EVAL\et_stm32f_arm_kit_uart.o
START GROUP
LOAD C:\Program Files (x86)\Raisonance\Ride\Lib\ARM\STM32x_io_putchar_thumb.a
LOAD C:\Program Files (x86)\Raisonance\Ride\Lib\ARM\std_sbrk_thumb.lib
LOAD C:\Program Files (x86)\Raisonance\Ride\Lib\ARM\smallprintf_thumb.a
LOAD c:/program files (x86)/raisonance/ride/arm-gcc/bin/../lib/gcc/arm-none-eabi/4.5.1/../../../../arm-none-eabi/lib/thumb2\libc.a
LOAD c:/program files (x86)/raisonance/ride/arm-gcc/bin/../lib/gcc/arm-none-eabi/4.5.1/../../../../arm-none-eabi/lib/thumb2\libm.a
END GROUP
                0x00000400                __Stack_Size = 0x400
                0x00000400                PROVIDE (_Stack_Size, __Stack_Size)
                0x2000fc00                __Stack_Init = (_estack - __Stack_Size)
                0x2000fc00                PROVIDE (_Stack_Init, __Stack_Init)
                0x00000100                _Minimum_Stack_Size = 0x100
                0x00000000                PROVIDE (Undefined_Handler, 0x0)
                0x00000000                PROVIDE (SWI_Handler, 0x0)
                0x00000000                PROVIDE (IRQ_Handler, 0x0)
                0x00000000                PROVIDE (Prefetch_Handler, 0x0)
                0x00000000                PROVIDE (Abort_Handler, 0x0)
                0x00000000                PROVIDE (FIQ_Handler, 0x0)
                0x00000000                PROVIDE (NMIException, 0x0)
                0x00000000                PROVIDE (NMI_Handler, 0x0)
                0x00000000                PROVIDE (HardFaultException, 0x0)
                0x00000000                PROVIDE (HardFault_Handler, 0x0)
                0x00000000                PROVIDE (MemManageException, 0x0)
                0x00000000                PROVIDE (MemManage_Handler, 0x0)
                0x00000000                PROVIDE (BusFaultException, 0x0)
                0x00000000                PROVIDE (BusFault_Handler, 0x0)
                0x00000000                PROVIDE (UsageFaultException, 0x0)
                0x00000000                PROVIDE (UsageFault_Handler, 0x0)
                0x00000000                PROVIDE (SVCHandler, 0x0)
                0x00000000                PROVIDE (SVC_Handler, 0x0)
                0x00000000                PROVIDE (DebugMonitor, 0x0)
                0x00000000                PROVIDE (DebugMon_Handler, 0x0)
                0x00000000                PROVIDE (PendSVC, 0x0)
                0x00000000                PROVIDE (PendSV_Handler, 0x0)
                0x00000000                PROVIDE (SysTickHandler, 0x0)
                0x00000000                PROVIDE (SysTick_Handler, 0x0)
                0x00000000                PROVIDE (WWDG_IRQHandler, 0x0)
                0x00000000                PROVIDE (PVD_IRQHandler, 0x0)
                0x00000000                PROVIDE (TAMPER_IRQHandler, 0x0)
                0x00000000                PROVIDE (RTC_IRQHandler, 0x0)
                0x00000000                PROVIDE (FLASH_IRQHandler, 0x0)
                0x00000000                PROVIDE (RCC_IRQHandler, 0x0)
                0x00000000                PROVIDE (EXTI0_IRQHandler, 0x0)
                0x00000000                PROVIDE (EXTI1_IRQHandler, 0x0)
                0x00000000                PROVIDE (EXTI2_IRQHandler, 0x0)
                0x00000000                PROVIDE (EXTI3_IRQHandler, 0x0)
                0x00000000                PROVIDE (EXTI4_IRQHandler, 0x0)
                0x00000000                PROVIDE (DMAChannel1_IRQHandler, 0x0)
                0x00000000                PROVIDE (DMAChannel2_IRQHandler, 0x0)
                0x00000000                PROVIDE (DMAChannel3_IRQHandler, 0x0)
                0x00000000                PROVIDE (DMAChannel4_IRQHandler, 0x0)
                0x00000000                PROVIDE (DMAChannel5_IRQHandler, 0x0)
                0x00000000                PROVIDE (DMAChannel6_IRQHandler, 0x0)
                0x00000000                PROVIDE (DMAChannel7_IRQHandler, 0x0)
                0x00000000                PROVIDE (DMA1_Channel1_IRQHandler, 0x0)
                0x00000000                PROVIDE (DMA1_Channel2_IRQHandler, 0x0)
                0x00000000                PROVIDE (DMA1_Channel3_IRQHandler, 0x0)
                0x00000000                PROVIDE (DMA1_Channel4_IRQHandler, 0x0)
                0x00000000                PROVIDE (DMA1_Channel5_IRQHandler, 0x0)
                0x00000000                PROVIDE (DMA1_Channel6_IRQHandler, 0x0)
                0x00000000                PROVIDE (DMA1_Channel7_IRQHandler, 0x0)
                0x00000000                PROVIDE (ADC_IRQHandler, 0x0)
                0x00000000                PROVIDE (ADC1_2_IRQHandler, 0x0)
                0x00000000                PROVIDE (USB_HP_CAN_TX_IRQHandler, 0x0)
                0x00000000                PROVIDE (USB_HP_CAN1_TX_IRQHandler, 0x0)
                0x00000000                PROVIDE (USB_LP_CAN_RX0_IRQHandler, 0x0)
                0x00000000                PROVIDE (USB_LP_CAN1_RX0_IRQHandler, 0x0)
                0x00000000                PROVIDE (CAN_RX1_IRQHandler, 0x0)
                0x00000000                PROVIDE (CAN1_RX1_IRQHandler, 0x0)
                0x00000000                PROVIDE (CAN_SCE_IRQHandler, 0x0)
                0x00000000                PROVIDE (CAN1_SCE_IRQHandler, 0x0)
                0x00000000                PROVIDE (EXTI9_5_IRQHandler, 0x0)
                0x00000000                PROVIDE (TIM1_BRK_IRQHandler, 0x0)
                0x00000000                PROVIDE (TIM1_UP_IRQHandler, 0x0)
                0x00000000                PROVIDE (TIM1_TRG_COM_IRQHandler, 0x0)
                0x00000000                PROVIDE (TIM1_CC_IRQHandler, 0x0)
                0x00000000                PROVIDE (TIM2_IRQHandler, 0x0)
                0x00000000                PROVIDE (TIM3_IRQHandler, 0x0)
                0x00000000                PROVIDE (TIM4_IRQHandler, 0x0)
                0x00000000                PROVIDE (I2C1_EV_IRQHandler, 0x0)
                0x00000000                PROVIDE (I2C1_ER_IRQHandler, 0x0)
                0x00000000                PROVIDE (I2C2_EV_IRQHandler, 0x0)
                0x00000000                PROVIDE (I2C2_ER_IRQHandler, 0x0)
                0x00000000                PROVIDE (SPI1_IRQHandler, 0x0)
                0x00000000                PROVIDE (SPI2_IRQHandler, 0x0)
                0x00000000                PROVIDE (USART1_IRQHandler, 0x0)
                0x00000000                PROVIDE (USART2_IRQHandler, 0x0)
                0x00000000                PROVIDE (USART3_IRQHandler, 0x0)
                0x00000000                PROVIDE (EXTI15_10_IRQHandler, 0x0)
                0x00000000                PROVIDE (RTCAlarm_IRQHandler, 0x0)
                0x00000000                PROVIDE (USBWakeUp_IRQHandler, 0x0)
                0x00000000                PROVIDE (TIM8_BRK_IRQHandler, 0x0)
                0x00000000                PROVIDE (TIM8_UP_IRQHandler, 0x0)
                0x00000000                PROVIDE (TIM8_TRG_COM_IRQHandler, 0x0)
                0x00000000                PROVIDE (TIM8_CC_IRQHandler, 0x0)
                0x00000000                PROVIDE (ADC3_IRQHandler, 0x0)
                0x00000000                PROVIDE (FSMC_IRQHandler, 0x0)
                0x00000000                PROVIDE (SDIO_IRQHandler, 0x0)
                0x00000000                PROVIDE (TIM5_IRQHandler, 0x0)
                0x00000000                PROVIDE (SPI3_IRQHandler, 0x0)
                0x00000000                PROVIDE (UART4_IRQHandler, 0x0)
                0x00000000                PROVIDE (UART5_IRQHandler, 0x0)
                0x00000000                PROVIDE (TIM6_IRQHandler, 0x0)
                0x00000000                PROVIDE (TIM7_IRQHandler, 0x0)
                0x00000000                PROVIDE (DMA2_Channel1_IRQHandler, 0x0)
                0x00000000                PROVIDE (DMA2_Channel2_IRQHandler, 0x0)
                0x00000000                PROVIDE (DMA2_Channel3_IRQHandler, 0x0)
                0x00000000                PROVIDE (DMA2_Channel4_5_IRQHandler, 0x0)
                0x42000000                PERIPH_BB_BASE = 0x42000000
                0x22000000                SRAM_BB_BASE = 0x22000000
                0x20000000                SRAM_BASE = 0x20000000
                0x40000000                PERIPH_BASE = 0x40000000
                0x40022000                PROVIDE (FLASH_BASE, 0x40022000)
                0x1ffff800                PROVIDE (OB_BASE, 0x1ffff800)
                0x40000000                APB1PERIPH_BASE = PERIPH_BASE
                0x40010000                APB2PERIPH_BASE = (PERIPH_BASE + 0x10000)
                0x40020000                AHBPERIPH_BASE = (PERIPH_BASE + 0x20000)
                0x40000000                PROVIDE (TIM2, (APB1PERIPH_BASE + 0x0))
                0x40000400                PROVIDE (TIM3, (APB1PERIPH_BASE + 0x400))
                0x40000800                PROVIDE (TIM4, (APB1PERIPH_BASE + 0x800))
                0x40002800                PROVIDE (RTC, (APB1PERIPH_BASE + 0x2800))
                0x40002c00                PROVIDE (WWDG, (APB1PERIPH_BASE + 0x2c00))
                0x40003000                PROVIDE (IWDG, (APB1PERIPH_BASE + 0x3000))
                0x40003800                PROVIDE (SPI2, (APB1PERIPH_BASE + 0x3800))
                0x40004400                PROVIDE (USART2, (APB1PERIPH_BASE + 0x4400))
                0x40004800                PROVIDE (USART3, (APB1PERIPH_BASE + 0x4800))
                0x40005400                PROVIDE (I2C1, (APB1PERIPH_BASE + 0x5400))
                0x40005800                PROVIDE (I2C2, (APB1PERIPH_BASE + 0x5800))
                0x40006400                PROVIDE (CAN, (APB1PERIPH_BASE + 0x6400))
                0x40006c00                PROVIDE (BKP, (APB1PERIPH_BASE + 0x6c00))
                0x40007000                PROVIDE (PWR, (APB1PERIPH_BASE + 0x7000))
                0x40010000                PROVIDE (AFIO, (APB2PERIPH_BASE + 0x0))
                0x40010400                PROVIDE (EXTI, (APB2PERIPH_BASE + 0x400))
                0x40010800                PROVIDE (GPIOA, (APB2PERIPH_BASE + 0x800))
                0x40010c00                PROVIDE (GPIOB, (APB2PERIPH_BASE + 0xc00))
                0x40011000                PROVIDE (GPIOC, (APB2PERIPH_BASE + 0x1000))
                0x40011400                PROVIDE (GPIOD, (APB2PERIPH_BASE + 0x1400))
                0x40011800                PROVIDE (GPIOE, (APB2PERIPH_BASE + 0x1800))
                0x40012400                PROVIDE (ADC1, (APB2PERIPH_BASE + 0x2400))
                0x40012800                PROVIDE (ADC2, (APB2PERIPH_BASE + 0x2800))
                0x40012c00                PROVIDE (TIM1, (APB2PERIPH_BASE + 0x2c00))
                0x40013000                PROVIDE (SPI1, (APB2PERIPH_BASE + 0x3000))
                0x40013800                PROVIDE (USART1, (APB2PERIPH_BASE + 0x3800))
                0x40020000                PROVIDE (DMA, (AHBPERIPH_BASE + 0x0))
                0x40020008                PROVIDE (DMA_Channel1, (AHBPERIPH_BASE + 0x8))
                0x4002001c                PROVIDE (DMA_Channel2, (AHBPERIPH_BASE + 0x1c))
                0x40020030                PROVIDE (DMA_Channel3, (AHBPERIPH_BASE + 0x30))
                0x40020044                PROVIDE (DMA_Channel4, (AHBPERIPH_BASE + 0x44))
                0x40020058                PROVIDE (DMA_Channel5, (AHBPERIPH_BASE + 0x58))
                0x4002006c                PROVIDE (DMA_Channel6, (AHBPERIPH_BASE + 0x6c))
                0x40020080                PROVIDE (DMA_Channel7, (AHBPERIPH_BASE + 0x80))
                0x40021000                PROVIDE (RCC, (AHBPERIPH_BASE + 0x1000))
                0xe000e000                SCS_BASE = 0xe000e000
                0xe000e010                PROVIDE (SysTick, (SCS_BASE + 0x10))
                0xe000e100                PROVIDE (NVIC, (SCS_BASE + 0x100))
                0xe000ed00                PROVIDE (SCB, (SCS_BASE + 0xd00))
                0x20010000                _estack = 0x20010000

.isr_vector     0x08000000      0x1e4
                0x08000000                . = ALIGN (0x4)
 *(.isr_vector)
 .isr_vector    0x08000000      0x1e4 D:\sunny\stm32\therme\Project\RIDE\STM3210C-EVAL\startup_stm32f10x_cl.o
                0x08000000                g_pfnVectors
                0x080001e4                . = ALIGN (0x4)

.flash_start    0x00000000        0x0
                0x00000000                . = ALIGN (0x4)
 *(.flash_start)
 *(.flash_start.*)
                0x00000000                . = ALIGN (0x4)

.crp_patch      0x00000000        0x0
                0x00000000                . = ALIGN (0x4)
 *(.crp_patch)
                0x00000000                . = ALIGN (0x4)

.flashtext      0x080001e4        0x0
                0x080001e4                . = ALIGN (0x4)
 *(.flashtext)
                0x080001e4                . = ALIGN (0x4)

.text           0x080001e8    0x15dc8
                0x080001e8                . = ALIGN (0x4)
 *(.text)
 .text          0x080001e8       0x48 C:\Program Files (x86)\Raisonance\Ride\Lib\ARM\smallprintf_thumb.a(_SP_sprintf.o)
                0x080001e8                sprintf
 .text          0x08000230      0x6a8 C:\Program Files (x86)\Raisonance\Ride\Lib\ARM\smallprintf_thumb.a(_SP_vfprintf.o)
                0x08000230                _vfiprintf_r
                0x080008b4                vfiprintf
 .text          0x080008d8       0x84 C:\Program Files (x86)\Raisonance\Ride\Lib\ARM\smallprintf_thumb.a(_SP_puts.o)
                0x080008d8                _SMALL_PRINTF_puts
                0x08000934                puts
 .text          0x0800095c       0x10 c:/program files (x86)/raisonance/ride/arm-gcc/bin/../lib/gcc/arm-none-eabi/4.5.1/../../../../arm-none-eabi/lib/thumb2\libc.a(lib_a-atoi.o)
                0x0800095c                atoi
                0x08000964                _atoi_r
 .text          0x0800096c       0x20 c:/program files (x86)/raisonance/ride/arm-gcc/bin/../lib/gcc/arm-none-eabi/4.5.1/../../../../arm-none-eabi/lib/thumb2\libc.a(lib_a-malloc.o)
                0x0800096c                malloc
                0x0800097c                free
 .text          0x0800098c      0x57c c:/program files (x86)/raisonance/ride/arm-gcc/bin/../lib/gcc/arm-none-eabi/4.5.1/../../../../arm-none-eabi/lib/thumb2\libc.a(lib_a-mallocr.o)
                0x0800098c                _malloc_r
 .text          0x08000f08       0x88 c:/program files (x86)/raisonance/ride/arm-gcc/bin/../lib/gcc/arm-none-eabi/4.5.1/../../../../arm-none-eabi/lib/thumb2\libc.a(lib_a-memchr.o)
                0x08000f08                memchr
 .text          0x08000f90      0x150 c:/program files (x86)/raisonance/ride/arm-gcc/bin/../lib/gcc/arm-none-eabi/4.5.1/../../../../arm-none-eabi/lib/thumb2\libc.a(lib_a-memcpy.o)
                0x08000f90                memcpy
 .text          0x080010e0       0xb4 c:/program files (x86)/raisonance/ride/arm-gcc/bin/../lib/gcc/arm-none-eabi/4.5.1/../../../../arm-none-eabi/lib/thumb2\libc.a(lib_a-memset.o)
                0x080010e0                memset
 .text          0x08001194        0x8 c:/program files (x86)/raisonance/ride/arm-gcc/bin/../lib/gcc/arm-none-eabi/4.5.1/../../../../arm-none-eabi/lib/thumb2\libc.a(lib_a-mlock.o)
                0x08001194                __malloc_lock
                0x08001198                __malloc_unlock
 .text          0x0800119c       0x28 c:/program files (x86)/raisonance/ride/arm-gcc/bin/../lib/gcc/arm-none-eabi/4.5.1/../../../../arm-none-eabi/lib/thumb2\libc.a(lib_a-sbrkr.o)
                0x0800119c                _sbrk_r
 .text          0x080011c4      0x1dc c:/program files (x86)/raisonance/ride/arm-gcc/bin/../lib/gcc/arm-none-eabi/4.5.1/../../../../arm-none-eabi/lib/thumb2\libc.a(lib_a-strcmp.o)
                0x080011c4                strcmp
 .text          0x080013a0       0xbc c:/program files (x86)/raisonance/ride/arm-gcc/bin/../lib/gcc/arm-none-eabi/4.5.1/../../../../arm-none-eabi/lib/thumb2\libc.a(lib_a-strcpy.o)
                0x080013a0                strcpy
 .text          0x0800145c       0x60 c:/program files (x86)/raisonance/ride/arm-gcc/bin/../lib/gcc/arm-none-eabi/4.5.1/../../../../arm-none-eabi/lib/thumb2\libc.a(lib_a-strlen.o)
                0x0800145c                strlen
 .text          0x080014bc       0xa0 c:/program files (x86)/raisonance/ride/arm-gcc/bin/../lib/gcc/arm-none-eabi/4.5.1/../../../../arm-none-eabi/lib/thumb2\libc.a(lib_a-strncmp.o)
                0x080014bc                strncmp
 .text          0x0800155c       0x8c c:/program files (x86)/raisonance/ride/arm-gcc/bin/../lib/gcc/arm-none-eabi/4.5.1/../../../../arm-none-eabi/lib/thumb2\libc.a(lib_a-strtok.o)
                0x0800155c                strtok
 .text          0x080015e8       0x64 c:/program files (x86)/raisonance/ride/arm-gcc/bin/../lib/gcc/arm-none-eabi/4.5.1/../../../../arm-none-eabi/lib/thumb2\libc.a(lib_a-strtok_r.o)
                0x080015e8                __strtok_r
                0x08001648                strtok_r
 .text          0x0800164c      0x17c c:/program files (x86)/raisonance/ride/arm-gcc/bin/../lib/gcc/arm-none-eabi/4.5.1/../../../../arm-none-eabi/lib/thumb2\libc.a(lib_a-strtol.o)
                0x0800164c                _strtol_r
                0x080017b0                strtol
 .text          0x080017c8       0xd0 c:/program files (x86)/raisonance/ride/arm-gcc/bin/../lib/gcc/arm-none-eabi/4.5.1/../../../../arm-none-eabi/lib/thumb2\libc.a(lib_a-wcrtomb.o)
                0x080017c8                _wcrtomb_r
                0x08001824                wcrtomb
 .text          0x08001898       0x3c c:/program files (x86)/raisonance/ride/arm-gcc/bin/../lib/gcc/arm-none-eabi/4.5.1/../../../../arm-none-eabi/lib/thumb2\libc.a(lib_a-wcsrtombs.o)
                0x08001898                _wcsrtombs_r
                0x080018b0                wcsrtombs
 .text          0x080018d4       0x4c c:/program files (x86)/raisonance/ride/arm-gcc/bin/../lib/gcc/arm-none-eabi/4.5.1/../../../../arm-none-eabi/lib/thumb2\libc.a(lib_a-wctomb_r.o)
                0x080018d4                __ascii_wctomb
                0x080018f0                _wctomb_r
 .text          0x08001920      0x240 c:/program files (x86)/raisonance/ride/arm-gcc/bin/../lib/gcc/arm-none-eabi/4.5.1/../../../../arm-none-eabi/lib/thumb2\libc.a(lib_a-freer.o)
                0x08001920                _malloc_trim_r
                0x080019c8                _free_r
 .text          0x08001b60       0xa0 c:/program files (x86)/raisonance/ride/arm-gcc/bin/../lib/gcc/arm-none-eabi/4.5.1/../../../../arm-none-eabi/lib/thumb2\libc.a(lib_a-locale.o)
                0x08001b60                _setlocale_r
                0x08001bbc                __locale_charset
                0x08001bc8                __locale_mb_cur_max
                0x08001bd4                __locale_msgcharset
                0x08001bdc                __locale_cjk_lang
                0x08001be0                _localeconv_r
                0x08001be8                setlocale
                0x08001bf8                localeconv
 .text          0x08001c00      0x10c c:/program files (x86)/raisonance/ride/arm-gcc/bin/../lib/gcc/arm-none-eabi/4.5.1/../../../../arm-none-eabi/lib/thumb2\libc.a(lib_a-wcsnrtombs.o)
                0x08001c00                _wcsnrtombs_r
                0x08001ce4                wcsnrtombs
 *fill*         0x08001d0c        0x4 00
 .text          0x08001d10      0x278 c:/program files (x86)/raisonance/ride/arm-gcc/bin/../lib/gcc/arm-none-eabi/4.5.1/thumb2\libgcc.a(_udivsi3.o)
                0x08001d10                __aeabi_uidiv
                0x08001d10                __udivsi3
                0x08001f6c                __aeabi_uidivmod
 .text          0x08001f88        0x4 c:/program files (x86)/raisonance/ride/arm-gcc/bin/../lib/gcc/arm-none-eabi/4.5.1/thumb2\libgcc.a(_dvmd_tls.o)
                0x08001f88                __aeabi_idiv0
                0x08001f88                __aeabi_ldiv0
 .text          0x08001f8c      0x370 c:/program files (x86)/raisonance/ride/arm-gcc/bin/../lib/gcc/arm-none-eabi/4.5.1/thumb2\libgcc.a(_arm_addsubdf3.o)
                0x08001f8c                __aeabi_drsub
                0x08001f94                __aeabi_dsub
                0x08001f94                __subdf3
                0x08001f98                __aeabi_dadd
                0x08001f98                __adddf3
                0x08002210                __floatunsidf
                0x08002210                __aeabi_ui2d
                0x08002230                __floatsidf
                0x08002230                __aeabi_i2d
                0x08002254                __aeabi_f2d
                0x08002254                __extendsfdf2
                0x08002290                __floatundidf
                0x08002290                __aeabi_ul2d
                0x080022a0                __floatdidf
                0x080022a0                __aeabi_l2d
 .text          0x080022fc      0x424 c:/program files (x86)/raisonance/ride/arm-gcc/bin/../lib/gcc/arm-none-eabi/4.5.1/thumb2\libgcc.a(_arm_muldivdf3.o)
                0x080022fc                __aeabi_dmul
                0x080022fc                __muldf3
                0x08002550                __divdf3
                0x08002550                __aeabi_ddiv
 .text          0x08002720      0x110 c:/program files (x86)/raisonance/ride/arm-gcc/bin/../lib/gcc/arm-none-eabi/4.5.1/thumb2\libgcc.a(_arm_cmpdf2.o)
                0x08002720                __gtdf2
                0x08002720                __gedf2
                0x08002728                __ltdf2
                0x08002728                __ledf2
                0x08002730                __nedf2
                0x08002730                __eqdf2
                0x08002730                __cmpdf2
                0x080027ac                __aeabi_cdrcmple
                0x080027bc                __aeabi_cdcmpeq
                0x080027bc                __aeabi_cdcmple
                0x080027cc                __aeabi_dcmpeq
                0x080027e0                __aeabi_dcmplt
                0x080027f4                __aeabi_dcmple
                0x08002808                __aeabi_dcmpge
                0x0800281c                __aeabi_dcmpgt
 .text          0x08002830       0x50 c:/program files (x86)/raisonance/ride/arm-gcc/bin/../lib/gcc/arm-none-eabi/4.5.1/thumb2\libgcc.a(_arm_fixdfsi.o)
                0x08002830                __aeabi_d2iz
                0x08002830                __fixdfsi
 *(.text.*)
 .text.set_ebuff
                0x08002880       0x52 D:\sunny\stm32\therme\Project\RIDE\STM3210C-EVAL\main.o
                0x08002880                set_ebuff
 .text.read_ebuff
                0x080028d2       0x54 D:\sunny\stm32\therme\Project\RIDE\STM3210C-EVAL\main.o
                0x080028d2                read_ebuff
 *fill*         0x08002926        0x2 00
 .text.chk_modes
                0x08002928        0xc D:\sunny\stm32\therme\Project\RIDE\STM3210C-EVAL\main.o
                0x08002928                chk_modes
 .text.i2c_rr   0x08002934        0xc D:\sunny\stm32\therme\Project\RIDE\STM3210C-EVAL\main.o
                0x08002934                i2c_rr
 .text.GetADC1Channel
                0x08002940       0x28 D:\sunny\stm32\therme\Project\RIDE\STM3210C-EVAL\main.o
                0x08002940                GetADC1Channel
 .text.check_temp
                0x08002968      0x368 D:\sunny\stm32\therme\Project\RIDE\STM3210C-EVAL\main.o
                0x08002968                check_temp
 .text.set_led_off
                0x08002cd0       0x30 D:\sunny\stm32\therme\Project\RIDE\STM3210C-EVAL\main.o
                0x08002cd0                set_led_off
 .text.set_led_on
                0x08002d00       0x30 D:\sunny\stm32\therme\Project\RIDE\STM3210C-EVAL\main.o
                0x08002d00                set_led_on
 .text.show_seg1
                0x08002d30       0x70 D:\sunny\stm32\therme\Project\RIDE\STM3210C-EVAL\main.o
                0x08002d30                show_seg1
 .text.printU   0x08002da0       0x28 D:\sunny\stm32\therme\Project\RIDE\STM3210C-EVAL\main.o
                0x08002da0                printU
 .text.Delay    0x08002dc8       0x1c D:\sunny\stm32\therme\Project\RIDE\STM3210C-EVAL\main.o
                0x08002dc8                Delay
 .text.Time_Update
                0x08002de4       0x28 D:\sunny\stm32\therme\Project\RIDE\STM3210C-EVAL\main.o
                0x08002de4                Time_Update
 .text.time_cal
                0x08002e0c      0x18c D:\sunny\stm32\therme\Project\RIDE\STM3210C-EVAL\main.o
                0x08002e0c                time_cal
 .text.System_Periodic_Handle
                0x08002f98       0x18 D:\sunny\stm32\therme\Project\RIDE\STM3210C-EVAL\main.o
                0x08002f98                System_Periodic_Handle
 .text.melloc_ar
                0x08002fb0       0x3c D:\sunny\stm32\therme\Project\RIDE\STM3210C-EVAL\main.o
                0x08002fb0                melloc_ar
 .text.clear_delayfn
                0x08002fec       0x3c D:\sunny\stm32\therme\Project\RIDE\STM3210C-EVAL\main.o
                0x08002fec                clear_delayfn
 .text.set_dat_o
                0x08003028       0x30 D:\sunny\stm32\therme\Project\RIDE\STM3210C-EVAL\main.o
                0x08003028                set_dat_o
 .text.SendDat_1302
                0x08003058       0x30 D:\sunny\stm32\therme\Project\RIDE\STM3210C-EVAL\main.o
                0x08003058                SendDat_1302
 .text.WriteByte_1302
                0x08003088       0x54 D:\sunny\stm32\therme\Project\RIDE\STM3210C-EVAL\main.o
                0x08003088                WriteByte_1302
 .text.RecByte_1302
                0x080030dc       0x7c D:\sunny\stm32\therme\Project\RIDE\STM3210C-EVAL\main.o
                0x080030dc                RecByte_1302
 .text.Read_RTC
                0x08003158       0x6c D:\sunny\stm32\therme\Project\RIDE\STM3210C-EVAL\main.o
                0x08003158                Read_RTC
 .text.Ds1302_int
                0x080031c4       0xa4 D:\sunny\stm32\therme\Project\RIDE\STM3210C-EVAL\main.o
                0x080031c4                Ds1302_int
 .text.out_toggle_s
                0x08003268       0x70 D:\sunny\stm32\therme\Project\RIDE\STM3210C-EVAL\main.o
                0x08003268                out_toggle_s
 .text.outpp    0x080032d8       0xb8 D:\sunny\stm32\therme\Project\RIDE\STM3210C-EVAL\main.o
                0x080032d8                outpp
 .text.func_chk
                0x08003390      0x418 D:\sunny\stm32\therme\Project\RIDE\STM3210C-EVAL\main.o
                0x08003390                func_chk
 .text.TIM3_IRQHandler
                0x080037a8      0x1b0 D:\sunny\stm32\therme\Project\RIDE\STM3210C-EVAL\main.o
                0x080037a8                TIM3_IRQHandler
 .text.MENU_int1
                0x08003958       0xe4 D:\sunny\stm32\therme\Project\RIDE\STM3210C-EVAL\main.o
                0x08003958                MENU_int1
 .text.main     0x08003a3c      0x118 D:\sunny\stm32\therme\Project\RIDE\STM3210C-EVAL\main.o
                0x08003a3c                main
 .text.LwIP_Init
                0x08003b54       0x6c D:\sunny\stm32\therme\Project\RIDE\STM3210C-EVAL\netconf.o
                0x08003b54                LwIP_Init
 .text.LwIP_Pkt_Handle
                0x08003bc0        0xc D:\sunny\stm32\therme\Project\RIDE\STM3210C-EVAL\netconf.o
                0x08003bc0                LwIP_Pkt_Handle
 .text.LwIP_Periodic_Handle
                0x08003bcc       0x40 D:\sunny\stm32\therme\Project\RIDE\STM3210C-EVAL\netconf.o
                0x08003bcc                LwIP_Periodic_Handle
 .text.Display_Periodic_Handle
                0x08003c0c       0x74 D:\sunny\stm32\therme\Project\RIDE\STM3210C-EVAL\netconf.o
                0x08003c0c                Display_Periodic_Handle
 .text.NMI_Handler
                0x08003c80        0x2 D:\sunny\stm32\therme\Project\RIDE\STM3210C-EVAL\stm32f10x_it.o
                0x08003c80                NMI_Handler
 .text.HardFault_Handler
                0x08003c82        0x2 D:\sunny\stm32\therme\Project\RIDE\STM3210C-EVAL\stm32f10x_it.o
                0x08003c82                HardFault_Handler
 .text.MemManage_Handler
                0x08003c84        0x2 D:\sunny\stm32\therme\Project\RIDE\STM3210C-EVAL\stm32f10x_it.o
                0x08003c84                MemManage_Handler
 .text.BusFault_Handler
                0x08003c86        0x2 D:\sunny\stm32\therme\Project\RIDE\STM3210C-EVAL\stm32f10x_it.o
                0x08003c86                BusFault_Handler
 .text.UsageFault_Handler
                0x08003c88        0x2 D:\sunny\stm32\therme\Project\RIDE\STM3210C-EVAL\stm32f10x_it.o
                0x08003c88                UsageFault_Handler
 .text.SVC_Handler
                0x08003c8a        0x2 D:\sunny\stm32\therme\Project\RIDE\STM3210C-EVAL\stm32f10x_it.o
                0x08003c8a                SVC_Handler
 .text.DebugMon_Handler
                0x08003c8c        0x2 D:\sunny\stm32\therme\Project\RIDE\STM3210C-EVAL\stm32f10x_it.o
                0x08003c8c                DebugMon_Handler
 .text.PendSV_Handler
                0x08003c8e        0x2 D:\sunny\stm32\therme\Project\RIDE\STM3210C-EVAL\stm32f10x_it.o
                0x08003c8e                PendSV_Handler
 .text.SysTick_Handler
                0x08003c90        0x4 D:\sunny\stm32\therme\Project\RIDE\STM3210C-EVAL\stm32f10x_it.o
                0x08003c90                SysTick_Handler
 .text.RTC_IRQHandler
                0x08003c94        0x2 D:\sunny\stm32\therme\Project\RIDE\STM3210C-EVAL\stm32f10x_it.o
                0x08003c94                RTC_IRQHandler
 .text.ETH_IRQHandler
                0x08003c96       0x22 D:\sunny\stm32\therme\Project\RIDE\STM3210C-EVAL\stm32f10x_it.o
                0x08003c96                ETH_IRQHandler
 .text.EXTI15_10_IRQHandler
                0x08003cb8       0x1a D:\sunny\stm32\therme\Project\RIDE\STM3210C-EVAL\stm32f10x_it.o
                0x08003cb8                EXTI15_10_IRQHandler
 *fill*         0x08003cd2        0x2 00
 .text.NVIC_SetPriority.clone.0
                0x08003cd4       0x10 D:\sunny\stm32\therme\Project\RIDE\STM3210C-EVAL\stm32f107.o
 .text.ET_STM32_RCC_Configuration
                0x08003ce4       0xd8 D:\sunny\stm32\therme\Project\RIDE\STM3210C-EVAL\stm32f107.o
                0x08003ce4                ET_STM32_RCC_Configuration
 .text.Ethernet_Configuration
                0x08003dbc       0xa0 D:\sunny\stm32\therme\Project\RIDE\STM3210C-EVAL\stm32f107.o
                0x08003dbc                Ethernet_Configuration
 .text.GPIO_Configuration
                0x08003e5c      0x110 D:\sunny\stm32\therme\Project\RIDE\STM3210C-EVAL\stm32f107.o
                0x08003e5c                GPIO_Configuration
 .text.ADC_Configuration
                0x08003f6c       0x6c D:\sunny\stm32\therme\Project\RIDE\STM3210C-EVAL\stm32f107.o
                0x08003f6c                ADC_Configuration
 .text.NVIC_Configuration
                0x08003fd8       0x30 D:\sunny\stm32\therme\Project\RIDE\STM3210C-EVAL\stm32f107.o
                0x08003fd8                NVIC_Configuration
 .text.System_Setup
                0x08004008       0xe0 D:\sunny\stm32\therme\Project\RIDE\STM3210C-EVAL\stm32f107.o
                0x08004008                System_Setup
 .text.tcp_client_connected
                0x080040e8        0xc D:\sunny\stm32\therme\Project\RIDE\STM3210C-EVAL\client.o
                0x080040e8                tcp_client_connected
 .text.udp_client_callback
                0x080040f4       0x78 D:\sunny\stm32\therme\Project\RIDE\STM3210C-EVAL\client.o
                0x080040f4                udp_client_callback
 .text.client_init
                0x0800416c       0x58 D:\sunny\stm32\therme\Project\RIDE\STM3210C-EVAL\client.o
                0x0800416c                client_init
 .text.tcp_led_control
                0x080041c4       0x20 D:\sunny\stm32\therme\Project\RIDE\STM3210C-EVAL\client.o
                0x080041c4                tcp_led_control
 .text.HelloWorld_accept
                0x080041e4       0x30 D:\sunny\stm32\therme\Project\RIDE\STM3210C-EVAL\helloworld.o
 .text.HelloWorld_conn_err
                0x08004214        0x4 D:\sunny\stm32\therme\Project\RIDE\STM3210C-EVAL\helloworld.o
 .text.HelloWorld_recv
                0x08004218      0x11c D:\sunny\stm32\therme\Project\RIDE\STM3210C-EVAL\helloworld.o
 .text.HelloWorld_init
                0x08004334       0x2c D:\sunny\stm32\therme\Project\RIDE\STM3210C-EVAL\helloworld.o
                0x08004334                HelloWorld_init
 .text.http_accept
                0x08004360       0x48 D:\sunny\stm32\therme\Project\RIDE\STM3210C-EVAL\httpd.o
 .text.send_data
                0x080043a8       0x2a D:\sunny\stm32\therme\Project\RIDE\STM3210C-EVAL\httpd.o
 .text.http_poll
                0x080043d2       0x1a D:\sunny\stm32\therme\Project\RIDE\STM3210C-EVAL\httpd.o
 .text.conn_err
                0x080043ec        0x4 D:\sunny\stm32\therme\Project\RIDE\STM3210C-EVAL\httpd.o
 .text.close_conn
                0x080043f0       0x2c D:\sunny\stm32\therme\Project\RIDE\STM3210C-EVAL\httpd.o
 .text.http_sent
                0x0800441c       0x1c D:\sunny\stm32\therme\Project\RIDE\STM3210C-EVAL\httpd.o
 .text.httpd_init
                0x08004438       0x2c D:\sunny\stm32\therme\Project\RIDE\STM3210C-EVAL\httpd.o
                0x08004438                httpd_init
 .text.fs_open  0x08004464       0x30 D:\sunny\stm32\therme\Project\RIDE\STM3210C-EVAL\httpd.o
                0x08004464                fs_open
 .text.http_recv
                0x08004494      0x688 D:\sunny\stm32\therme\Project\RIDE\STM3210C-EVAL\httpd.o
 .text.I2C_Init
                0x08004b1c       0xd8 D:\sunny\stm32\therme\Project\RIDE\STM3210C-EVAL\stm32f10x_i2c.o
                0x08004b1c                I2C_Init
 .text.I2C_Cmd  0x08004bf4       0x1a D:\sunny\stm32\therme\Project\RIDE\STM3210C-EVAL\stm32f10x_i2c.o
                0x08004bf4                I2C_Cmd
 .text.I2C_GenerateSTART
                0x08004c0e       0x1a D:\sunny\stm32\therme\Project\RIDE\STM3210C-EVAL\stm32f10x_i2c.o
                0x08004c0e                I2C_GenerateSTART
 .text.I2C_GenerateSTOP
                0x08004c28       0x1a D:\sunny\stm32\therme\Project\RIDE\STM3210C-EVAL\stm32f10x_i2c.o
                0x08004c28                I2C_GenerateSTOP
 .text.I2C_AcknowledgeConfig
                0x08004c42       0x1a D:\sunny\stm32\therme\Project\RIDE\STM3210C-EVAL\stm32f10x_i2c.o
                0x08004c42                I2C_AcknowledgeConfig
 .text.I2C_SendData
                0x08004c5c        0x4 D:\sunny\stm32\therme\Project\RIDE\STM3210C-EVAL\stm32f10x_i2c.o
                0x08004c5c                I2C_SendData
 .text.I2C_ReceiveData
                0x08004c60        0x6 D:\sunny\stm32\therme\Project\RIDE\STM3210C-EVAL\stm32f10x_i2c.o
                0x08004c60                I2C_ReceiveData
 .text.I2C_Send7bitAddress
                0x08004c66       0x10 D:\sunny\stm32\therme\Project\RIDE\STM3210C-EVAL\stm32f10x_i2c.o
                0x08004c66                I2C_Send7bitAddress
 .text.I2C_ReadRegister
                0x08004c76       0x18 D:\sunny\stm32\therme\Project\RIDE\STM3210C-EVAL\stm32f10x_i2c.o
                0x08004c76                I2C_ReadRegister
 .text.I2C_CheckEvent
                0x08004c8e       0x18 D:\sunny\stm32\therme\Project\RIDE\STM3210C-EVAL\stm32f10x_i2c.o
                0x08004c8e                I2C_CheckEvent
 .text.I2C_GetFlagStatus
                0x08004ca6       0x34 D:\sunny\stm32\therme\Project\RIDE\STM3210C-EVAL\stm32f10x_i2c.o
                0x08004ca6                I2C_GetFlagStatus
 .text.I2C_ClearFlag
                0x08004cda        0x8 D:\sunny\stm32\therme\Project\RIDE\STM3210C-EVAL\stm32f10x_i2c.o
                0x08004cda                I2C_ClearFlag
 *fill*         0x08004ce2        0x2 00
 .text.RCC_DeInit
                0x08004ce4       0x4c D:\sunny\stm32\therme\Project\RIDE\STM3210C-EVAL\stm32f10x_rcc.o
                0x08004ce4                RCC_DeInit
 .text.RCC_HSEConfig
                0x08004d30       0x38 D:\sunny\stm32\therme\Project\RIDE\STM3210C-EVAL\stm32f10x_rcc.o
                0x08004d30                RCC_HSEConfig
 .text.RCC_PLLConfig
                0x08004d68       0x18 D:\sunny\stm32\therme\Project\RIDE\STM3210C-EVAL\stm32f10x_rcc.o
                0x08004d68                RCC_PLLConfig
 .text.RCC_PLLCmd
                0x08004d80        0xc D:\sunny\stm32\therme\Project\RIDE\STM3210C-EVAL\stm32f10x_rcc.o
                0x08004d80                RCC_PLLCmd
 .text.RCC_PREDIV1Config
                0x08004d8c       0x1c D:\sunny\stm32\therme\Project\RIDE\STM3210C-EVAL\stm32f10x_rcc.o
                0x08004d8c                RCC_PREDIV1Config
 .text.RCC_PREDIV2Config
                0x08004da8       0x14 D:\sunny\stm32\therme\Project\RIDE\STM3210C-EVAL\stm32f10x_rcc.o
                0x08004da8                RCC_PREDIV2Config
 .text.RCC_PLL2Config
                0x08004dbc       0x14 D:\sunny\stm32\therme\Project\RIDE\STM3210C-EVAL\stm32f10x_rcc.o
                0x08004dbc                RCC_PLL2Config
 .text.RCC_PLL2Cmd
                0x08004dd0        0xc D:\sunny\stm32\therme\Project\RIDE\STM3210C-EVAL\stm32f10x_rcc.o
                0x08004dd0                RCC_PLL2Cmd
 .text.RCC_PLL3Config
                0x08004ddc       0x14 D:\sunny\stm32\therme\Project\RIDE\STM3210C-EVAL\stm32f10x_rcc.o
                0x08004ddc                RCC_PLL3Config
 .text.RCC_PLL3Cmd
                0x08004df0        0xc D:\sunny\stm32\therme\Project\RIDE\STM3210C-EVAL\stm32f10x_rcc.o
                0x08004df0                RCC_PLL3Cmd
 .text.RCC_SYSCLKConfig
                0x08004dfc       0x14 D:\sunny\stm32\therme\Project\RIDE\STM3210C-EVAL\stm32f10x_rcc.o
                0x08004dfc                RCC_SYSCLKConfig
 .text.RCC_GetSYSCLKSource
                0x08004e10       0x10 D:\sunny\stm32\therme\Project\RIDE\STM3210C-EVAL\stm32f10x_rcc.o
                0x08004e10                RCC_GetSYSCLKSource
 .text.RCC_HCLKConfig
                0x08004e20       0x14 D:\sunny\stm32\therme\Project\RIDE\STM3210C-EVAL\stm32f10x_rcc.o
                0x08004e20                RCC_HCLKConfig
 .text.RCC_PCLK1Config
                0x08004e34       0x14 D:\sunny\stm32\therme\Project\RIDE\STM3210C-EVAL\stm32f10x_rcc.o
                0x08004e34                RCC_PCLK1Config
 .text.RCC_PCLK2Config
                0x08004e48       0x14 D:\sunny\stm32\therme\Project\RIDE\STM3210C-EVAL\stm32f10x_rcc.o
                0x08004e48                RCC_PCLK2Config
 .text.RCC_OTGFSCLKConfig
                0x08004e5c        0xc D:\sunny\stm32\therme\Project\RIDE\STM3210C-EVAL\stm32f10x_rcc.o
                0x08004e5c                RCC_OTGFSCLKConfig
 .text.RCC_ADCCLKConfig
                0x08004e68       0x14 D:\sunny\stm32\therme\Project\RIDE\STM3210C-EVAL\stm32f10x_rcc.o
                0x08004e68                RCC_ADCCLKConfig
 .text.RCC_GetClocksFreq
                0x08004e7c       0xd0 D:\sunny\stm32\therme\Project\RIDE\STM3210C-EVAL\stm32f10x_rcc.o
                0x08004e7c                RCC_GetClocksFreq
 .text.RCC_AHBPeriphClockCmd
                0x08004f4c       0x18 D:\sunny\stm32\therme\Project\RIDE\STM3210C-EVAL\stm32f10x_rcc.o
                0x08004f4c                RCC_AHBPeriphClockCmd
 .text.RCC_APB2PeriphClockCmd
                0x08004f64       0x18 D:\sunny\stm32\therme\Project\RIDE\STM3210C-EVAL\stm32f10x_rcc.o
                0x08004f64                RCC_APB2PeriphClockCmd
 .text.RCC_APB1PeriphClockCmd
                0x08004f7c       0x18 D:\sunny\stm32\therme\Project\RIDE\STM3210C-EVAL\stm32f10x_rcc.o
                0x08004f7c                RCC_APB1PeriphClockCmd
 .text.RCC_AHBPeriphResetCmd
                0x08004f94       0x18 D:\sunny\stm32\therme\Project\RIDE\STM3210C-EVAL\stm32f10x_rcc.o
                0x08004f94                RCC_AHBPeriphResetCmd
 .text.RCC_APB2PeriphResetCmd
                0x08004fac       0x18 D:\sunny\stm32\therme\Project\RIDE\STM3210C-EVAL\stm32f10x_rcc.o
                0x08004fac                RCC_APB2PeriphResetCmd
 .text.RCC_MCOConfig
                0x08004fc4        0xc D:\sunny\stm32\therme\Project\RIDE\STM3210C-EVAL\stm32f10x_rcc.o
                0x08004fc4                RCC_MCOConfig
 .text.RCC_GetFlagStatus
                0x08004fd0       0x28 D:\sunny\stm32\therme\Project\RIDE\STM3210C-EVAL\stm32f10x_rcc.o
                0x08004fd0                RCC_GetFlagStatus
 .text.RCC_WaitForHSEStartUp
                0x08004ff8       0x2c D:\sunny\stm32\therme\Project\RIDE\STM3210C-EVAL\stm32f10x_rcc.o
                0x08004ff8                RCC_WaitForHSEStartUp
 .text.TIM_TimeBaseInit
                0x08005024       0x40 D:\sunny\stm32\therme\Project\RIDE\STM3210C-EVAL\stm32f10x_tim.o
                0x08005024                TIM_TimeBaseInit
 .text.TIM_OC1Init
                0x08005064       0x84 D:\sunny\stm32\therme\Project\RIDE\STM3210C-EVAL\stm32f10x_tim.o
                0x08005064                TIM_OC1Init
 .text.TIM_OC2Init
                0x080050e8       0x90 D:\sunny\stm32\therme\Project\RIDE\STM3210C-EVAL\stm32f10x_tim.o
                0x080050e8                TIM_OC2Init
 .text.TIM_OC3Init
                0x08005178       0x8c D:\sunny\stm32\therme\Project\RIDE\STM3210C-EVAL\stm32f10x_tim.o
                0x08005178                TIM_OC3Init
 .text.TIM_OC4Init
                0x08005204       0x6c D:\sunny\stm32\therme\Project\RIDE\STM3210C-EVAL\stm32f10x_tim.o
                0x08005204                TIM_OC4Init
 .text.TIM_Cmd  0x08005270       0x1a D:\sunny\stm32\therme\Project\RIDE\STM3210C-EVAL\stm32f10x_tim.o
                0x08005270                TIM_Cmd
 .text.TIM_ITConfig
                0x0800528a       0x16 D:\sunny\stm32\therme\Project\RIDE\STM3210C-EVAL\stm32f10x_tim.o
                0x0800528a                TIM_ITConfig
 .text.TIM_OC1PreloadConfig
                0x080052a0       0x12 D:\sunny\stm32\therme\Project\RIDE\STM3210C-EVAL\stm32f10x_tim.o
                0x080052a0                TIM_OC1PreloadConfig
 .text.TIM_OC2PreloadConfig
                0x080052b2       0x14 D:\sunny\stm32\therme\Project\RIDE\STM3210C-EVAL\stm32f10x_tim.o
                0x080052b2                TIM_OC2PreloadConfig
 .text.TIM_OC3PreloadConfig
                0x080052c6       0x12 D:\sunny\stm32\therme\Project\RIDE\STM3210C-EVAL\stm32f10x_tim.o
                0x080052c6                TIM_OC3PreloadConfig
 .text.TIM_OC4PreloadConfig
                0x080052d8       0x14 D:\sunny\stm32\therme\Project\RIDE\STM3210C-EVAL\stm32f10x_tim.o
                0x080052d8                TIM_OC4PreloadConfig
 .text.TIM_SetCompare1
                0x080052ec        0x4 D:\sunny\stm32\therme\Project\RIDE\STM3210C-EVAL\stm32f10x_tim.o
                0x080052ec                TIM_SetCompare1
 .text.TIM_SetCompare2
                0x080052f0        0x4 D:\sunny\stm32\therme\Project\RIDE\STM3210C-EVAL\stm32f10x_tim.o
                0x080052f0                TIM_SetCompare2
 .text.TIM_SetCompare3
                0x080052f4        0x4 D:\sunny\stm32\therme\Project\RIDE\STM3210C-EVAL\stm32f10x_tim.o
                0x080052f4                TIM_SetCompare3
 .text.TIM_SetCompare4
                0x080052f8        0x6 D:\sunny\stm32\therme\Project\RIDE\STM3210C-EVAL\stm32f10x_tim.o
                0x080052f8                TIM_SetCompare4
 .text.TIM_GetCapture1
                0x080052fe        0x6 D:\sunny\stm32\therme\Project\RIDE\STM3210C-EVAL\stm32f10x_tim.o
                0x080052fe                TIM_GetCapture1
 .text.TIM_GetCapture2
                0x08005304        0x6 D:\sunny\stm32\therme\Project\RIDE\STM3210C-EVAL\stm32f10x_tim.o
                0x08005304                TIM_GetCapture2
 .text.TIM_GetCapture3
                0x0800530a        0x6 D:\sunny\stm32\therme\Project\RIDE\STM3210C-EVAL\stm32f10x_tim.o
                0x0800530a                TIM_GetCapture3
 .text.TIM_GetCapture4
                0x08005310        0x8 D:\sunny\stm32\therme\Project\RIDE\STM3210C-EVAL\stm32f10x_tim.o
                0x08005310                TIM_GetCapture4
 .text.TIM_GetITStatus
                0x08005318       0x16 D:\sunny\stm32\therme\Project\RIDE\STM3210C-EVAL\stm32f10x_tim.o
                0x08005318                TIM_GetITStatus
 .text.TIM_ClearITPendingBit
                0x0800532e        0x8 D:\sunny\stm32\therme\Project\RIDE\STM3210C-EVAL\stm32f10x_tim.o
                0x0800532e                TIM_ClearITPendingBit
 *fill*         0x08005336        0x2 00
 .text.USART_Init
                0x08005338       0x90 D:\sunny\stm32\therme\Project\RIDE\STM3210C-EVAL\stm32f10x_usart.o
                0x08005338                USART_Init
 .text.USART_Cmd
                0x080053c8       0x1a D:\sunny\stm32\therme\Project\RIDE\STM3210C-EVAL\stm32f10x_usart.o
                0x080053c8                USART_Cmd
 .text.USART_SendData
                0x080053e2        0x8 D:\sunny\stm32\therme\Project\RIDE\STM3210C-EVAL\stm32f10x_usart.o
                0x080053e2                USART_SendData
 .text.USART_GetFlagStatus
                0x080053ea        0xc D:\sunny\stm32\therme\Project\RIDE\STM3210C-EVAL\stm32f10x_usart.o
                0x080053ea                USART_GetFlagStatus
 *fill*         0x080053f6        0x2 00
 .text.NVIC_PriorityGroupConfig
                0x080053f8       0x14 D:\sunny\stm32\therme\Project\RIDE\STM3210C-EVAL\misc.o
                0x080053f8                NVIC_PriorityGroupConfig
 .text.NVIC_Init
                0x0800540c       0x64 D:\sunny\stm32\therme\Project\RIDE\STM3210C-EVAL\misc.o
                0x0800540c                NVIC_Init
 .text.NVIC_SetVectorTable
                0x08005470       0x14 D:\sunny\stm32\therme\Project\RIDE\STM3210C-EVAL\misc.o
                0x08005470                NVIC_SetVectorTable
 .text.ADC_DeInit
                0x08005484       0x5c D:\sunny\stm32\therme\Project\RIDE\STM3210C-EVAL\stm32f10x_adc.o
                0x08005484                ADC_DeInit
 .text.ADC_Init
                0x080054e0       0x4c D:\sunny\stm32\therme\Project\RIDE\STM3210C-EVAL\stm32f10x_adc.o
                0x080054e0                ADC_Init
 .text.ADC_StructInit
                0x0800552c       0x12 D:\sunny\stm32\therme\Project\RIDE\STM3210C-EVAL\stm32f10x_adc.o
                0x0800552c                ADC_StructInit
 .text.ADC_Cmd  0x0800553e       0x14 D:\sunny\stm32\therme\Project\RIDE\STM3210C-EVAL\stm32f10x_adc.o
                0x0800553e                ADC_Cmd
 .text.ADC_ResetCalibration
                0x08005552        0xa D:\sunny\stm32\therme\Project\RIDE\STM3210C-EVAL\stm32f10x_adc.o
                0x08005552                ADC_ResetCalibration
 .text.ADC_GetResetCalibrationStatus
                0x0800555c        0x8 D:\sunny\stm32\therme\Project\RIDE\STM3210C-EVAL\stm32f10x_adc.o
                0x0800555c                ADC_GetResetCalibrationStatus
 .text.ADC_StartCalibration
                0x08005564        0xa D:\sunny\stm32\therme\Project\RIDE\STM3210C-EVAL\stm32f10x_adc.o
                0x08005564                ADC_StartCalibration
 .text.ADC_GetCalibrationStatus
                0x0800556e        0x8 D:\sunny\stm32\therme\Project\RIDE\STM3210C-EVAL\stm32f10x_adc.o
                0x0800556e                ADC_GetCalibrationStatus
 .text.ADC_SoftwareStartConvCmd
                0x08005576       0x14 D:\sunny\stm32\therme\Project\RIDE\STM3210C-EVAL\stm32f10x_adc.o
                0x08005576                ADC_SoftwareStartConvCmd
 .text.ADC_RegularChannelConfig
                0x0800558a       0x8e D:\sunny\stm32\therme\Project\RIDE\STM3210C-EVAL\stm32f10x_adc.o
                0x0800558a                ADC_RegularChannelConfig
 .text.ADC_GetConversionValue
                0x08005618        0x6 D:\sunny\stm32\therme\Project\RIDE\STM3210C-EVAL\stm32f10x_adc.o
                0x08005618                ADC_GetConversionValue
 .text.ADC_GetFlagStatus
                0x0800561e        0xc D:\sunny\stm32\therme\Project\RIDE\STM3210C-EVAL\stm32f10x_adc.o
                0x0800561e                ADC_GetFlagStatus
 *fill*         0x0800562a        0x2 00
 .text.EXTI_Init
                0x0800562c       0x7c D:\sunny\stm32\therme\Project\RIDE\STM3210C-EVAL\stm32f10x_exti.o
                0x0800562c                EXTI_Init
 .text.EXTI_GetITStatus
                0x080056a8       0x1c D:\sunny\stm32\therme\Project\RIDE\STM3210C-EVAL\stm32f10x_exti.o
                0x080056a8                EXTI_GetITStatus
 .text.EXTI_ClearITPendingBit
                0x080056c4        0xc D:\sunny\stm32\therme\Project\RIDE\STM3210C-EVAL\stm32f10x_exti.o
                0x080056c4                EXTI_ClearITPendingBit
 .text.FLASH_SetLatency
                0x080056d0       0x14 D:\sunny\stm32\therme\Project\RIDE\STM3210C-EVAL\stm32f10x_flash.o
                0x080056d0                FLASH_SetLatency
 .text.FLASH_PrefetchBufferCmd
                0x080056e4       0x18 D:\sunny\stm32\therme\Project\RIDE\STM3210C-EVAL\stm32f10x_flash.o
                0x080056e4                FLASH_PrefetchBufferCmd
 .text.GPIO_Init
                0x080056fc       0x9e D:\sunny\stm32\therme\Project\RIDE\STM3210C-EVAL\stm32f10x_gpio.o
                0x080056fc                GPIO_Init
 .text.GPIO_ReadInputDataBit
                0x0800579a        0xc D:\sunny\stm32\therme\Project\RIDE\STM3210C-EVAL\stm32f10x_gpio.o
                0x0800579a                GPIO_ReadInputDataBit
 .text.GPIO_ReadInputData
                0x080057a6        0x6 D:\sunny\stm32\therme\Project\RIDE\STM3210C-EVAL\stm32f10x_gpio.o
                0x080057a6                GPIO_ReadInputData
 .text.GPIO_WriteBit
                0x080057ac        0xa D:\sunny\stm32\therme\Project\RIDE\STM3210C-EVAL\stm32f10x_gpio.o
                0x080057ac                GPIO_WriteBit
 *fill*         0x080057b6        0x2 00
 .text.GPIO_PinRemapConfig
                0x080057b8       0x58 D:\sunny\stm32\therme\Project\RIDE\STM3210C-EVAL\stm32f10x_gpio.o
                0x080057b8                GPIO_PinRemapConfig
 .text.GPIO_EXTILineConfig
                0x08005810       0x34 D:\sunny\stm32\therme\Project\RIDE\STM3210C-EVAL\stm32f10x_gpio.o
                0x08005810                GPIO_EXTILineConfig
 .text.GPIO_ETH_MediaInterfaceConfig
                0x08005844        0xc D:\sunny\stm32\therme\Project\RIDE\STM3210C-EVAL\stm32f10x_gpio.o
                0x08005844                GPIO_ETH_MediaInterfaceConfig
 .text.ETH_Delay
                0x08005850       0x1c D:\sunny\stm32\therme\Project\RIDE\STM3210C-EVAL\stm32_eth.o
 .text.ETH_DeInit
                0x0800586c       0x1a D:\sunny\stm32\therme\Project\RIDE\STM3210C-EVAL\stm32_eth.o
                0x0800586c                ETH_DeInit
 .text.ETH_StructInit
                0x08005886       0x9e D:\sunny\stm32\therme\Project\RIDE\STM3210C-EVAL\stm32_eth.o
                0x08005886                ETH_StructInit
 .text.ETH_ReadPHYRegister
                0x08005924       0x5c D:\sunny\stm32\therme\Project\RIDE\STM3210C-EVAL\stm32_eth.o
                0x08005924                ETH_ReadPHYRegister
 .text.ETH_WritePHYRegister
                0x08005980       0x54 D:\sunny\stm32\therme\Project\RIDE\STM3210C-EVAL\stm32_eth.o
                0x08005980                ETH_WritePHYRegister
 .text.ETH_Init
                0x080059d4      0x254 D:\sunny\stm32\therme\Project\RIDE\STM3210C-EVAL\stm32_eth.o
                0x080059d4                ETH_Init
 .text.ETH_MACTransmissionCmd
                0x08005c28       0x1c D:\sunny\stm32\therme\Project\RIDE\STM3210C-EVAL\stm32_eth.o
                0x08005c28                ETH_MACTransmissionCmd
 .text.ETH_MACReceptionCmd
                0x08005c44       0x1c D:\sunny\stm32\therme\Project\RIDE\STM3210C-EVAL\stm32_eth.o
                0x08005c44                ETH_MACReceptionCmd
 .text.ETH_MACAddressConfig
                0x08005c60       0x30 D:\sunny\stm32\therme\Project\RIDE\STM3210C-EVAL\stm32_eth.o
                0x08005c60                ETH_MACAddressConfig
 .text.ETH_DMATxDescChainInit
                0x08005c90       0x44 D:\sunny\stm32\therme\Project\RIDE\STM3210C-EVAL\stm32_eth.o
                0x08005c90                ETH_DMATxDescChainInit
 .text.ETH_DMATxDescChecksumInsertionConfig
                0x08005cd4        0x8 D:\sunny\stm32\therme\Project\RIDE\STM3210C-EVAL\stm32_eth.o
                0x08005cd4                ETH_DMATxDescChecksumInsertionConfig
 .text.ETH_DMARxDescChainInit
                0x08005cdc       0x4c D:\sunny\stm32\therme\Project\RIDE\STM3210C-EVAL\stm32_eth.o
                0x08005cdc                ETH_DMARxDescChainInit
 .text.ETH_GetDMARxDescFrameLength
                0x08005d28        0x8 D:\sunny\stm32\therme\Project\RIDE\STM3210C-EVAL\stm32_eth.o
                0x08005d28                ETH_GetDMARxDescFrameLength
 .text.ETH_GetRxPktSize
                0x08005d30       0x20 D:\sunny\stm32\therme\Project\RIDE\STM3210C-EVAL\stm32_eth.o
                0x08005d30                ETH_GetRxPktSize
 .text.ETH_DMARxDescReceiveITConfig
                0x08005d50       0x12 D:\sunny\stm32\therme\Project\RIDE\STM3210C-EVAL\stm32_eth.o
                0x08005d50                ETH_DMARxDescReceiveITConfig
 *fill*         0x08005d62        0x2 00
 .text.ETH_SoftwareReset
                0x08005d64       0x10 D:\sunny\stm32\therme\Project\RIDE\STM3210C-EVAL\stm32_eth.o
                0x08005d64                ETH_SoftwareReset
 .text.ETH_GetSoftwareResetStatus
                0x08005d74       0x10 D:\sunny\stm32\therme\Project\RIDE\STM3210C-EVAL\stm32_eth.o
                0x08005d74                ETH_GetSoftwareResetStatus
 .text.ETH_DMAClearITPendingBit
                0x08005d84        0xc D:\sunny\stm32\therme\Project\RIDE\STM3210C-EVAL\stm32_eth.o
                0x08005d84                ETH_DMAClearITPendingBit
 .text.ETH_FlushTransmitFIFO
                0x08005d90       0x10 D:\sunny\stm32\therme\Project\RIDE\STM3210C-EVAL\stm32_eth.o
                0x08005d90                ETH_FlushTransmitFIFO
 .text.ETH_DMATransmissionCmd
                0x08005da0       0x1c D:\sunny\stm32\therme\Project\RIDE\STM3210C-EVAL\stm32_eth.o
                0x08005da0                ETH_DMATransmissionCmd
 .text.ETH_DMAReceptionCmd
                0x08005dbc       0x1c D:\sunny\stm32\therme\Project\RIDE\STM3210C-EVAL\stm32_eth.o
                0x08005dbc                ETH_DMAReceptionCmd
 .text.ETH_Start
                0x08005dd8       0x22 D:\sunny\stm32\therme\Project\RIDE\STM3210C-EVAL\stm32_eth.o
                0x08005dd8                ETH_Start
 *fill*         0x08005dfa        0x2 00
 .text.ETH_DMAITConfig
                0x08005dfc       0x18 D:\sunny\stm32\therme\Project\RIDE\STM3210C-EVAL\stm32_eth.o
                0x08005dfc                ETH_DMAITConfig
 .text.tcp_pbuf_prealloc
                0x08005e14       0x58 D:\sunny\stm32\therme\Project\RIDE\STM3210C-EVAL\tcp_out.o
 .text.tcp_create_segment
                0x08005e6c       0xcc D:\sunny\stm32\therme\Project\RIDE\STM3210C-EVAL\tcp_out.o
 .text.tcp_output_alloc_header.clone.0
                0x08005f38       0x88 D:\sunny\stm32\therme\Project\RIDE\STM3210C-EVAL\tcp_out.o
 .text.tcp_write
                0x08005fc0      0x312 D:\sunny\stm32\therme\Project\RIDE\STM3210C-EVAL\tcp_out.o
                0x08005fc0                tcp_write
 .text.tcp_enqueue_flags
                0x080062d2       0xac D:\sunny\stm32\therme\Project\RIDE\STM3210C-EVAL\tcp_out.o
                0x080062d2                tcp_enqueue_flags
 .text.tcp_send_fin
                0x0800637e       0x52 D:\sunny\stm32\therme\Project\RIDE\STM3210C-EVAL\tcp_out.o
                0x0800637e                tcp_send_fin
 .text.tcp_send_empty_ack
                0x080063d0       0x46 D:\sunny\stm32\therme\Project\RIDE\STM3210C-EVAL\tcp_out.o
                0x080063d0                tcp_send_empty_ack
 *fill*         0x08006416        0x2 00
 .text.tcp_output
                0x08006418      0x358 D:\sunny\stm32\therme\Project\RIDE\STM3210C-EVAL\tcp_out.o
                0x08006418                tcp_output
 .text.tcp_rst  0x08006770       0xd8 D:\sunny\stm32\therme\Project\RIDE\STM3210C-EVAL\tcp_out.o
                0x08006770                tcp_rst
 .text.tcp_rexmit_rto
                0x08006848       0x30 D:\sunny\stm32\therme\Project\RIDE\STM3210C-EVAL\tcp_out.o
                0x08006848                tcp_rexmit_rto
 .text.tcp_rexmit
                0x08006878       0x6c D:\sunny\stm32\therme\Project\RIDE\STM3210C-EVAL\tcp_out.o
                0x08006878                tcp_rexmit
 .text.tcp_rexmit_fast
                0x080068e4       0x5a D:\sunny\stm32\therme\Project\RIDE\STM3210C-EVAL\tcp_out.o
                0x080068e4                tcp_rexmit_fast
 .text.tcp_keepalive
                0x0800693e       0x3c D:\sunny\stm32\therme\Project\RIDE\STM3210C-EVAL\tcp_out.o
                0x0800693e                tcp_keepalive
 .text.tcp_zero_window_probe
                0x0800697a       0xd4 D:\sunny\stm32\therme\Project\RIDE\STM3210C-EVAL\tcp_out.o
                0x0800697a                tcp_zero_window_probe
 *fill*         0x08006a4e        0x2 00
 .text.udp_input
                0x08006a50      0x16c D:\sunny\stm32\therme\Project\RIDE\STM3210C-EVAL\udp.o
                0x08006a50                udp_input
 .text.udp_bind
                0x08006bbc       0x78 D:\sunny\stm32\therme\Project\RIDE\STM3210C-EVAL\udp.o
                0x08006bbc                udp_bind
 .text.udp_sendto_if
                0x08006c34       0xe4 D:\sunny\stm32\therme\Project\RIDE\STM3210C-EVAL\udp.o
                0x08006c34                udp_sendto_if
 .text.udp_sendto
                0x08006d18       0x28 D:\sunny\stm32\therme\Project\RIDE\STM3210C-EVAL\udp.o
                0x08006d18                udp_sendto
 .text.udp_send
                0x08006d40        0x8 D:\sunny\stm32\therme\Project\RIDE\STM3210C-EVAL\udp.o
                0x08006d40                udp_send
 .text.udp_connect
                0x08006d48       0x48 D:\sunny\stm32\therme\Project\RIDE\STM3210C-EVAL\udp.o
                0x08006d48                udp_connect
 .text.udp_disconnect
                0x08006d90       0x10 D:\sunny\stm32\therme\Project\RIDE\STM3210C-EVAL\udp.o
                0x08006d90                udp_disconnect
 .text.udp_recv
                0x08006da0        0x6 D:\sunny\stm32\therme\Project\RIDE\STM3210C-EVAL\udp.o
                0x08006da0                udp_recv
 .text.udp_new  0x08006da6       0x1c D:\sunny\stm32\therme\Project\RIDE\STM3210C-EVAL\udp.o
                0x08006da6                udp_new
 *fill*         0x08006dc2        0x2 00
 .text.mem_init
                0x08006dc4       0x30 D:\sunny\stm32\therme\Project\RIDE\STM3210C-EVAL\mem.o
                0x08006dc4                mem_init
 .text.mem_free
                0x08006df4       0x80 D:\sunny\stm32\therme\Project\RIDE\STM3210C-EVAL\mem.o
                0x08006df4                mem_free
 .text.mem_trim
                0x08006e74       0xb0 D:\sunny\stm32\therme\Project\RIDE\STM3210C-EVAL\mem.o
                0x08006e74                mem_trim
 .text.mem_malloc
                0x08006f24       0xa4 D:\sunny\stm32\therme\Project\RIDE\STM3210C-EVAL\mem.o
                0x08006f24                mem_malloc
 .text.mem_calloc
                0x08006fc8       0x1c D:\sunny\stm32\therme\Project\RIDE\STM3210C-EVAL\mem.o
                0x08006fc8                mem_calloc
 .text.memp_init
                0x08006fe4       0x48 D:\sunny\stm32\therme\Project\RIDE\STM3210C-EVAL\memp.o
                0x08006fe4                memp_init
 .text.memp_malloc
                0x0800702c       0x20 D:\sunny\stm32\therme\Project\RIDE\STM3210C-EVAL\memp.o
                0x0800702c                memp_malloc
 .text.memp_free
                0x0800704c       0x18 D:\sunny\stm32\therme\Project\RIDE\STM3210C-EVAL\memp.o
                0x0800704c                memp_free
 .text.netif_set_ipaddr
                0x08007064       0x50 D:\sunny\stm32\therme\Project\RIDE\STM3210C-EVAL\netif.o
                0x08007064                netif_set_ipaddr
 .text.netif_set_gw
                0x080070b4        0x8 D:\sunny\stm32\therme\Project\RIDE\STM3210C-EVAL\netif.o
                0x080070b4                netif_set_gw
 .text.netif_set_netmask
                0x080070bc        0x8 D:\sunny\stm32\therme\Project\RIDE\STM3210C-EVAL\netif.o
                0x080070bc                netif_set_netmask
 .text.netif_set_addr
                0x080070c4       0x20 D:\sunny\stm32\therme\Project\RIDE\STM3210C-EVAL\netif.o
                0x080070c4                netif_set_addr
 .text.netif_add
                0x080070e4       0x48 D:\sunny\stm32\therme\Project\RIDE\STM3210C-EVAL\netif.o
                0x080070e4                netif_add
 .text.netif_set_default
                0x0800712c        0xc D:\sunny\stm32\therme\Project\RIDE\STM3210C-EVAL\netif.o
                0x0800712c                netif_set_default
 .text.netif_set_up
                0x08007138       0x22 D:\sunny\stm32\therme\Project\RIDE\STM3210C-EVAL\netif.o
                0x08007138                netif_set_up
 .text.pbuf_alloced_custom
                0x0800715a       0x5c D:\sunny\stm32\therme\Project\RIDE\STM3210C-EVAL\pbuf.o
                0x0800715a                pbuf_alloced_custom
 .text.pbuf_header
                0x080071b6       0x6a D:\sunny\stm32\therme\Project\RIDE\STM3210C-EVAL\pbuf.o
                0x080071b6                pbuf_header
 .text.pbuf_free
                0x08007220       0x58 D:\sunny\stm32\therme\Project\RIDE\STM3210C-EVAL\pbuf.o
                0x08007220                pbuf_free
 .text.pbuf_realloc
                0x08007278       0x4c D:\sunny\stm32\therme\Project\RIDE\STM3210C-EVAL\pbuf.o
                0x08007278                pbuf_realloc
 .text.pbuf_alloc
                0x080072c4      0x118 D:\sunny\stm32\therme\Project\RIDE\STM3210C-EVAL\pbuf.o
                0x080072c4                pbuf_alloc
 .text.pbuf_clen
                0x080073dc       0x12 D:\sunny\stm32\therme\Project\RIDE\STM3210C-EVAL\pbuf.o
                0x080073dc                pbuf_clen
 .text.pbuf_ref
                0x080073ee        0xa D:\sunny\stm32\therme\Project\RIDE\STM3210C-EVAL\pbuf.o
                0x080073ee                pbuf_ref
 .text.pbuf_cat
                0x080073f8       0x22 D:\sunny\stm32\therme\Project\RIDE\STM3210C-EVAL\pbuf.o
                0x080073f8                pbuf_cat
 .text.pbuf_chain
                0x0800741a       0x12 D:\sunny\stm32\therme\Project\RIDE\STM3210C-EVAL\pbuf.o
                0x0800741a                pbuf_chain
 .text.pbuf_copy
                0x0800742c       0x8c D:\sunny\stm32\therme\Project\RIDE\STM3210C-EVAL\pbuf.o
                0x0800742c                pbuf_copy
 .text.pbuf_copy_partial
                0x080074b8       0x6e D:\sunny\stm32\therme\Project\RIDE\STM3210C-EVAL\pbuf.o
                0x080074b8                pbuf_copy_partial
 *fill*         0x08007526        0x2 00
 .text.raw_input
                0x08007528       0x78 D:\sunny\stm32\therme\Project\RIDE\STM3210C-EVAL\raw.o
                0x08007528                raw_input
 .text.tcp_accept_null
                0x080075a0        0x6 D:\sunny\stm32\therme\Project\RIDE\STM3210C-EVAL\tcp.o
 *fill*         0x080075a6        0x2 00
 .text.tcp_new_port
                0x080075a8       0x44 D:\sunny\stm32\therme\Project\RIDE\STM3210C-EVAL\tcp.o
 .text.tcp_bind
                0x080075ec       0x68 D:\sunny\stm32\therme\Project\RIDE\STM3210C-EVAL\tcp.o
                0x080075ec                tcp_bind
 .text.tcp_listen_with_backlog
                0x08007654       0x9c D:\sunny\stm32\therme\Project\RIDE\STM3210C-EVAL\tcp.o
                0x08007654                tcp_listen_with_backlog
 .text.tcp_update_rcv_ann_wnd
                0x080076f0       0x3a D:\sunny\stm32\therme\Project\RIDE\STM3210C-EVAL\tcp.o
                0x080076f0                tcp_update_rcv_ann_wnd
 .text.tcp_recved
                0x0800772a       0x3a D:\sunny\stm32\therme\Project\RIDE\STM3210C-EVAL\tcp.o
                0x0800772a                tcp_recved
 .text.tcp_seg_free
                0x08007764       0x1c D:\sunny\stm32\therme\Project\RIDE\STM3210C-EVAL\tcp.o
                0x08007764                tcp_seg_free
 .text.tcp_segs_free
                0x08007780       0x12 D:\sunny\stm32\therme\Project\RIDE\STM3210C-EVAL\tcp.o
                0x08007780                tcp_segs_free
 .text.tcp_arg  0x08007792        0x4 D:\sunny\stm32\therme\Project\RIDE\STM3210C-EVAL\tcp.o
                0x08007792                tcp_arg
 .text.tcp_recv
                0x08007796        0x6 D:\sunny\stm32\therme\Project\RIDE\STM3210C-EVAL\tcp.o
                0x08007796                tcp_recv
 .text.tcp_sent
                0x0800779c        0x6 D:\sunny\stm32\therme\Project\RIDE\STM3210C-EVAL\tcp.o
                0x0800779c                tcp_sent
 .text.tcp_err  0x080077a2        0x6 D:\sunny\stm32\therme\Project\RIDE\STM3210C-EVAL\tcp.o
                0x080077a2                tcp_err
 .text.tcp_accept
                0x080077a8        0x4 D:\sunny\stm32\therme\Project\RIDE\STM3210C-EVAL\tcp.o
                0x080077a8                tcp_accept
 .text.tcp_poll
                0x080077ac        0xa D:\sunny\stm32\therme\Project\RIDE\STM3210C-EVAL\tcp.o
                0x080077ac                tcp_poll
 .text.tcp_pcb_purge
                0x080077b6       0x3a D:\sunny\stm32\therme\Project\RIDE\STM3210C-EVAL\tcp.o
                0x080077b6                tcp_pcb_purge
 .text.tcp_slowtmr
                0x080077f0      0x25c D:\sunny\stm32\therme\Project\RIDE\STM3210C-EVAL\tcp.o
                0x080077f0                tcp_slowtmr
 .text.tcp_pcb_remove
                0x08007a4c       0x64 D:\sunny\stm32\therme\Project\RIDE\STM3210C-EVAL\tcp.o
                0x08007a4c                tcp_pcb_remove
 .text.tcp_abandon
                0x08007ab0       0x90 D:\sunny\stm32\therme\Project\RIDE\STM3210C-EVAL\tcp.o
                0x08007ab0                tcp_abandon
 .text.tcp_abort
                0x08007b40        0x6 D:\sunny\stm32\therme\Project\RIDE\STM3210C-EVAL\tcp.o
                0x08007b40                tcp_abort
 *fill*         0x08007b46        0x2 00
 .text.tcp_close_shutdown
                0x08007b48      0x118 D:\sunny\stm32\therme\Project\RIDE\STM3210C-EVAL\tcp.o
 .text.tcp_close
                0x08007c60       0x18 D:\sunny\stm32\therme\Project\RIDE\STM3210C-EVAL\tcp.o
                0x08007c60                tcp_close
 .text.tcp_recv_null
                0x08007c78       0x24 D:\sunny\stm32\therme\Project\RIDE\STM3210C-EVAL\tcp.o
                0x08007c78                tcp_recv_null
 .text.tcp_fasttmr
                0x08007c9c       0x68 D:\sunny\stm32\therme\Project\RIDE\STM3210C-EVAL\tcp.o
                0x08007c9c                tcp_fasttmr
 .text.tcp_tmr  0x08007d04       0x24 D:\sunny\stm32\therme\Project\RIDE\STM3210C-EVAL\tcp.o
                0x08007d04                tcp_tmr
 .text.tcp_next_iss
                0x08007d28       0x18 D:\sunny\stm32\therme\Project\RIDE\STM3210C-EVAL\tcp.o
                0x08007d28                tcp_next_iss
 .text.tcp_alloc
                0x08007d40       0xf4 D:\sunny\stm32\therme\Project\RIDE\STM3210C-EVAL\tcp.o
                0x08007d40                tcp_alloc
 .text.tcp_new  0x08007e34        0x6 D:\sunny\stm32\therme\Project\RIDE\STM3210C-EVAL\tcp.o
                0x08007e34                tcp_new
 .text.tcp_eff_send_mss
                0x08007e3a       0x1e D:\sunny\stm32\therme\Project\RIDE\STM3210C-EVAL\tcp.o
                0x08007e3a                tcp_eff_send_mss
 .text.tcp_connect
                0x08007e58       0xe0 D:\sunny\stm32\therme\Project\RIDE\STM3210C-EVAL\tcp.o
                0x08007e58                tcp_connect
 .text.tcp_receive
                0x08007f38      0x4cc D:\sunny\stm32\therme\Project\RIDE\STM3210C-EVAL\tcp_in.o
 .text.tcp_parseopt.clone.0
                0x08008404       0x90 D:\sunny\stm32\therme\Project\RIDE\STM3210C-EVAL\tcp_in.o
 .text.tcp_input
                0x08008494      0x8a8 D:\sunny\stm32\therme\Project\RIDE\STM3210C-EVAL\tcp_in.o
                0x08008494                tcp_input
 .text.Set_MAC_Address
                0x08008d3c       0x28 D:\sunny\stm32\therme\Project\RIDE\STM3210C-EVAL\ethernetif.o
                0x08008d3c                Set_MAC_Address
 .text.ethernetif_init
                0x08008d64       0xcc D:\sunny\stm32\therme\Project\RIDE\STM3210C-EVAL\ethernetif.o
                0x08008d64                ethernetif_init
 .text.ETH_RxPkt_ChainMode
                0x08008e30       0x60 D:\sunny\stm32\therme\Project\RIDE\STM3210C-EVAL\ethernetif.o
                0x08008e30                ETH_RxPkt_ChainMode
 .text.ethernetif_input
                0x08008e90       0x80 D:\sunny\stm32\therme\Project\RIDE\STM3210C-EVAL\ethernetif.o
                0x08008e90                ethernetif_input
 .text.ETH_TxPkt_ChainMode
                0x08008f10       0x40 D:\sunny\stm32\therme\Project\RIDE\STM3210C-EVAL\ethernetif.o
                0x08008f10                ETH_TxPkt_ChainMode
 .text.ETH_GetCurrentTxBuffer
                0x08008f50        0xc D:\sunny\stm32\therme\Project\RIDE\STM3210C-EVAL\ethernetif.o
                0x08008f50                ETH_GetCurrentTxBuffer
 .text.low_level_output
                0x08008f5c       0x2c D:\sunny\stm32\therme\Project\RIDE\STM3210C-EVAL\ethernetif.o
 .text.icmp_send_response.clone.0
                0x08008f88       0x88 D:\sunny\stm32\therme\Project\RIDE\STM3210C-EVAL\icmp.o
 .text.icmp_input
                0x08009010      0x140 D:\sunny\stm32\therme\Project\RIDE\STM3210C-EVAL\icmp.o
                0x08009010                icmp_input
 .text.icmp_dest_unreach
                0x08009150        0xa D:\sunny\stm32\therme\Project\RIDE\STM3210C-EVAL\icmp.o
                0x08009150                icmp_dest_unreach
 .text.icmp_time_exceeded
                0x0800915a        0xa D:\sunny\stm32\therme\Project\RIDE\STM3210C-EVAL\icmp.o
                0x0800915a                icmp_time_exceeded
 .text.lwip_standard_chksum
                0x08009164       0x58 D:\sunny\stm32\therme\Project\RIDE\STM3210C-EVAL\inet_chksum.o
 .text.inet_chksum
                0x080091bc        0xc D:\sunny\stm32\therme\Project\RIDE\STM3210C-EVAL\inet_chksum.o
                0x080091bc                inet_chksum
 .text.inet_chksum_pbuf
                0x080091c8       0x4e D:\sunny\stm32\therme\Project\RIDE\STM3210C-EVAL\inet_chksum.o
                0x080091c8                inet_chksum_pbuf
 *fill*         0x08009216        0x2 00
 .text.ip_route
                0x08009218       0x44 D:\sunny\stm32\therme\Project\RIDE\STM3210C-EVAL\ip.o
                0x08009218                ip_route
 .text.ip_input
                0x0800925c      0x1a4 D:\sunny\stm32\therme\Project\RIDE\STM3210C-EVAL\ip.o
                0x0800925c                ip_input
 .text.ip_output_if
                0x08009400      0x128 D:\sunny\stm32\therme\Project\RIDE\STM3210C-EVAL\ip.o
                0x08009400                ip_output_if
 .text.ip_output
                0x08009528       0x40 D:\sunny\stm32\therme\Project\RIDE\STM3210C-EVAL\ip.o
                0x08009528                ip_output
 .text.ip4_addr_isbroadcast
                0x08009568       0x40 D:\sunny\stm32\therme\Project\RIDE\STM3210C-EVAL\ip_addr.o
                0x08009568                ip4_addr_isbroadcast
 .text.ip_frag_free_pbuf_custom_ref
                0x080095a8        0x8 D:\sunny\stm32\therme\Project\RIDE\STM3210C-EVAL\ip_frag.o
 .text.ipfrag_free_pbuf_custom
                0x080095b0       0x16 D:\sunny\stm32\therme\Project\RIDE\STM3210C-EVAL\ip_frag.o
 *fill*         0x080095c6        0x2 00
 .text.ip_reass_dequeue_datagram.clone.0
                0x080095c8       0x20 D:\sunny\stm32\therme\Project\RIDE\STM3210C-EVAL\ip_frag.o
 .text.ip_reass_free_complete_datagram
                0x080095e8       0x9c D:\sunny\stm32\therme\Project\RIDE\STM3210C-EVAL\ip_frag.o
 .text.ip_reass_remove_oldest_datagram
                0x08009684       0xa8 D:\sunny\stm32\therme\Project\RIDE\STM3210C-EVAL\ip_frag.o
 .text.ip_reass
                0x0800972c      0x3ac D:\sunny\stm32\therme\Project\RIDE\STM3210C-EVAL\ip_frag.o
                0x0800972c                ip_reass
 .text.ip_frag  0x08009ad8      0x1a4 D:\sunny\stm32\therme\Project\RIDE\STM3210C-EVAL\ip_frag.o
                0x08009ad8                ip_frag
 .text.free_entry
                0x08009c7c       0x24 D:\sunny\stm32\therme\Project\RIDE\STM3210C-EVAL\etharp.o
 .text.find_entry
                0x08009ca0       0xd8 D:\sunny\stm32\therme\Project\RIDE\STM3210C-EVAL\etharp.o
 .text.etharp_send_ip
                0x08009d78       0x36 D:\sunny\stm32\therme\Project\RIDE\STM3210C-EVAL\etharp.o
 *fill*         0x08009dae        0x2 00
 .text.etharp_tmr
                0x08009db0       0x34 D:\sunny\stm32\therme\Project\RIDE\STM3210C-EVAL\etharp.o
                0x08009db0                etharp_tmr
 .text.etharp_request
                0x08009de4       0xb8 D:\sunny\stm32\therme\Project\RIDE\STM3210C-EVAL\etharp.o
                0x08009de4                etharp_request
 .text.etharp_query
                0x08009e9c       0xe8 D:\sunny\stm32\therme\Project\RIDE\STM3210C-EVAL\etharp.o
                0x08009e9c                etharp_query
 .text.etharp_output
                0x08009f84       0xc8 D:\sunny\stm32\therme\Project\RIDE\STM3210C-EVAL\etharp.o
                0x08009f84                etharp_output
 .text.ethernet_input
                0x0800a04c      0x1b8 D:\sunny\stm32\therme\Project\RIDE\STM3210C-EVAL\etharp.o
                0x0800a04c                ethernet_input
 .text.lwip_htons
                0x0800a204        0xa D:\sunny\stm32\therme\Project\RIDE\STM3210C-EVAL\def.o
                0x0800a204                lwip_htons
 .text.lwip_ntohs
                0x0800a20e        0x4 D:\sunny\stm32\therme\Project\RIDE\STM3210C-EVAL\def.o
                0x0800a20e                lwip_ntohs
 .text.lwip_htonl
                0x0800a212        0x4 D:\sunny\stm32\therme\Project\RIDE\STM3210C-EVAL\def.o
                0x0800a212                lwip_htonl
 .text.lwip_ntohl
                0x0800a216        0x4 D:\sunny\stm32\therme\Project\RIDE\STM3210C-EVAL\def.o
                0x0800a216                lwip_ntohl
 *fill*         0x0800a21a        0x2 00
 .text.sys_timeout
                0x0800a21c       0x60 D:\sunny\stm32\therme\Project\RIDE\STM3210C-EVAL\timers.o
                0x0800a21c                sys_timeout
 .text.tcp_timer_needed
                0x0800a27c       0x34 D:\sunny\stm32\therme\Project\RIDE\STM3210C-EVAL\timers.o
                0x0800a27c                tcp_timer_needed
 .text.tcpip_tcp_timer
                0x0800a2b0       0x38 D:\sunny\stm32\therme\Project\RIDE\STM3210C-EVAL\timers.o
 .text.SystemInit
                0x0800a2e8      0x128 D:\sunny\stm32\therme\Project\RIDE\STM3210C-EVAL\system_stm32f10x.o
                0x0800a2e8                SystemInit
 .text.Reset_Handler
                0x0800a410       0x40 D:\sunny\stm32\therme\Project\RIDE\STM3210C-EVAL\startup_stm32f10x_cl.o
                0x0800a410                Reset_Handler
 .text.Default_Handler
                0x0800a450        0x2 D:\sunny\stm32\therme\Project\RIDE\STM3210C-EVAL\startup_stm32f10x_cl.o
                0x0800a450                EXTI2_IRQHandler
                0x0800a450                TIM1_CC_IRQHandler
                0x0800a450                TIM6_IRQHandler
                0x0800a450                PVD_IRQHandler
                0x0800a450                CAN2_RX1_IRQHandler
                0x0800a450                EXTI3_IRQHandler
                0x0800a450                EXTI0_IRQHandler
                0x0800a450                I2C2_EV_IRQHandler
                0x0800a450                CAN1_RX0_IRQHandler
                0x0800a450                CAN2_SCE_IRQHandler
                0x0800a450                ADC1_2_IRQHandler
                0x0800a450                SPI1_IRQHandler
                0x0800a450                TAMPER_IRQHandler
                0x0800a450                CAN2_RX0_IRQHandler
                0x0800a450                DMA2_Channel2_IRQHandler
                0x0800a450                DMA1_Channel4_IRQHandler
                0x0800a450                USART3_IRQHandler
                0x0800a450                DMA1_Channel7_IRQHandler
                0x0800a450                CAN1_RX1_IRQHandler
                0x0800a450                UART5_IRQHandler
                0x0800a450                TIM4_IRQHandler
                0x0800a450                DMA2_Channel1_IRQHandler
                0x0800a450                I2C1_EV_IRQHandler
                0x0800a450                DMA1_Channel6_IRQHandler
                0x0800a450                UART4_IRQHandler
                0x0800a450                DMA2_Channel4_IRQHandler
                0x0800a450                RCC_IRQHandler
                0x0800a450                TIM1_TRG_COM_IRQHandler
                0x0800a450                DMA1_Channel1_IRQHandler
                0x0800a450                Default_Handler
                0x0800a450                TIM7_IRQHandler
                0x0800a450                CAN2_TX_IRQHandler
                0x0800a450                TIM5_IRQHandler
                0x0800a450                EXTI9_5_IRQHandler
                0x0800a450                ETH_WKUP_IRQHandler
                0x0800a450                SPI2_IRQHandler
                0x0800a450                CAN1_TX_IRQHandler
                0x0800a450                DMA2_Channel5_IRQHandler
                0x0800a450                DMA1_Channel5_IRQHandler
                0x0800a450                EXTI4_IRQHandler
                0x0800a450                DMA1_Channel3_IRQHandler
                0x0800a450                TIM1_UP_IRQHandler
                0x0800a450                WWDG_IRQHandler
                0x0800a450                TIM2_IRQHandler
                0x0800a450                OTG_FS_WKUP_IRQHandler
                0x0800a450                TIM1_BRK_IRQHandler
                0x0800a450                EXTI1_IRQHandler
                0x0800a450                RTCAlarm_IRQHandler
                0x0800a450                USART2_IRQHandler
                0x0800a450                I2C2_ER_IRQHandler
                0x0800a450                DMA1_Channel2_IRQHandler
                0x0800a450                CAN1_SCE_IRQHandler
                0x0800a450                FLASH_IRQHandler
                0x0800a450                USART1_IRQHandler
                0x0800a450                OTG_FS_IRQHandler
                0x0800a450                SPI3_IRQHandler
                0x0800a450                I2C1_ER_IRQHandler
                0x0800a450                DMA2_Channel3_IRQHandler
 *fill*         0x0800a452        0x2 00
 .text.out_init
                0x0800a454       0x3c D:\sunny\stm32\therme\Project\RIDE\STM3210C-EVAL\stm32_eval.o
                0x0800a454                out_init
 .text.out_on   0x0800a490       0x1c D:\sunny\stm32\therme\Project\RIDE\STM3210C-EVAL\stm32_eval.o
                0x0800a490                out_on
 .text.out_off  0x0800a4ac       0x1c D:\sunny\stm32\therme\Project\RIDE\STM3210C-EVAL\stm32_eval.o
                0x0800a4ac                out_off
 .text.out_write
                0x0800a4c8       0x70 D:\sunny\stm32\therme\Project\RIDE\STM3210C-EVAL\stm32_eval.o
                0x0800a4c8                out_write
 .text.out_toggle
                0x0800a538       0x20 D:\sunny\stm32\therme\Project\RIDE\STM3210C-EVAL\stm32_eval.o
                0x0800a538                out_toggle
 .text.STM_EVAL_PBInit
                0x0800a558       0x8c D:\sunny\stm32\therme\Project\RIDE\STM3210C-EVAL\stm32_eval.o
                0x0800a558                STM_EVAL_PBInit
 .text.read_inp
                0x0800a5e4       0x20 D:\sunny\stm32\therme\Project\RIDE\STM3210C-EVAL\stm32_eval.o
                0x0800a5e4                read_inp
 .text.ET_STM32_COM_Init
                0x0800a604       0xc8 D:\sunny\stm32\therme\Project\RIDE\STM3210C-EVAL\stm32_eval.o
                0x0800a604                ET_STM32_COM_Init
 .text.GPIO_Configurationi2c
                0x0800a6cc       0x2c D:\sunny\stm32\therme\Project\RIDE\STM3210C-EVAL\et_stm32f_arm_kit_i2c.o
                0x0800a6cc                GPIO_Configurationi2c
 .text.I2C_Configuration
                0x0800a6f8       0x44 D:\sunny\stm32\therme\Project\RIDE\STM3210C-EVAL\et_stm32f_arm_kit_i2c.o
                0x0800a6f8                I2C_Configuration
 .text.I2C_EE_Init
                0x0800a73c       0x34 D:\sunny\stm32\therme\Project\RIDE\STM3210C-EVAL\et_stm32f_arm_kit_i2c.o
                0x0800a73c                I2C_EE_Init
 .text.I2C_EE_BufferRead
                0x0800a770       0xe0 D:\sunny\stm32\therme\Project\RIDE\STM3210C-EVAL\et_stm32f_arm_kit_i2c.o
                0x0800a770                I2C_EE_BufferRead
 .text.I2C_EE_PageWrite
                0x0800a850       0x98 D:\sunny\stm32\therme\Project\RIDE\STM3210C-EVAL\et_stm32f_arm_kit_i2c.o
                0x0800a850                I2C_EE_PageWrite
 .text.I2C_EE_WaitEepromStandbyState
                0x0800a8e8       0x58 D:\sunny\stm32\therme\Project\RIDE\STM3210C-EVAL\et_stm32f_arm_kit_i2c.o
                0x0800a8e8                I2C_EE_WaitEepromStandbyState
 .text.I2C_EE_BufferWrite
                0x0800a940       0xf6 D:\sunny\stm32\therme\Project\RIDE\STM3210C-EVAL\et_stm32f_arm_kit_i2c.o
                0x0800a940                I2C_EE_BufferWrite
 *fill*         0x0800aa36        0x2 00
 .text.I2C_StandbyState
                0x0800aa38       0x54 D:\sunny\stm32\therme\Project\RIDE\STM3210C-EVAL\et_stm32f_arm_kit_i2c.o
                0x0800aa38                I2C_StandbyState
 .text.write_to_MCP
                0x0800aa8c       0xa8 D:\sunny\stm32\therme\Project\RIDE\STM3210C-EVAL\et_stm32f_arm_kit_i2c.o
                0x0800aa8c                write_to_MCP
 .text.MCP_read
                0x0800ab34       0xe0 D:\sunny\stm32\therme\Project\RIDE\STM3210C-EVAL\et_stm32f_arm_kit_i2c.o
                0x0800ab34                MCP_read
 .text.ET_STM32_USART_Init
                0x0800ac14       0x32 D:\sunny\stm32\therme\Project\RIDE\STM3210C-EVAL\et_stm32f_arm_kit_uart.o
                0x0800ac14                ET_STM32_USART_Init
 *fill*         0x0800ac46        0x2 00
 .text.SER_putChar1
                0x0800ac48       0x20 D:\sunny\stm32\therme\Project\RIDE\STM3210C-EVAL\et_stm32f_arm_kit_uart.o
                0x0800ac48                SER_putChar1
 .text.SER_putChar2
                0x0800ac68       0x20 D:\sunny\stm32\therme\Project\RIDE\STM3210C-EVAL\et_stm32f_arm_kit_uart.o
                0x0800ac68                SER_putChar2
 .text.printUART1
                0x0800ac88       0x24 D:\sunny\stm32\therme\Project\RIDE\STM3210C-EVAL\et_stm32f_arm_kit_uart.o
                0x0800ac88                printUART1
 .text.printUART2
                0x0800acac       0x24 D:\sunny\stm32\therme\Project\RIDE\STM3210C-EVAL\et_stm32f_arm_kit_uart.o
                0x0800acac                printUART2
 .text.__io_putchar
                0x0800acd0      0x16c C:\Program Files (x86)\Raisonance\Ride\Lib\ARM\STM32x_io_putchar_thumb.a(STM32F10X_io_putchar.o)
                0x0800acd0                __io_putchar
 .text._write   0x0800ae3c        0x4 C:\Program Files (x86)\Raisonance\Ride\Lib\ARM\std_sbrk_thumb.lib(write.o)
                0x0800ae3c                _write
 .text._sbrk    0x0800ae40       0x30 C:\Program Files (x86)\Raisonance\Ride\Lib\ARM\std_sbrk_thumb.lib(sbrk.o)
                0x0800ae40                _sbrk
 *(.rodata)
 .rodata        0x0800ae70        0x8 D:\sunny\stm32\therme\Project\RIDE\STM3210C-EVAL\main.o
 .rodata        0x0800ae78        0x6 D:\sunny\stm32\therme\Project\RIDE\STM3210C-EVAL\netconf.o
 *fill*         0x0800ae7e        0x2 00
 .rodata        0x0800ae80     0xab14 D:\sunny\stm32\therme\Project\RIDE\STM3210C-EVAL\httpd.o
 .rodata        0x08015994       0x28 D:\sunny\stm32\therme\Project\RIDE\STM3210C-EVAL\memp.o
 .rodata        0x080159bc       0x50 D:\sunny\stm32\therme\Project\RIDE\STM3210C-EVAL\tcp.o
                0x080159bc                tcp_pcb_lists
                0x080159cc                tcp_persist_backoff
                0x080159d3                tcp_backoff
                0x080159e0                tcp_state_str
 .rodata        0x08015a0c        0x8 D:\sunny\stm32\therme\Project\RIDE\STM3210C-EVAL\ip_addr.o
                0x08015a0c                ip_addr_any
                0x08015a10                ip_addr_broadcast
 .rodata        0x08015a14        0xc D:\sunny\stm32\therme\Project\RIDE\STM3210C-EVAL\etharp.o
                0x08015a14                ethbroadcast
                0x08015a1a                ethzero
 .rodata        0x08015a20       0x74 D:\sunny\stm32\therme\Project\RIDE\STM3210C-EVAL\stm32_eval.o
                0x08015a20                GPIO_CLK
                0x08015a40                GPIO_PIN
                0x08015a50                BUTTON_CLK
                0x08015a5c                BUTTON_PIN
                0x08015a62                BUTTON_PORT_SOURCE
                0x08015a68                BUTTON_PIN_SOURCE
                0x08015a6e                BUTTON_EXTI_LINE
                0x08015a74                BUTTON_IRQn
                0x08015a7c                COM_POR_CLK
                0x08015a84                COM_USART_CLK
                0x08015a8c                COM_TX_PIN
                0x08015a90                COM_RX_PIN
 .rodata        0x08015a94      0x184 C:\Program Files (x86)\Raisonance\Ride\Lib\ARM\smallprintf_thumb.a(_SP_vfprintf.o)
 .rodata        0x08015c18      0x104 c:/program files (x86)/raisonance/ride/arm-gcc/bin/../lib/gcc/arm-none-eabi/4.5.1/../../../../arm-none-eabi/lib/thumb2\libc.a(lib_a-ctype_.o)
                0x08015c18                _ctype_
 *(.rodata*)
 .rodata.str1.1
                0x08015d1c       0x7c D:\sunny\stm32\therme\Project\RIDE\STM3210C-EVAL\main.o
                                 0x84 (size before relaxing)
 .rodata.str1.1
                0x08015d98       0x13 D:\sunny\stm32\therme\Project\RIDE\STM3210C-EVAL\netconf.o
 .rodata.str1.1
                0x08015dab       0x15 D:\sunny\stm32\therme\Project\RIDE\STM3210C-EVAL\client.o
 .rodata.str1.1
                0x08015dc0        0x7 D:\sunny\stm32\therme\Project\RIDE\STM3210C-EVAL\helloworld.o
 .rodata.str1.1
                0x08015dc7      0x125 D:\sunny\stm32\therme\Project\RIDE\STM3210C-EVAL\httpd.o
                                0x144 (size before relaxing)
 .rodata.str1.1
                0x08015eec       0x68 D:\sunny\stm32\therme\Project\RIDE\STM3210C-EVAL\tcp.o
 .rodata.str1.4
                0x08015f54       0x4b C:\Program Files (x86)\Raisonance\Ride\Lib\ARM\smallprintf_thumb.a(_SP_vfprintf.o)
                                 0x4c (size before relaxing)
 *fill*         0x08015f9f        0x1 00
 .rodata.str1.4