Archive member included because of file (symbol)

C:\Program Files (x86)\Raisonance\Ride\Lib\ARM\STM32x_io_putchar_thumb.a(STM32F10X_io_putchar.o)
                              (__io_putchar)
C:\Program Files (x86)\Raisonance\Ride\Lib\ARM\std_sbrk_thumb.lib(write.o)
                              (_write)
C:\Program Files (x86)\Raisonance\Ride\Lib\ARM\smallprintf_thumb.a(_SP_sprintf.o)
                              D:\sunny\stm32\therme\Project\RIDE\STM3210C-EVAL\main.o (sprintf)
C:\Program Files (x86)\Raisonance\Ride\Lib\ARM\smallprintf_thumb.a(_SP_vfprintf.o)
                              C:\Program Files (x86)\Raisonance\Ride\Lib\ARM\smallprintf_thumb.a(_SP_sprintf.o) (_vfiprintf_r)
C:\Program Files (x86)\Raisonance\Ride\Lib\ARM\smallprintf_thumb.a(_SP_puts.o)
                              C:\Program Files (x86)\Raisonance\Ride\Lib\ARM\smallprintf_thumb.a(_SP_vfprintf.o) (_SMALL_PRINTF_puts)
c:/program files (x86)/raisonance/ride/arm-gcc/bin/../lib/gcc/arm-none-eabi/4.5.1/../../../../arm-none-eabi/lib/thumb2\libc.a(lib_a-atoi.o)
                              D:\sunny\stm32\therme\Project\RIDE\STM3210C-EVAL\httpd.o (atoi)
c:/program files (x86)/raisonance/ride/arm-gcc/bin/../lib/gcc/arm-none-eabi/4.5.1/../../../../arm-none-eabi/lib/thumb2\libc.a(lib_a-impure.o)
                              C:\Program Files (x86)\Raisonance\Ride\Lib\ARM\smallprintf_thumb.a(_SP_sprintf.o) (_impure_ptr)
c:/program files (x86)/raisonance/ride/arm-gcc/bin/../lib/gcc/arm-none-eabi/4.5.1/../../../../arm-none-eabi/lib/thumb2\libc.a(lib_a-malloc.o)
                              D:\sunny\stm32\therme\Project\RIDE\STM3210C-EVAL\main.o (malloc)
c:/program files (x86)/raisonance/ride/arm-gcc/bin/../lib/gcc/arm-none-eabi/4.5.1/../../../../arm-none-eabi/lib/thumb2\libc.a(lib_a-mallocr.o)
                              c:/program files (x86)/raisonance/ride/arm-gcc/bin/../lib/gcc/arm-none-eabi/4.5.1/../../../../arm-none-eabi/lib/thumb2\libc.a(lib_a-malloc.o) (_malloc_r)
c:/program files (x86)/raisonance/ride/arm-gcc/bin/../lib/gcc/arm-none-eabi/4.5.1/../../../../arm-none-eabi/lib/thumb2\libc.a(lib_a-memchr.o)
                              C:\Program Files (x86)\Raisonance\Ride\Lib\ARM\smallprintf_thumb.a(_SP_vfprintf.o) (memchr)
c:/program files (x86)/raisonance/ride/arm-gcc/bin/../lib/gcc/arm-none-eabi/4.5.1/../../../../arm-none-eabi/lib/thumb2\libc.a(lib_a-memcpy.o)
                              D:\sunny\stm32\therme\Project\RIDE\STM3210C-EVAL\tftputils.o (memcpy)
c:/program files (x86)/raisonance/ride/arm-gcc/bin/../lib/gcc/arm-none-eabi/4.5.1/../../../../arm-none-eabi/lib/thumb2\libc.a(lib_a-memset.o)
                              D:\sunny\stm32\therme\Project\RIDE\STM3210C-EVAL\stm32f10x_it.o (memset)
c:/program files (x86)/raisonance/ride/arm-gcc/bin/../lib/gcc/arm-none-eabi/4.5.1/../../../../arm-none-eabi/lib/thumb2\libc.a(lib_a-mlock.o)
                              c:/program files (x86)/raisonance/ride/arm-gcc/bin/../lib/gcc/arm-none-eabi/4.5.1/../../../../arm-none-eabi/lib/thumb2\libc.a(lib_a-mallocr.o) (__malloc_lock)
c:/program files (x86)/raisonance/ride/arm-gcc/bin/../lib/gcc/arm-none-eabi/4.5.1/../../../../arm-none-eabi/lib/thumb2\libc.a(lib_a-realloc.o)
                              D:\sunny\stm32\therme\Project\RIDE\STM3210C-EVAL\httpclient.o (realloc)
c:/program files (x86)/raisonance/ride/arm-gcc/bin/../lib/gcc/arm-none-eabi/4.5.1/../../../../arm-none-eabi/lib/thumb2\libc.a(lib_a-reallocr.o)
                              c:/program files (x86)/raisonance/ride/arm-gcc/bin/../lib/gcc/arm-none-eabi/4.5.1/../../../../arm-none-eabi/lib/thumb2\libc.a(lib_a-realloc.o) (_realloc_r)
c:/program files (x86)/raisonance/ride/arm-gcc/bin/../lib/gcc/arm-none-eabi/4.5.1/../../../../arm-none-eabi/lib/thumb2\libc.a(lib_a-sbrkr.o)
                              c:/program files (x86)/raisonance/ride/arm-gcc/bin/../lib/gcc/arm-none-eabi/4.5.1/../../../../arm-none-eabi/lib/thumb2\libc.a(lib_a-mallocr.o) (_sbrk_r)
c:/program files (x86)/raisonance/ride/arm-gcc/bin/../lib/gcc/arm-none-eabi/4.5.1/../../../../arm-none-eabi/lib/thumb2\libc.a(lib_a-strcat.o)
                              D:\sunny\stm32\therme\Project\RIDE\STM3210C-EVAL\httpd.o (strcat)
c:/program files (x86)/raisonance/ride/arm-gcc/bin/../lib/gcc/arm-none-eabi/4.5.1/../../../../arm-none-eabi/lib/thumb2\libc.a(lib_a-strcmp.o)
                              D:\sunny\stm32\therme\Project\RIDE\STM3210C-EVAL\httpd.o (strcmp)
c:/program files (x86)/raisonance/ride/arm-gcc/bin/../lib/gcc/arm-none-eabi/4.5.1/../../../../arm-none-eabi/lib/thumb2\libc.a(lib_a-strcpy.o)
                              D:\sunny\stm32\therme\Project\RIDE\STM3210C-EVAL\main.o (strcpy)
c:/program files (x86)/raisonance/ride/arm-gcc/bin/../lib/gcc/arm-none-eabi/4.5.1/../../../../arm-none-eabi/lib/thumb2\libc.a(lib_a-strlen.o)
                              D:\sunny\stm32\therme\Project\RIDE\STM3210C-EVAL\main.o (strlen)
[...]
Memory Configuration

Name             Origin             Length             Attributes
RAM              0x20000000         0x00010000         xrw
FLASH            0x08000000         0x00040000         xr
STARTFLASH       0x00000000         0x00000000         xr
CRPPATCH         0x00000000         0x00000000         r
FLASHPATCH       0x00000000         0x00000000         r
ENDFLASH         0x00000000         0x00000000         xr
FLASHB1          0x00000000         0x00000000         xr
EXTMEMB0         0x00000000         0x00000000         xr
EXTMEMB1         0x00000000         0x00000000         xr
EXTMEMB2         0x00000000         0x00000000         xr
EXTMEMB3         0x00000000         0x00000000         xr
*default*        0x00000000         0xffffffff

Linker script and memory map

LOAD D:\sunny\stm32\therme\Project\RIDE\STM3210C-EVAL\main.o
LOAD D:\sunny\stm32\therme\Project\RIDE\STM3210C-EVAL\netconf.o
LOAD D:\sunny\stm32\therme\Project\RIDE\STM3210C-EVAL\stm32f10x_it.o
LOAD D:\sunny\stm32\therme\Project\RIDE\STM3210C-EVAL\stm32f107.o
LOAD D:\sunny\stm32\therme\Project\RIDE\STM3210C-EVAL\tftputils.o
LOAD D:\sunny\stm32\therme\Project\RIDE\STM3210C-EVAL\client.o
LOAD D:\sunny\stm32\therme\Project\RIDE\STM3210C-EVAL\helloworld.o
LOAD D:\sunny\stm32\therme\Project\RIDE\STM3210C-EVAL\server.o
LOAD D:\sunny\stm32\therme\Project\RIDE\STM3210C-EVAL\tftpserver.o
LOAD D:\sunny\stm32\therme\Project\RIDE\STM3210C-EVAL\httpd.o
LOAD D:\sunny\stm32\therme\Project\RIDE\STM3210C-EVAL\httpclient.o
LOAD D:\sunny\stm32\therme\Project\RIDE\STM3210C-EVAL\stm32f10x_iwdg.o
LOAD D:\sunny\stm32\therme\Project\RIDE\STM3210C-EVAL\stm32f10x_i2c.o
LOAD D:\sunny\stm32\therme\Project\RIDE\STM3210C-EVAL\stm32f10x_rcc.o
LOAD D:\sunny\stm32\therme\Project\RIDE\STM3210C-EVAL\stm32f10x_spi.o
LOAD D:\sunny\stm32\therme\Project\RIDE\STM3210C-EVAL\stm32f10x_tim.o
LOAD D:\sunny\stm32\therme\Project\RIDE\STM3210C-EVAL\stm32f10x_usart.o
LOAD D:\sunny\stm32\therme\Project\RIDE\STM3210C-EVAL\misc.o
LOAD D:\sunny\stm32\therme\Project\RIDE\STM3210C-EVAL\stm32f10x_adc.o
LOAD D:\sunny\stm32\therme\Project\RIDE\STM3210C-EVAL\stm32f10x_exti.o
LOAD D:\sunny\stm32\therme\Project\RIDE\STM3210C-EVAL\stm32f10x_flash.o
LOAD D:\sunny\stm32\therme\Project\RIDE\STM3210C-EVAL\stm32f10x_gpio.o
LOAD D:\sunny\stm32\therme\Project\RIDE\STM3210C-EVAL\stm32f10x_rtc.o
LOAD D:\sunny\stm32\therme\Project\RIDE\STM3210C-EVAL\stm32_eth.o
LOAD D:\sunny\stm32\therme\Project\RIDE\STM3210C-EVAL\tcpip.o
LOAD D:\sunny\stm32\therme\Project\RIDE\STM3210C-EVAL\api_lib.o
LOAD D:\sunny\stm32\therme\Project\RIDE\STM3210C-EVAL\api_msg.o
LOAD D:\sunny\stm32\therme\Project\RIDE\STM3210C-EVAL\err.o
LOAD D:\sunny\stm32\therme\Project\RIDE\STM3210C-EVAL\netbuf.o
LOAD D:\sunny\stm32\therme\Project\RIDE\STM3210C-EVAL\netdb.o
LOAD D:\sunny\stm32\therme\Project\RIDE\STM3210C-EVAL\netifapi.o
LOAD D:\sunny\stm32\therme\Project\RIDE\STM3210C-EVAL\tcp_out.o
LOAD D:\sunny\stm32\therme\Project\RIDE\STM3210C-EVAL\udp.o
LOAD D:\sunny\stm32\therme\Project\RIDE\STM3210C-EVAL\dhcp.o
LOAD D:\sunny\stm32\therme\Project\RIDE\STM3210C-EVAL\init.o
LOAD D:\sunny\stm32\therme\Project\RIDE\STM3210C-EVAL\mem.o
LOAD D:\sunny\stm32\therme\Project\RIDE\STM3210C-EVAL\memp.o
LOAD D:\sunny\stm32\therme\Project\RIDE\STM3210C-EVAL\netif.o
LOAD D:\sunny\stm32\therme\Project\RIDE\STM3210C-EVAL\pbuf.o
LOAD D:\sunny\stm32\therme\Project\RIDE\STM3210C-EVAL\raw.o
LOAD D:\sunny\stm32\therme\Project\RIDE\STM3210C-EVAL\stats.o
LOAD D:\sunny\stm32\therme\Project\RIDE\STM3210C-EVAL\sys.o
LOAD D:\sunny\stm32\therme\Project\RIDE\STM3210C-EVAL\tcp.o
LOAD D:\sunny\stm32\therme\Project\RIDE\STM3210C-EVAL\tcp_in.o
LOAD D:\sunny\stm32\therme\Project\RIDE\STM3210C-EVAL\ethernetif.o
LOAD D:\sunny\stm32\therme\Project\RIDE\STM3210C-EVAL\autoip.o
LOAD D:\sunny\stm32\therme\Project\RIDE\STM3210C-EVAL\icmp.o
LOAD D:\sunny\stm32\therme\Project\RIDE\STM3210C-EVAL\igmp.o
LOAD D:\sunny\stm32\therme\Project\RIDE\STM3210C-EVAL\inet.o
LOAD D:\sunny\stm32\therme\Project\RIDE\STM3210C-EVAL\inet_chksum.o
LOAD D:\sunny\stm32\therme\Project\RIDE\STM3210C-EVAL\ip.o
LOAD D:\sunny\stm32\therme\Project\RIDE\STM3210C-EVAL\ip_addr.o
LOAD D:\sunny\stm32\therme\Project\RIDE\STM3210C-EVAL\ip_frag.o
LOAD D:\sunny\stm32\therme\Project\RIDE\STM3210C-EVAL\etharp.o
LOAD D:\sunny\stm32\therme\Project\RIDE\STM3210C-EVAL\timers.o
LOAD D:\sunny\stm32\therme\Project\RIDE\STM3210C-EVAL\def.o
LOAD D:\sunny\stm32\therme\Project\RIDE\STM3210C-EVAL\ui.o
LOAD D:\sunny\stm32\therme\Project\RIDE\STM3210C-EVAL\dir.o
LOAD D:\sunny\stm32\therme\Project\RIDE\STM3210C-EVAL\disc.o
LOAD D:\sunny\stm32\therme\Project\RIDE\STM3210C-EVAL\efs.o
LOAD D:\sunny\stm32\therme\Project\RIDE\STM3210C-EVAL\extract.o
LOAD D:\sunny\stm32\therme\Project\RIDE\STM3210C-EVAL\fat.o
LOAD D:\sunny\stm32\therme\Project\RIDE\STM3210C-EVAL\file.o
LOAD D:\sunny\stm32\therme\Project\RIDE\STM3210C-EVAL\fs.o
LOAD D:\sunny\stm32\therme\Project\RIDE\STM3210C-EVAL\ioman.o
LOAD D:\sunny\stm32\therme\Project\RIDE\STM3210C-EVAL\ls.o
LOAD D:\sunny\stm32\therme\Project\RIDE\STM3210C-EVAL\mkfs.o
LOAD D:\sunny\stm32\therme\Project\RIDE\STM3210C-EVAL\partition.o
LOAD D:\sunny\stm32\therme\Project\RIDE\STM3210C-EVAL\plibc.o
LOAD D:\sunny\stm32\therme\Project\RIDE\STM3210C-EVAL\time.o
LOAD D:\sunny\stm32\therme\Project\RIDE\STM3210C-EVAL\sd.o
LOAD D:\sunny\stm32\therme\Project\RIDE\STM3210C-EVAL\sd_stm32.o
LOAD D:\sunny\stm32\therme\Project\RIDE\STM3210C-EVAL\system_stm32f10x.o
LOAD D:\sunny\stm32\therme\Project\RIDE\STM3210C-EVAL\core_cm3.o
LOAD D:\sunny\stm32\therme\Project\RIDE\STM3210C-EVAL\startup_stm32f10x_cl.o
LOAD D:\sunny\stm32\therme\Project\RIDE\STM3210C-EVAL\stm32_eval.o
LOAD D:\sunny\stm32\therme\Project\RIDE\STM3210C-EVAL\et_stm32f_arm_kit_i2c.o
LOAD D:\sunny\stm32\therme\Project\RIDE\STM3210C-EVAL\et_stm32f_arm_kit_uart.o
START GROUP
LOAD C:\Program Files (x86)\Raisonance\Ride\Lib\ARM\STM32x_io_putchar_thumb.a
LOAD C:\Program Files (x86)\Raisonance\Ride\Lib\ARM\std_sbrk_thumb.lib
LOAD C:\Program Files (x86)\Raisonance\Ride\Lib\ARM\smallprintf_thumb.a
LOAD c:/program files (x86)/raisonance/ride/arm-gcc/bin/../lib/gcc/arm-none-eabi/4.5.1/../../../../arm-none-eabi/lib/thumb2\libc.a
LOAD c:/program files (x86)/raisonance/ride/arm-gcc/bin/../lib/gcc/arm-none-eabi/4.5.1/../../../../arm-none-eabi/lib/thumb2\libm.a
END GROUP
                0x00000400                __Stack_Size = 0x400
                0x00000400                PROVIDE (_Stack_Size, __Stack_Size)
                0x2000fc00                __Stack_Init = (_estack - __Stack_Size)
                0x2000fc00                PROVIDE (_Stack_Init, __Stack_Init)
                0x00000100                _Minimum_Stack_Size = 0x100
                0x00000000                PROVIDE (Undefined_Handler, 0x0)
                0x00000000                PROVIDE (SWI_Handler, 0x0)
                0x00000000                PROVIDE (IRQ_Handler, 0x0)
                0x00000000                PROVIDE (Prefetch_Handler, 0x0)
                0x00000000                PROVIDE (Abort_Handler, 0x0)
                0x00000000                PROVIDE (FIQ_Handler, 0x0)
                0x00000000                PROVIDE (NMIException, 0x0)
                0x00000000                PROVIDE (NMI_Handler, 0x0)
                0x00000000                PROVIDE (HardFaultException, 0x0)
                0x00000000                PROVIDE (HardFault_Handler, 0x0)
                0x00000000                PROVIDE (MemManageException, 0x0)
                0x00000000                PROVIDE (MemManage_Handler, 0x0)
                0x00000000                PROVIDE (BusFaultException, 0x0)
                0x00000000                PROVIDE (BusFault_Handler, 0x0)
                0x00000000                PROVIDE (UsageFaultException, 0x0)
                0x00000000                PROVIDE (UsageFault_Handler, 0x0)
                0x00000000                PROVIDE (SVCHandler, 0x0)
                0x00000000                PROVIDE (SVC_Handler, 0x0)
                0x00000000                PROVIDE (DebugMonitor, 0x0)
                0x00000000                PROVIDE (DebugMon_Handler, 0x0)
                0x00000000                PROVIDE (PendSVC, 0x0)
                0x00000000                PROVIDE (PendSV_Handler, 0x0)
                0x00000000                PROVIDE (SysTickHandler, 0x0)
                0x00000000                PROVIDE (SysTick_Handler, 0x0)
                0x00000000                PROVIDE (WWDG_IRQHandler, 0x0)
                0x00000000                PROVIDE (PVD_IRQHandler, 0x0)
                0x00000000                PROVIDE (TAMPER_IRQHandler, 0x0)
                0x00000000                PROVIDE (RTC_IRQHandler, 0x0)
                0x00000000                PROVIDE (FLASH_IRQHandler, 0x0)
                0x00000000                PROVIDE (RCC_IRQHandler, 0x0)
                0x00000000                PROVIDE (EXTI0_IRQHandler, 0x0)
                0x00000000                PROVIDE (EXTI1_IRQHandler, 0x0)
                0x00000000                PROVIDE (EXTI2_IRQHandler, 0x0)
                0x00000000                PROVIDE (EXTI3_IRQHandler, 0x0)
                0x00000000                PROVIDE (EXTI4_IRQHandler, 0x0)
                0x00000000                PROVIDE (DMAChannel1_IRQHandler, 0x0)
                0x00000000                PROVIDE (DMAChannel2_IRQHandler, 0x0)
                0x00000000                PROVIDE (DMAChannel3_IRQHandler, 0x0)
                0x00000000                PROVIDE (DMAChannel4_IRQHandler, 0x0)
                0x00000000                PROVIDE (DMAChannel5_IRQHandler, 0x0)
                0x00000000                PROVIDE (DMAChannel6_IRQHandler, 0x0)
                0x00000000                PROVIDE (DMAChannel7_IRQHandler, 0x0)
                0x00000000                PROVIDE (DMA1_Channel1_IRQHandler, 0x0)
                0x00000000                PROVIDE (DMA1_Channel2_IRQHandler, 0x0)
                0x00000000                PROVIDE (DMA1_Channel3_IRQHandler, 0x0)
                0x00000000                PROVIDE (DMA1_Channel4_IRQHandler, 0x0)
                0x00000000                PROVIDE (DMA1_Channel5_IRQHandler, 0x0)
                0x00000000                PROVIDE (DMA1_Channel6_IRQHandler, 0x0)
                0x00000000                PROVIDE (DMA1_Channel7_IRQHandler, 0x0)
                0x00000000                PROVIDE (ADC_IRQHandler, 0x0)
                0x00000000                PROVIDE (ADC1_2_IRQHandler, 0x0)
                0x00000000                PROVIDE (USB_HP_CAN_TX_IRQHandler, 0x0)
                0x00000000                PROVIDE (USB_HP_CAN1_TX_IRQHandler, 0x0)
                0x00000000                PROVIDE (USB_LP_CAN_RX0_IRQHandler, 0x0)
                0x00000000                PROVIDE (USB_LP_CAN1_RX0_IRQHandler, 0x0)
                0x00000000                PROVIDE (CAN_RX1_IRQHandler, 0x0)
                0x00000000                PROVIDE (CAN1_RX1_IRQHandler, 0x0)
                0x00000000                PROVIDE (CAN_SCE_IRQHandler, 0x0)
                0x00000000                PROVIDE (CAN1_SCE_IRQHandler, 0x0)
                0x00000000                PROVIDE (EXTI9_5_IRQHandler, 0x0)
                0x00000000                PROVIDE (TIM1_BRK_IRQHandler, 0x0)
                0x00000000                PROVIDE (TIM1_UP_IRQHandler, 0x0)
                0x00000000                PROVIDE (TIM1_TRG_COM_IRQHandler, 0x0)
                0x00000000                PROVIDE (TIM1_CC_IRQHandler, 0x0)
                0x00000000                PROVIDE (TIM2_IRQHandler, 0x0)
                0x00000000                PROVIDE (TIM3_IRQHandler, 0x0)
                0x00000000                PROVIDE (TIM4_IRQHandler, 0x0)
                0x00000000                PROVIDE (I2C1_EV_IRQHandler, 0x0)
                0x00000000                PROVIDE (I2C1_ER_IRQHandler, 0x0)
                0x00000000                PROVIDE (I2C2_EV_IRQHandler, 0x0)
                0x00000000                PROVIDE (I2C2_ER_IRQHandler, 0x0)
                0x00000000                PROVIDE (SPI1_IRQHandler, 0x0)
                0x00000000                PROVIDE (SPI2_IRQHandler, 0x0)
                0x00000000                PROVIDE (USART1_IRQHandler, 0x0)
                0x00000000                PROVIDE (USART2_IRQHandler, 0x0)
                0x00000000                PROVIDE (USART3_IRQHandler, 0x0)
                0x00000000                PROVIDE (EXTI15_10_IRQHandler, 0x0)
                0x00000000                PROVIDE (RTCAlarm_IRQHandler, 0x0)
                0x00000000                PROVIDE (USBWakeUp_IRQHandler, 0x0)
                0x00000000                PROVIDE (TIM8_BRK_IRQHandler, 0x0)
                0x00000000                PROVIDE (TIM8_UP_IRQHandler, 0x0)
                0x00000000                PROVIDE (TIM8_TRG_COM_IRQHandler, 0x0)
                0x00000000                PROVIDE (TIM8_CC_IRQHandler, 0x0)
                0x00000000                PROVIDE (ADC3_IRQHandler, 0x0)
                0x00000000                PROVIDE (FSMC_IRQHandler, 0x0)
                0x00000000                PROVIDE (SDIO_IRQHandler, 0x0)
                0x00000000                PROVIDE (TIM5_IRQHandler, 0x0)
                0x00000000                PROVIDE (SPI3_IRQHandler, 0x0)
                0x00000000                PROVIDE (UART4_IRQHandler, 0x0)
                0x00000000                PROVIDE (UART5_IRQHandler, 0x0)
                0x00000000                PROVIDE (TIM6_IRQHandler, 0x0)
                0x00000000                PROVIDE (TIM7_IRQHandler, 0x0)
                0x00000000                PROVIDE (DMA2_Channel1_IRQHandler, 0x0)
                0x00000000                PROVIDE (DMA2_Channel2_IRQHandler, 0x0)
                0x00000000                PROVIDE (DMA2_Channel3_IRQHandler, 0x0)
                0x00000000                PROVIDE (DMA2_Channel4_5_IRQHandler, 0x0)
                0x42000000                PERIPH_BB_BASE = 0x42000000
                0x22000000                SRAM_BB_BASE = 0x22000000
                0x20000000                SRAM_BASE = 0x20000000
                0x40000000                PERIPH_BASE = 0x40000000
                0x40022000                PROVIDE (FLASH_BASE, 0x40022000)
                0x1ffff800                PROVIDE (OB_BASE, 0x1ffff800)
                0x40000000                APB1PERIPH_BASE = PERIPH_BASE
                0x40010000                APB2PERIPH_BASE = (PERIPH_BASE + 0x10000)
                0x40020000                AHBPERIPH_BASE = (PERIPH_BASE + 0x20000)
                0x40000000                PROVIDE (TIM2, (APB1PERIPH_BASE + 0x0))
                0x40000400                PROVIDE (TIM3, (APB1PERIPH_BASE + 0x400))
                0x40000800                PROVIDE (TIM4, (APB1PERIPH_BASE + 0x800))
                0x40002800                PROVIDE (RTC, (APB1PERIPH_BASE + 0x2800))
                0x40002c00                PROVIDE (WWDG, (APB1PERIPH_BASE + 0x2c00))
                0x40003000                PROVIDE (IWDG, (APB1PERIPH_BASE + 0x3000))
                0x40003800                PROVIDE (SPI2, (APB1PERIPH_BASE + 0x3800))
                0x40004400                PROVIDE (USART2, (APB1PERIPH_BASE + 0x4400))
                0x40004800                PROVIDE (USART3, (APB1PERIPH_BASE + 0x4800))
                0x40005400                PROVIDE (I2C1, (APB1PERIPH_BASE + 0x5400))
                0x40005800                PROVIDE (I2C2, (APB1PERIPH_BASE + 0x5800))
                0x40006400                PROVIDE (CAN, (APB1PERIPH_BASE + 0x6400))
                0x40006c00                PROVIDE (BKP, (APB1PERIPH_BASE + 0x6c00))
                0x40007000                PROVIDE (PWR, (APB1PERIPH_BASE + 0x7000))
                0x40010000                PROVIDE (AFIO, (APB2PERIPH_BASE + 0x0))
                0x40010400                PROVIDE (EXTI, (APB2PERIPH_BASE + 0x400))
                0x40010800                PROVIDE (GPIOA, (APB2PERIPH_BASE + 0x800))
                0x40010c00                PROVIDE (GPIOB, (APB2PERIPH_BASE + 0xc00))
                0x40011000                PROVIDE (GPIOC, (APB2PERIPH_BASE + 0x1000))
                0x40011400                PROVIDE (GPIOD, (APB2PERIPH_BASE + 0x1400))
                0x40011800                PROVIDE (GPIOE, (APB2PERIPH_BASE + 0x1800))
                0x40012400                PROVIDE (ADC1, (APB2PERIPH_BASE + 0x2400))
                0x40012800                PROVIDE (ADC2, (APB2PERIPH_BASE + 0x2800))
                0x40012c00                PROVIDE (TIM1, (APB2PERIPH_BASE + 0x2c00))
                0x40013000                PROVIDE (SPI1, (APB2PERIPH_BASE + 0x3000))
                0x40013800                PROVIDE (USART1, (APB2PERIPH_BASE + 0x3800))
                0x40020000                PROVIDE (DMA, (AHBPERIPH_BASE + 0x0))
                0x40020008                PROVIDE (DMA_Channel1, (AHBPERIPH_BASE + 0x8))
                0x4002001c                PROVIDE (DMA_Channel2, (AHBPERIPH_BASE + 0x1c))
                0x40020030                PROVIDE (DMA_Channel3, (AHBPERIPH_BASE + 0x30))
                0x40020044                PROVIDE (DMA_Channel4, (AHBPERIPH_BASE + 0x44))
                0x40020058                PROVIDE (DMA_Channel5, (AHBPERIPH_BASE + 0x58))
                0x4002006c                PROVIDE (DMA_Channel6, (AHBPERIPH_BASE + 0x6c))
                0x40020080                PROVIDE (DMA_Channel7, (AHBPERIPH_BASE + 0x80))
                0x40021000                PROVIDE (RCC, (AHBPERIPH_BASE + 0x1000))
                0xe000e000                SCS_BASE = 0xe000e000
                0xe000e010                PROVIDE (SysTick, (SCS_BASE + 0x10))
                0xe000e100                PROVIDE (NVIC, (SCS_BASE + 0x100))
                0xe000ed00                PROVIDE (SCB, (SCS_BASE + 0xd00))
                0x20010000                _estack = 0x20010000

.isr_vector     0x08000000      0x1e4
                0x08000000                . = ALIGN (0x4)
 *(.isr_vector)
 .isr_vector    0x08000000      0x1e4 D:\sunny\stm32\therme\Project\RIDE\STM3210C-EVAL\startup_stm32f10x_cl.o
                0x08000000                g_pfnVectors
                0x080001e4                . = ALIGN (0x4)

.flash_start    0x00000000        0x0
                0x00000000                . = ALIGN (0x4)
 *(.flash_start)
 *(.flash_start.*)
                0x00000000                . = ALIGN (0x4)

.crp_patch      0x00000000        0x0
                0x00000000                . = ALIGN (0x4)
 *(.crp_patch)
                0x00000000                . = ALIGN (0x4)

.flashtext      0x080001e4        0x0
                0x080001e4                . = ALIGN (0x4)
 *(.flashtext)
                0x080001e4                . = ALIGN (0x4)

.text           0x080001e8    0x16b04
                0x080001e8                . = ALIGN (0x4)
 *(.text)
 .text          0x080001e8       0x48 C:\Program Files (x86)\Raisonance\Ride\Lib\ARM\smallprintf_thumb.a(_SP_sprintf.o)
                0x080001e8                sprintf
 .text          0x08000230      0x6a8 C:\Program Files (x86)\Raisonance\Ride\Lib\ARM\smallprintf_thumb.a(_SP_vfprintf.o)
                0x08000230                _vfiprintf_r
                0x080008b4                vfiprintf
 .text          0x080008d8       0x84 C:\Program Files (x86)\Raisonance\Ride\Lib\ARM\smallprintf_thumb.a(_SP_puts.o)
                0x080008d8                _SMALL_PRINTF_puts
                0x08000934                puts
 .text          0x0800095c       0x10 c:/program files (x86)/raisonance/ride/arm-gcc/bin/../lib/gcc/arm-none-eabi/4.5.1/../../../../arm-none-eabi/lib/thumb2\libc.a(lib_a-atoi.o)
                0x0800095c                atoi
                0x08000964                _atoi_r
 .text          0x0800096c       0x20 c:/program files (x86)/raisonance/ride/arm-gcc/bin/../lib/gcc/arm-none-eabi/4.5.1/../../../../arm-none-eabi/lib/thumb2\libc.a(lib_a-malloc.o)
                0x0800096c                malloc
                0x0800097c                free
 .text          0x0800098c      0x57c c:/program files (x86)/raisonance/ride/arm-gcc/bin/../lib/gcc/arm-none-eabi/4.5.1/../../../../arm-none-eabi/lib/thumb2\libc.a(lib_a-mallocr.o)
                0x0800098c                _malloc_r
 .text          0x08000f08       0x88 c:/program files (x86)/raisonance/ride/arm-gcc/bin/../lib/gcc/arm-none-eabi/4.5.1/../../../../arm-none-eabi/lib/thumb2\libc.a(lib_a-memchr.o)
                0x08000f08                memchr
 .text          0x08000f90      0x150 c:/program files (x86)/raisonance/ride/arm-gcc/bin/../lib/gcc/arm-none-eabi/4.5.1/../../../../arm-none-eabi/lib/thumb2\libc.a(lib_a-memcpy.o)
                0x08000f90                memcpy
 .text          0x080010e0       0xb4 c:/program files (x86)/raisonance/ride/arm-gcc/bin/../lib/gcc/arm-none-eabi/4.5.1/../../../../arm-none-eabi/lib/thumb2\libc.a(lib_a-memset.o)
                0x080010e0                memset
 .text          0x08001194        0x8 c:/program files (x86)/raisonance/ride/arm-gcc/bin/../lib/gcc/arm-none-eabi/4.5.1/../../../../arm-none-eabi/lib/thumb2\libc.a(lib_a-mlock.o)
                0x08001194                __malloc_lock
                0x08001198                __malloc_unlock
 .text          0x0800119c       0x28 c:/program files (x86)/raisonance/ride/arm-gcc/bin/../lib/gcc/arm-none-eabi/4.5.1/../../../../arm-none-eabi/lib/thumb2\libc.a(lib_a-sbrkr.o)
                0x0800119c                _sbrk_r
 .text          0x080011c4       0x50 c:/program files (x86)/raisonance/ride/arm-gcc/bin/../lib/gcc/arm-none-eabi/4.5.1/../../../../arm-none-eabi/lib/thumb2\libc.a(lib_a-strcat.o)
                0x080011c4                strcat
 .text          0x08001214      0x1dc c:/program files (x86)/raisonance/ride/arm-gcc/bin/../lib/gcc/arm-none-eabi/4.5.1/../../../../arm-none-eabi/lib/thumb2\libc.a(lib_a-strcmp.o)
                0x08001214                strcmp
 .text          0x080013f0       0xbc c:/program files (x86)/raisonance/ride/arm-gcc/bin/../lib/gcc/arm-none-eabi/4.5.1/../../../../arm-none-eabi/lib/thumb2\libc.a(lib_a-strcpy.o)
                0x080013f0                strcpy
 .text          0x080014ac       0x60 c:/program files (x86)/raisonance/ride/arm-gcc/bin/../lib/gcc/arm-none-eabi/4.5.1/../../../../arm-none-eabi/lib/thumb2\libc.a(lib_a-strlen.o)
                0x080014ac                strlen
 .text          0x0800150c       0x5c c:/program files (x86)/raisonance/ride/arm-gcc/bin/../lib/gcc/arm-none-eabi/4.5.1/../../../../arm-none-eabi/lib/thumb2\libc.a(lib_a-strncat.o)
                0x0800150c                strncat
 .text          0x08001568       0xa0 c:/program files (x86)/raisonance/ride/arm-gcc/bin/../lib/gcc/arm-none-eabi/4.5.1/../../../../arm-none-eabi/lib/thumb2\libc.a(lib_a-strncmp.o)
                0x08001568                strncmp
 .text          0x08001608       0x7c c:/program files (x86)/raisonance/ride/arm-gcc/bin/../lib/gcc/arm-none-eabi/4.5.1/../../../../arm-none-eabi/lib/thumb2\libc.a(lib_a-strncpy.o)
                0x08001608                strncpy
 .text          0x08001684       0x8c c:/program files (x86)/raisonance/ride/arm-gcc/bin/../lib/gcc/arm-none-eabi/4.5.1/../../../../arm-none-eabi/lib/thumb2\libc.a(lib_a-strtok.o)
                0x08001684                strtok
 .text          0x08001710       0x64 c:/program files (x86)/raisonance/ride/arm-gcc/bin/../lib/gcc/arm-none-eabi/4.5.1/../../../../arm-none-eabi/lib/thumb2\libc.a(lib_a-strtok_r.o)
                0x08001710                __strtok_r
                0x08001770                strtok_r
 .text          0x08001774      0x17c c:/program files (x86)/raisonance/ride/arm-gcc/bin/../lib/gcc/arm-none-eabi/4.5.1/../../../../arm-none-eabi/lib/thumb2\libc.a(lib_a-strtol.o)
                0x08001774                _strtol_r
                0x080018d8                strtol
 .text          0x080018f0       0xd0 c:/program files (x86)/raisonance/ride/arm-gcc/bin/../lib/gcc/arm-none-eabi/4.5.1/../../../../arm-none-eabi/lib/thumb2\libc.a(lib_a-wcrtomb.o)
                0x080018f0                _wcrtomb_r
                0x0800194c                wcrtomb
 .text          0x080019c0       0x3c c:/program files (x86)/raisonance/ride/arm-gcc/bin/../lib/gcc/arm-none-eabi/4.5.1/../../../../arm-none-eabi/lib/thumb2\libc.a(lib_a-wcsrtombs.o)
                0x080019c0                _wcsrtombs_r
                0x080019d8                wcsrtombs
 .text          0x080019fc       0x4c c:/program files (x86)/raisonance/ride/arm-gcc/bin/../lib/gcc/arm-none-eabi/4.5.1/../../../../arm-none-eabi/lib/thumb2\libc.a(lib_a-wctomb_r.o)
                0x080019fc                __ascii_wctomb
                0x08001a18                _wctomb_r
 .text          0x08001a48      0x240 c:/program files (x86)/raisonance/ride/arm-gcc/bin/../lib/gcc/arm-none-eabi/4.5.1/../../../../arm-none-eabi/lib/thumb2\libc.a(lib_a-freer.o)
                0x08001a48                _malloc_trim_r
                0x08001af0                _free_r
 .text          0x08001c88       0xa0 c:/program files (x86)/raisonance/ride/arm-gcc/bin/../lib/gcc/arm-none-eabi/4.5.1/../../../../arm-none-eabi/lib/thumb2\libc.a(lib_a-locale.o)
                0x08001c88                _setlocale_r
                0x08001ce4                __locale_charset
                0x08001cf0                __locale_mb_cur_max
                0x08001cfc                __locale_msgcharset
                0x08001d04                __locale_cjk_lang
                0x08001d08                _localeconv_r
                0x08001d10                setlocale
                0x08001d20                localeconv
 .text          0x08001d28      0x10c c:/program files (x86)/raisonance/ride/arm-gcc/bin/../lib/gcc/arm-none-eabi/4.5.1/../../../../arm-none-eabi/lib/thumb2\libc.a(lib_a-wcsnrtombs.o)
                0x08001d28                _wcsnrtombs_r
                0x08001e0c                wcsnrtombs
 *fill*         0x08001e34        0x4 00
 .text          0x08001e38      0x278 c:/program files (x86)/raisonance/ride/arm-gcc/bin/../lib/gcc/arm-none-eabi/4.5.1/thumb2\libgcc.a(_udivsi3.o)
                0x08001e38                __aeabi_uidiv
                0x08001e38                __udivsi3
                0x08002094                __aeabi_uidivmod
 .text          0x080020b0        0x4 c:/program files (x86)/raisonance/ride/arm-gcc/bin/../lib/gcc/arm-none-eabi/4.5.1/thumb2\libgcc.a(_dvmd_tls.o)
                0x080020b0                __aeabi_idiv0
                0x080020b0                __aeabi_ldiv0
 .text          0x080020b4      0x370 c:/program files (x86)/raisonance/ride/arm-gcc/bin/../lib/gcc/arm-none-eabi/4.5.1/thumb2\libgcc.a(_arm_addsubdf3.o)
                0x080020b4                __aeabi_drsub
                0x080020bc                __aeabi_dsub
                0x080020bc                __subdf3
                0x080020c0                __aeabi_dadd
                0x080020c0                __adddf3
                0x08002338                __floatunsidf
                0x08002338                __aeabi_ui2d
                0x08002358                __floatsidf
                0x08002358                __aeabi_i2d
                0x0800237c                __aeabi_f2d
                0x0800237c                __extendsfdf2
                0x080023b8                __floatundidf
                0x080023b8                __aeabi_ul2d
                0x080023c8                __floatdidf
                0x080023c8                __aeabi_l2d
 .text          0x08002424      0x424 c:/program files (x86)/raisonance/ride/arm-gcc/bin/../lib/gcc/arm-none-eabi/4.5.1/thumb2\libgcc.a(_arm_muldivdf3.o)
                0x08002424                __aeabi_dmul
                0x08002424                __muldf3
                0x08002678                __divdf3
                0x08002678                __aeabi_ddiv
 .text          0x08002848      0x110 c:/program files (x86)/raisonance/ride/arm-gcc/bin/../lib/gcc/arm-none-eabi/4.5.1/thumb2\libgcc.a(_arm_cmpdf2.o)
                0x08002848                __gtdf2
                0x08002848                __gedf2
                0x08002850                __ltdf2
                0x08002850                __ledf2
                0x08002858                __nedf2
                0x08002858                __eqdf2
                0x08002858                __cmpdf2
                0x080028d4                __aeabi_cdrcmple
                0x080028e4                __aeabi_cdcmpeq
                0x080028e4                __aeabi_cdcmple
                0x080028f4                __aeabi_dcmpeq
                0x08002908                __aeabi_dcmplt
                0x0800291c                __aeabi_dcmple
                0x08002930                __aeabi_dcmpge
                0x08002944                __aeabi_dcmpgt
 .text          0x08002958       0x50 c:/program files (x86)/raisonance/ride/arm-gcc/bin/../lib/gcc/arm-none-eabi/4.5.1/thumb2\libgcc.a(_arm_fixdfsi.o)
                0x08002958                __aeabi_d2iz
                0x08002958                __fixdfsi
 *(.text.*)
 .text.set_ebuff
                0x080029a8       0x52 D:\sunny\stm32\therme\Project\RIDE\STM3210C-EVAL\main.o
                0x080029a8                set_ebuff
 .text.read_ebuff
                0x080029fa       0x54 D:\sunny\stm32\therme\Project\RIDE\STM3210C-EVAL\main.o
                0x080029fa                read_ebuff
 *fill*         0x08002a4e        0x2 00
 .text.chk_modes
                0x08002a50        0xc D:\sunny\stm32\therme\Project\RIDE\STM3210C-EVAL\main.o
                0x08002a50                chk_modes
 .text.GetADC1Channel
                0x08002a5c       0x28 D:\sunny\stm32\therme\Project\RIDE\STM3210C-EVAL\main.o
                0x08002a5c                GetADC1Channel
 *fill*         0x08002a84        0x4 00
 .text.check_temp
                0x08002a88      0x410 D:\sunny\stm32\therme\Project\RIDE\STM3210C-EVAL\main.o
                0x08002a88                check_temp
 .text.set_led_off
                0x08002e98       0x2c D:\sunny\stm32\therme\Project\RIDE\STM3210C-EVAL\main.o
                0x08002e98                set_led_off
 .text.set_led_on
                0x08002ec4       0x2c D:\sunny\stm32\therme\Project\RIDE\STM3210C-EVAL\main.o
                0x08002ec4                set_led_on
 .text.show_seg1
                0x08002ef0       0x74 D:\sunny\stm32\therme\Project\RIDE\STM3210C-EVAL\main.o
                0x08002ef0                show_seg1
 .text.Delay    0x08002f64       0x1c D:\sunny\stm32\therme\Project\RIDE\STM3210C-EVAL\main.o
                0x08002f64                Delay
 .text.Time_Update
                0x08002f80       0x28 D:\sunny\stm32\therme\Project\RIDE\STM3210C-EVAL\main.o
                0x08002f80                Time_Update
 .text.time_cal
                0x08002fa8      0x20c D:\sunny\stm32\therme\Project\RIDE\STM3210C-EVAL\main.o
                0x08002fa8                time_cal
 .text.System_Periodic_Handle
                0x080031b4       0x18 D:\sunny\stm32\therme\Project\RIDE\STM3210C-EVAL\main.o
                0x080031b4                System_Periodic_Handle
 .text.melloc_ar
                0x080031cc       0x3c D:\sunny\stm32\therme\Project\RIDE\STM3210C-EVAL\main.o
                0x080031cc                melloc_ar
 .text.clear_delayfn
                0x08003208       0x3c D:\sunny\stm32\therme\Project\RIDE\STM3210C-EVAL\main.o
                0x08003208                clear_delayfn
 .text.set_dat_o
                0x08003244       0x30 D:\sunny\stm32\therme\Project\RIDE\STM3210C-EVAL\main.o
                0x08003244                set_dat_o
 .text.SendDat_1302
                0x08003274       0x30 D:\sunny\stm32\therme\Project\RIDE\STM3210C-EVAL\main.o
                0x08003274                SendDat_1302
 .text.WriteByte_1302
                0x080032a4       0x54 D:\sunny\stm32\therme\Project\RIDE\STM3210C-EVAL\main.o
                0x080032a4                WriteByte_1302
 .text.set_date
                0x080032f8       0x38 D:\sunny\stm32\therme\Project\RIDE\STM3210C-EVAL\main.o
                0x080032f8                set_date
 .text.RecByte_1302
                0x08003330       0x7c D:\sunny\stm32\therme\Project\RIDE\STM3210C-EVAL\main.o
                0x08003330                RecByte_1302
 .text.Read_RTC
                0x080033ac       0x6c D:\sunny\stm32\therme\Project\RIDE\STM3210C-EVAL\main.o
                0x080033ac                Read_RTC
 .text.Ds1302_int
                0x08003418       0x58 D:\sunny\stm32\therme\Project\RIDE\STM3210C-EVAL\main.o
                0x08003418                Ds1302_int
 .text.out_toggle_s
                0x08003470       0x70 D:\sunny\stm32\therme\Project\RIDE\STM3210C-EVAL\main.o
                0x08003470                out_toggle_s
 .text.outpp    0x080034e0      0x11c D:\sunny\stm32\therme\Project\RIDE\STM3210C-EVAL\main.o
                0x080034e0                outpp
 .text.func_chk
                0x080035fc      0x4fc D:\sunny\stm32\therme\Project\RIDE\STM3210C-EVAL\main.o
                0x080035fc                func_chk
 .text.TIM3_IRQHandler
                0x08003af8      0x2e4 D:\sunny\stm32\therme\Project\RIDE\STM3210C-EVAL\main.o
                0x08003af8                TIM3_IRQHandler
 .text.MENU_int1
                0x08003ddc      0x10c D:\sunny\stm32\therme\Project\RIDE\STM3210C-EVAL\main.o
                0x08003ddc                MENU_int1
 .text.main     0x08003ee8      0x18c D:\sunny\stm32\therme\Project\RIDE\STM3210C-EVAL\main.o
                0x08003ee8                main
 .text.LwIP_Init
                0x08004074       0x6c D:\sunny\stm32\therme\Project\RIDE\STM3210C-EVAL\netconf.o
                0x08004074                LwIP_Init
 .text.LwIP_Pkt_Handle
                0x080040e0        0xc D:\sunny\stm32\therme\Project\RIDE\STM3210C-EVAL\netconf.o
                0x080040e0                LwIP_Pkt_Handle
 .text.LwIP_Periodic_Handle
                0x080040ec       0x40 D:\sunny\stm32\therme\Project\RIDE\STM3210C-EVAL\netconf.o
                0x080040ec                LwIP_Periodic_Handle
 .text.Display_Periodic_Handle
                0x0800412c       0x74 D:\sunny\stm32\therme\Project\RIDE\STM3210C-EVAL\netconf.o
                0x0800412c                Display_Periodic_Handle
 .text.NMI_Handler
                0x080041a0        0x2 D:\sunny\stm32\therme\Project\RIDE\STM3210C-EVAL\stm32f10x_it.o
                0x080041a0                NMI_Handler
 .text.HardFault_Handler
                0x080041a2        0x2 D:\sunny\stm32\therme\Project\RIDE\STM3210C-EVAL\stm32f10x_it.o
                0x080041a2                HardFault_Handler
 .text.MemManage_Handler
                0x080041a4        0x2 D:\sunny\stm32\therme\Project\RIDE\STM3210C-EVAL\stm32f10x_it.o
                0x080041a4                MemManage_Handler
 .text.BusFault_Handler
                0x080041a6        0x2 D:\sunny\stm32\therme\Project\RIDE\STM3210C-EVAL\stm32f10x_it.o
                0x080041a6                BusFault_Handler
 .text.UsageFault_Handler
                0x080041a8        0x2 D:\sunny\stm32\therme\Project\RIDE\STM3210C-EVAL\stm32f10x_it.o
                0x080041a8                UsageFault_Handler
 .text.SVC_Handler
                0x080041aa        0x2 D:\sunny\stm32\therme\Project\RIDE\STM3210C-EVAL\stm32f10x_it.o
                0x080041aa                SVC_Handler
 .text.DebugMon_Handler
                0x080041ac        0x2 D:\sunny\stm32\therme\Project\RIDE\STM3210C-EVAL\stm32f10x_it.o
                0x080041ac                DebugMon_Handler
 .text.PendSV_Handler
                0x080041ae        0x2 D:\sunny\stm32\therme\Project\RIDE\STM3210C-EVAL\stm32f10x_it.o
                0x080041ae                PendSV_Handler
 .text.SysTick_Handler
                0x080041b0        0x4 D:\sunny\stm32\therme\Project\RIDE\STM3210C-EVAL\stm32f10x_it.o
                0x080041b0                SysTick_Handler
 .text.RTC_IRQHandler
                0x080041b4        0x2 D:\sunny\stm32\therme\Project\RIDE\STM3210C-EVAL\stm32f10x_it.o
                0x080041b4                RTC_IRQHandler
 *fill*         0x080041b6        0x2 00
 .text.USART2_IRQHandler
                0x080041b8       0xb0 D:\sunny\stm32\therme\Project\RIDE\STM3210C-EVAL\stm32f10x_it.o
                0x080041b8                USART2_IRQHandler
 .text.ETH_IRQHandler
                0x08004268       0x22 D:\sunny\stm32\therme\Project\RIDE\STM3210C-EVAL\stm32f10x_it.o
                0x08004268                ETH_IRQHandler
 .text.EXTI15_10_IRQHandler
                0x0800428a       0x1a D:\sunny\stm32\therme\Project\RIDE\STM3210C-EVAL\stm32f10x_it.o
                0x0800428a                EXTI15_10_IRQHandler
 .text.NVIC_SetPriority.clone.0
                0x080042a4       0x10 D:\sunny\stm32\therme\Project\RIDE\STM3210C-EVAL\stm32f107.o
 .text.ET_STM32_RCC_Configuration
                0x080042b4       0xd8 D:\sunny\stm32\therme\Project\RIDE\STM3210C-EVAL\stm32f107.o
                0x080042b4                ET_STM32_RCC_Configuration
 .text.Ethernet_Configuration
                0x0800438c       0xa0 D:\sunny\stm32\therme\Project\RIDE\STM3210C-EVAL\stm32f107.o
                0x0800438c                Ethernet_Configuration
 .text.GPIO_Configuration
                0x0800442c      0x110 D:\sunny\stm32\therme\Project\RIDE\STM3210C-EVAL\stm32f107.o
                0x0800442c                GPIO_Configuration
 .text.ADC_Configuration
                0x0800453c       0x6c D:\sunny\stm32\therme\Project\RIDE\STM3210C-EVAL\stm32f107.o
                0x0800453c                ADC_Configuration
 .text.NVIC_Configuration
                0x080045a8       0x62 D:\sunny\stm32\therme\Project\RIDE\STM3210C-EVAL\stm32f107.o
                0x080045a8                NVIC_Configuration
 *fill*         0x0800460a        0x2 00
 .text.System_Setup
                0x0800460c       0xe0 D:\sunny\stm32\therme\Project\RIDE\STM3210C-EVAL\stm32f107.o
                0x0800460c                System_Setup
 .text.HelloWorld_accept
                0x080046ec       0x30 D:\sunny\stm32\therme\Project\RIDE\STM3210C-EVAL\helloworld.o
 .text.HelloWorld_conn_err
                0x0800471c       0x10 D:\sunny\stm32\therme\Project\RIDE\STM3210C-EVAL\helloworld.o
 .text.HelloWorld_recv
                0x0800472c      0x134 D:\sunny\stm32\therme\Project\RIDE\STM3210C-EVAL\helloworld.o
 .text.HelloWorld_init
                0x08004860       0x2c D:\sunny\stm32\therme\Project\RIDE\STM3210C-EVAL\helloworld.o
                0x08004860                HelloWorld_init
 .text.http_accept
                0x0800488c       0x48 D:\sunny\stm32\therme\Project\RIDE\STM3210C-EVAL\httpd.o
 .text.send_data
                0x080048d4       0x2a D:\sunny\stm32\therme\Project\RIDE\STM3210C-EVAL\httpd.o
 .text.http_poll
                0x080048fe       0x1a D:\sunny\stm32\therme\Project\RIDE\STM3210C-EVAL\httpd.o
 .text.conn_err
                0x08004918        0x4 D:\sunny\stm32\therme\Project\RIDE\STM3210C-EVAL\httpd.o
 .text.close_conn
                0x0800491c       0x2c D:\sunny\stm32\therme\Project\RIDE\STM3210C-EVAL\httpd.o
 .text.http_sent
                0x08004948       0x1c D:\sunny\stm32\therme\Project\RIDE\STM3210C-EVAL\httpd.o
 .text.httpd_init
                0x08004964       0x2c D:\sunny\stm32\therme\Project\RIDE\STM3210C-EVAL\httpd.o
                0x08004964                httpd_init
 .text.fs_open  0x08004990       0x30 D:\sunny\stm32\therme\Project\RIDE\STM3210C-EVAL\httpd.o
                0x08004990                fs_open
 .text.http_recv
                0x080049c0      0x894 D:\sunny\stm32\therme\Project\RIDE\STM3210C-EVAL\httpd.o
 .text.IWDG_WriteAccessCmd
                0x08005254        0xc D:\sunny\stm32\therme\Project\RIDE\STM3210C-EVAL\stm32f10x_iwdg.o
                0x08005254                IWDG_WriteAccessCmd
 .text.IWDG_SetPrescaler
                0x08005260        0xc D:\sunny\stm32\therme\Project\RIDE\STM3210C-EVAL\stm32f10x_iwdg.o
                0x08005260                IWDG_SetPrescaler
 .text.IWDG_SetReload
                0x0800526c        0xc D:\sunny\stm32\therme\Project\RIDE\STM3210C-EVAL\stm32f10x_iwdg.o
                0x0800526c                IWDG_SetReload
 .text.IWDG_ReloadCounter
                0x08005278       0x10 D:\sunny\stm32\therme\Project\RIDE\STM3210C-EVAL\stm32f10x_iwdg.o
                0x08005278                IWDG_ReloadCounter
 .text.IWDG_Enable
                0x08005288       0x10 D:\sunny\stm32\therme\Project\RIDE\STM3210C-EVAL\stm32f10x_iwdg.o
                0x08005288                IWDG_Enable
 .text.I2C_Init
                0x08005298       0xd8 D:\sunny\stm32\therme\Project\RIDE\STM3210C-EVAL\stm32f10x_i2c.o
                0x08005298                I2C_Init
 .text.I2C_Cmd  0x08005370       0x1a D:\sunny\stm32\therme\Project\RIDE\STM3210C-EVAL\stm32f10x_i2c.o
                0x08005370                I2C_Cmd
 .text.I2C_GenerateSTART
                0x0800538a       0x1a D:\sunny\stm32\therme\Project\RIDE\STM3210C-EVAL\stm32f10x_i2c.o
                0x0800538a                I2C_GenerateSTART
 .text.I2C_GenerateSTOP
                0x080053a4       0x1a D:\sunny\stm32\therme\Project\RIDE\STM3210C-EVAL\stm32f10x_i2c.o
                0x080053a4                I2C_GenerateSTOP
 .text.I2C_AcknowledgeConfig
                0x080053be       0x1a D:\sunny\stm32\therme\Project\RIDE\STM3210C-EVAL\stm32f10x_i2c.o
                0x080053be                I2C_AcknowledgeConfig
 .text.I2C_SendData
                0x080053d8        0x4 D:\sunny\stm32\therme\Project\RIDE\STM3210C-EVAL\stm32f10x_i2c.o
                0x080053d8                I2C_SendData
 .text.I2C_ReceiveData
                0x080053dc        0x6 D:\sunny\stm32\therme\Project\RIDE\STM3210C-EVAL\stm32f10x_i2c.o
                0x080053dc                I2C_ReceiveData
 .text.I2C_Send7bitAddress
                0x080053e2       0x10 D:\sunny\stm32\therme\Project\RIDE\STM3210C-EVAL\stm32f10x_i2c.o
                0x080053e2                I2C_Send7bitAddress
 .text.I2C_ReadRegister
                0x080053f2       0x18 D:\sunny\stm32\therme\Project\RIDE\STM3210C-EVAL\stm32f10x_i2c.o
                0x080053f2                I2C_ReadRegister
 .text.I2C_CheckEvent
                0x0800540a       0x18 D:\sunny\stm32\therme\Project\RIDE\STM3210C-EVAL\stm32f10x_i2c.o
                0x0800540a                I2C_CheckEvent
 .text.I2C_GetFlagStatus
                0x08005422       0x34 D:\sunny\stm32\therme\Project\RIDE\STM3210C-EVAL\stm32f10x_i2c.o
                0x08005422                I2C_GetFlagStatus
 .text.I2C_ClearFlag
                0x08005456        0x8 D:\sunny\stm32\therme\Project\RIDE\STM3210C-EVAL\stm32f10x_i2c.o
                0x08005456                I2C_ClearFlag
 *fill*         0x0800545e        0x2 00
 .text.RCC_DeInit
                0x08005460       0x4c D:\sunny\stm32\therme\Project\RIDE\STM3210C-EVAL\stm32f10x_rcc.o
                0x08005460                RCC_DeInit
 .text.RCC_HSEConfig
                0x080054ac       0x38 D:\sunny\stm32\therme\Project\RIDE\STM3210C-EVAL\stm32f10x_rcc.o
                0x080054ac                RCC_HSEConfig
 .text.RCC_PLLConfig
                0x080054e4       0x18 D:\sunny\stm32\therme\Project\RIDE\STM3210C-EVAL\stm32f10x_rcc.o
                0x080054e4                RCC_PLLConfig
 .text.RCC_PLLCmd
                0x080054fc        0xc D:\sunny\stm32\therme\Project\RIDE\STM3210C-EVAL\stm32f10x_rcc.o
                0x080054fc                RCC_PLLCmd
 .text.RCC_PREDIV1Config
                0x08005508       0x1c D:\sunny\stm32\therme\Project\RIDE\STM3210C-EVAL\stm32f10x_rcc.o
                0x08005508                RCC_PREDIV1Config
 .text.RCC_PREDIV2Config
                0x08005524       0x14 D:\sunny\stm32\therme\Project\RIDE\STM3210C-EVAL\stm32f10x_rcc.o
                0x08005524                RCC_PREDIV2Config
 .text.RCC_PLL2Config
                0x08005538       0x14 D:\sunny\stm32\therme\Project\RIDE\STM3210C-EVAL\stm32f10x_rcc.o
                0x08005538                RCC_PLL2Config
 .text.RCC_PLL2Cmd
                0x0800554c        0xc D:\sunny\stm32\therme\Project\RIDE\STM3210C-EVAL\stm32f10x_rcc.o
                0x0800554c                RCC_PLL2Cmd
 .text.RCC_PLL3Config
                0x08005558       0x14 D:\sunny\stm32\therme\Project\RIDE\STM3210C-EVAL\stm32f10x_rcc.o
                0x08005558                RCC_PLL3Config
 .text.RCC_PLL3Cmd
                0x0800556c        0xc D:\sunny\stm32\therme\Project\RIDE\STM3210C-EVAL\stm32f10x_rcc.o
                0x0800556c                RCC_PLL3Cmd
 .text.RCC_SYSCLKConfig
                0x08005578       0x14 D:\sunny\stm32\therme\Project\RIDE\STM3210C-EVAL\stm32f10x_rcc.o
                0x08005578                RCC_SYSCLKConfig
 .text.RCC_GetSYSCLKSource
                0x0800558c       0x10 D:\sunny\stm32\therme\Project\RIDE\STM3210C-EVAL\stm32f10x_rcc.o
                0x0800558c                RCC_GetSYSCLKSource
 .text.RCC_HCLKConfig
                0x0800559c       0x14 D:\sunny\stm32\therme\Project\RIDE\STM3210C-EVAL\stm32f10x_rcc.o
                0x0800559c                RCC_HCLKConfig
 .text.RCC_PCLK1Config
                0x080055b0       0x14 D:\sunny\stm32\therme\Project\RIDE\STM3210C-EVAL\stm32f10x_rcc.o
                0x080055b0                RCC_PCLK1Config
 .text.RCC_PCLK2Config
                0x080055c4       0x14 D:\sunny\stm32\therme\Project\RIDE\STM3210C-EVAL\stm32f10x_rcc.o
                0x080055c4                RCC_PCLK2Config
 .text.RCC_OTGFSCLKConfig
                0x080055d8        0xc D:\sunny\stm32\therme\Project\RIDE\STM3210C-EVAL\stm32f10x_rcc.o
                0x080055d8                RCC_OTGFSCLKConfig
 .text.RCC_ADCCLKConfig
                0x080055e4       0x14 D:\sunny\stm32\therme\Project\RIDE\STM3210C-EVAL\stm32f10x_rcc.o
                0x080055e4                RCC_ADCCLKConfig
 .text.RCC_GetClocksFreq
                0x080055f8       0xd0 D:\sunny\stm32\therme\Project\RIDE\STM3210C-EVAL\stm32f10x_rcc.o
                0x080055f8                RCC_GetClocksFreq
 .text.RCC_AHBPeriphClockCmd
                0x080056c8       0x18 D:\sunny\stm32\therme\Project\RIDE\STM3210C-EVAL\stm32f10x_rcc.o
                0x080056c8                RCC_AHBPeriphClockCmd
 .text.RCC_APB2PeriphClockCmd
                0x080056e0       0x18 D:\sunny\stm32\therme\Project\RIDE\STM3210C-EVAL\stm32f10x_rcc.o
                0x080056e0                RCC_APB2PeriphClockCmd
 .text.RCC_APB1PeriphClockCmd
                0x080056f8       0x18 D:\sunny\stm32\therme\Project\RIDE\STM3210C-EVAL\stm32f10x_rcc.o
                0x080056f8                RCC_APB1PeriphClockCmd
 .text.RCC_AHBPeriphResetCmd
                0x08005710       0x18 D:\sunny\stm32\therme\Project\RIDE\STM3210C-EVAL\stm32f10x_rcc.o
                0x08005710                RCC_AHBPeriphResetCmd
 .text.RCC_APB2PeriphResetCmd
                0x08005728       0x18 D:\sunny\stm32\therme\Project\RIDE\STM3210C-EVAL\stm32f10x_rcc.o
                0x08005728                RCC_APB2PeriphResetCmd
 .text.RCC_MCOConfig
                0x08005740        0xc D:\sunny\stm32\therme\Project\RIDE\STM3210C-EVAL\stm32f10x_rcc.o
                0x08005740                RCC_MCOConfig
 .text.RCC_GetFlagStatus
                0x0800574c       0x28 D:\sunny\stm32\therme\Project\RIDE\STM3210C-EVAL\stm32f10x_rcc.o
                0x0800574c                RCC_GetFlagStatus
 .text.RCC_WaitForHSEStartUp
                0x08005774       0x2c D:\sunny\stm32\therme\Project\RIDE\STM3210C-EVAL\stm32f10x_rcc.o
                0x08005774                RCC_WaitForHSEStartUp
 .text.RCC_ClearFlag
                0x080057a0       0x10 D:\sunny\stm32\therme\Project\RIDE\STM3210C-EVAL\stm32f10x_rcc.o
                0x080057a0                RCC_ClearFlag
 .text.TIM_TimeBaseInit
                0x080057b0       0x40 D:\sunny\stm32\therme\Project\RIDE\STM3210C-EVAL\stm32f10x_tim.o
                0x080057b0                TIM_TimeBaseInit
 .text.TIM_OC1Init
                0x080057f0       0x84 D:\sunny\stm32\therme\Project\RIDE\STM3210C-EVAL\stm32f10x_tim.o
                0x080057f0                TIM_OC1Init
 .text.TIM_OC2Init
                0x08005874       0x90 D:\sunny\stm32\therme\Project\RIDE\STM3210C-EVAL\stm32f10x_tim.o
                0x08005874                TIM_OC2Init
 .text.TIM_OC3Init
                0x08005904       0x8c D:\sunny\stm32\therme\Project\RIDE\STM3210C-EVAL\stm32f10x_tim.o
                0x08005904                TIM_OC3Init
 .text.TIM_OC4Init
                0x08005990       0x6c D:\sunny\stm32\therme\Project\RIDE\STM3210C-EVAL\stm32f10x_tim.o
                0x08005990                TIM_OC4Init
 .text.TIM_Cmd  0x080059fc       0x1a D:\sunny\stm32\therme\Project\RIDE\STM3210C-EVAL\stm32f10x_tim.o
                0x080059fc                TIM_Cmd
 .text.TIM_ITConfig
                0x08005a16       0x16 D:\sunny\stm32\therme\Project\RIDE\STM3210C-EVAL\stm32f10x_tim.o
                0x08005a16                TIM_ITConfig
 .text.TIM_OC1PreloadConfig
                0x08005a2c       0x12 D:\sunny\stm32\therme\Project\RIDE\STM3210C-EVAL\stm32f10x_tim.o
                0x08005a2c                TIM_OC1PreloadConfig
 .text.TIM_OC2PreloadConfig
                0x08005a3e       0x14 D:\sunny\stm32\therme\Project\RIDE\STM3210C-EVAL\stm32f10x_tim.o
                0x08005a3e                TIM_OC2PreloadConfig
 .text.TIM_OC3PreloadConfig
                0x08005a52       0x12 D:\sunny\stm32\therme\Project\RIDE\STM3210C-EVAL\stm32f10x_tim.o
                0x08005a52                TIM_OC3PreloadConfig
 .text.TIM_OC4PreloadConfig
                0x08005a64       0x14 D:\sunny\stm32\therme\Project\RIDE\STM3210C-EVAL\stm32f10x_tim.o
                0x08005a64                TIM_OC4PreloadConfig
 .text.TIM_SetCompare1
                0x08005a78        0x4 D:\sunny\stm32\therme\Project\RIDE\STM3210C-EVAL\stm32f10x_tim.o
                0x08005a78                TIM_SetCompare1
 .text.TIM_SetCompare2
                0x08005a7c        0x4 D:\sunny\stm32\therme\Project\RIDE\STM3210C-EVAL\stm32f10x_tim.o
                0x08005a7c                TIM_SetCompare2
 .text.TIM_SetCompare3
                0x08005a80        0x4 D:\sunny\stm32\therme\Project\RIDE\STM3210C-EVAL\stm32f10x_tim.o
                0x08005a80                TIM_SetCompare3
 .text.TIM_SetCompare4
                0x08005a84        0x6 D:\sunny\stm32\therme\Project\RIDE\STM3210C-EVAL\stm32f10x_tim.o
                0x08005a84                TIM_SetCompare4
 .text.TIM_GetCapture1
                0x08005a8a        0x6 D:\sunny\stm32\therme\Project\RIDE\STM3210C-EVAL\stm32f10x_tim.o
                0x08005a8a                TIM_GetCapture1
 .text.TIM_GetCapture2
                0x08005a90        0x6 D:\sunny\stm32\therme\Project\RIDE\STM3210C-EVAL\stm32f10x_tim.o
                0x08005a90                TIM_GetCapture2
 .text.TIM_GetCapture3
                0x08005a96        0x6 D:\sunny\stm32\therme\Project\RIDE\STM3210C-EVAL\stm32f10x_tim.o
                0x08005a96                TIM_GetCapture3
 .text.TIM_GetCapture4
                0x08005a9c        0x8 D:\sunny\stm32\therme\Project\RIDE\STM3210C-EVAL\stm32f10x_tim.o
                0x08005a9c                TIM_GetCapture4
 .text.TIM_GetITStatus
                0x08005aa4       0x16 D:\sunny\stm32\therme\Project\RIDE\STM3210C-EVAL\stm32f10x_tim.o
                0x08005aa4                TIM_GetITStatus
 .text.TIM_ClearITPendingBit
                0x08005aba        0x8 D:\sunny\stm32\therme\Project\RIDE\STM3210C-EVAL\stm32f10x_tim.o
                0x08005aba                TIM_ClearITPendingBit
 *fill*         0x08005ac2        0x2 00
 .text.USART_Init
                0x08005ac4       0x90 D:\sunny\stm32\therme\Project\RIDE\STM3210C-EVAL\stm32f10x_usart.o
                0x08005ac4                USART_Init
 .text.USART_Cmd
                0x08005b54       0x1a D:\sunny\stm32\therme\Project\RIDE\STM3210C-EVAL\stm32f10x_usart.o
                0x08005b54                USART_Cmd
 .text.USART_ITConfig
                0x08005b6e       0x36 D:\sunny\stm32\therme\Project\RIDE\STM3210C-EVAL\stm32f10x_usart.o
                0x08005b6e                USART_ITConfig
 .text.USART_SendData
                0x08005ba4        0x8 D:\sunny\stm32\therme\Project\RIDE\STM3210C-EVAL\stm32f10x_usart.o
                0x08005ba4                USART_SendData
 .text.USART_ReceiveData
                0x08005bac        0x8 D:\sunny\stm32\therme\Project\RIDE\STM3210C-EVAL\stm32f10x_usart.o
                0x08005bac                USART_ReceiveData
 .text.USART_GetITStatus
                0x08005bb4       0x40 D:\sunny\stm32\therme\Project\RIDE\STM3210C-EVAL\stm32f10x_usart.o
                0x08005bb4                USART_GetITStatus
 .text.NVIC_PriorityGroupConfig
                0x08005bf4       0x14 D:\sunny\stm32\therme\Project\RIDE\STM3210C-EVAL\misc.o
                0x08005bf4                NVIC_PriorityGroupConfig
 .text.NVIC_Init
                0x08005c08       0x64 D:\sunny\stm32\therme\Project\RIDE\STM3210C-EVAL\misc.o
                0x08005c08                NVIC_Init
 .text.NVIC_SetVectorTable
                0x08005c6c       0x14 D:\sunny\stm32\therme\Project\RIDE\STM3210C-EVAL\misc.o
                0x08005c6c                NVIC_SetVectorTable
 .text.ADC_DeInit
                0x08005c80       0x5c D:\sunny\stm32\therme\Project\RIDE\STM3210C-EVAL\stm32f10x_adc.o
                0x08005c80                ADC_DeInit
 .text.ADC_Init
                0x08005cdc       0x4c D:\sunny\stm32\therme\Project\RIDE\STM3210C-EVAL\stm32f10x_adc.o
                0x08005cdc                ADC_Init
 .text.ADC_StructInit
                0x08005d28       0x12 D:\sunny\stm32\therme\Project\RIDE\STM3210C-EVAL\stm32f10x_adc.o
                0x08005d28                ADC_StructInit
 .text.ADC_Cmd  0x08005d3a       0x14 D:\sunny\stm32\therme\Project\RIDE\STM3210C-EVAL\stm32f10x_adc.o
                0x08005d3a                ADC_Cmd
 .text.ADC_ResetCalibration
                0x08005d4e        0xa D:\sunny\stm32\therme\Project\RIDE\STM3210C-EVAL\stm32f10x_adc.o
                0x08005d4e                ADC_ResetCalibration
 .text.ADC_GetResetCalibrationStatus
                0x08005d58        0x8 D:\sunny\stm32\therme\Project\RIDE\STM3210C-EVAL\stm32f10x_adc.o
                0x08005d58                ADC_GetResetCalibrationStatus
 .text.ADC_StartCalibration
                0x08005d60        0xa D:\sunny\stm32\therme\Project\RIDE\STM3210C-EVAL\stm32f10x_adc.o
                0x08005d60                ADC_StartCalibration
 .text.ADC_GetCalibrationStatus
                0x08005d6a        0x8 D:\sunny\stm32\therme\Project\RIDE\STM3210C-EVAL\stm32f10x_adc.o
                0x08005d6a                ADC_GetCalibrationStatus
 .text.ADC_SoftwareStartConvCmd
                0x08005d72       0x14 D:\sunny\stm32\therme\Project\RIDE\STM3210C-EVAL\stm32f10x_adc.o
                0x08005d72                ADC_SoftwareStartConvCmd
 .text.ADC_RegularChannelConfig
                0x08005d86       0x8e D:\sunny\stm32\therme\Project\RIDE\STM3210C-EVAL\stm32f10x_adc.o
                0x08005d86                ADC_RegularChannelConfig
 .text.ADC_GetConversionValue
                0x08005e14        0x6 D:\sunny\stm32\therme\Project\RIDE\STM3210C-EVAL\stm32f10x_adc.o
                0x08005e14                ADC_GetConversionValue
 .text.ADC_GetFlagStatus
                0x08005e1a        0xc D:\sunny\stm32\therme\Project\RIDE\STM3210C-EVAL\stm32f10x_adc.o
                0x08005e1a                ADC_GetFlagStatus
 *fill*         0x08005e26        0x2 00
 .text.EXTI_Init
                0x08005e28       0x7c D:\sunny\stm32\therme\Project\RIDE\STM3210C-EVAL\stm32f10x_exti.o
                0x08005e28                EXTI_Init
 .text.EXTI_GetITStatus
                0x08005ea4       0x1c D:\sunny\stm32\therme\Project\RIDE\STM3210C-EVAL\stm32f10x_exti.o
                0x08005ea4                EXTI_GetITStatus
 .text.EXTI_ClearITPendingBit
                0x08005ec0        0xc D:\sunny\stm32\therme\Project\RIDE\STM3210C-EVAL\stm32f10x_exti.o
                0x08005ec0                EXTI_ClearITPendingBit
 .text.FLASH_SetLatency
                0x08005ecc       0x14 D:\sunny\stm32\therme\Project\RIDE\STM3210C-EVAL\stm32f10x_flash.o
                0x08005ecc                FLASH_SetLatency
 .text.FLASH_PrefetchBufferCmd
                0x08005ee0       0x18 D:\sunny\stm32\therme\Project\RIDE\STM3210C-EVAL\stm32f10x_flash.o
                0x08005ee0                FLASH_PrefetchBufferCmd
 .text.GPIO_Init
                0x08005ef8       0x9e D:\sunny\stm32\therme\Project\RIDE\STM3210C-EVAL\stm32f10x_gpio.o
                0x08005ef8                GPIO_Init
 .text.GPIO_ReadInputDataBit
                0x08005f96        0xc D:\sunny\stm32\therme\Project\RIDE\STM3210C-EVAL\stm32f10x_gpio.o
                0x08005f96                GPIO_ReadInputDataBit
 .text.GPIO_ReadInputData
                0x08005fa2        0x6 D:\sunny\stm32\therme\Project\RIDE\STM3210C-EVAL\stm32f10x_gpio.o
                0x08005fa2                GPIO_ReadInputData
 .text.GPIO_WriteBit
                0x08005fa8        0xa D:\sunny\stm32\therme\Project\RIDE\STM3210C-EVAL\stm32f10x_gpio.o
                0x08005fa8                GPIO_WriteBit
 *fill*         0x08005fb2        0x2 00
 .text.GPIO_PinRemapConfig
                0x08005fb4       0x58 D:\sunny\stm32\therme\Project\RIDE\STM3210C-EVAL\stm32f10x_gpio.o
                0x08005fb4                GPIO_PinRemapConfig
 .text.GPIO_EXTILineConfig
                0x0800600c       0x34 D:\sunny\stm32\therme\Project\RIDE\STM3210C-EVAL\stm32f10x_gpio.o
                0x0800600c                GPIO_EXTILineConfig
 .text.GPIO_ETH_MediaInterfaceConfig
                0x08006040        0xc D:\sunny\stm32\therme\Project\RIDE\STM3210C-EVAL\stm32f10x_gpio.o
                0x08006040                GPIO_ETH_MediaInterfaceConfig
 .text.ETH_Delay
                0x0800604c       0x1c D:\sunny\stm32\therme\Project\RIDE\STM3210C-EVAL\stm32_eth.o
 .text.ETH_DeInit
                0x08006068       0x1a D:\sunny\stm32\therme\Project\RIDE\STM3210C-EVAL\stm32_eth.o
                0x08006068                ETH_DeInit
 .text.ETH_StructInit
                0x08006082       0x9e D:\sunny\stm32\therme\Project\RIDE\STM3210C-EVAL\stm32_eth.o
                0x08006082                ETH_StructInit
 .text.ETH_ReadPHYRegister
                0x08006120       0x5c D:\sunny\stm32\therme\Project\RIDE\STM3210C-EVAL\stm32_eth.o
                0x08006120                ETH_ReadPHYRegister
 .text.ETH_WritePHYRegister
                0x0800617c       0x54 D:\sunny\stm32\therme\Project\RIDE\STM3210C-EVAL\stm32_eth.o
                0x0800617c                ETH_WritePHYRegister
 .text.ETH_Init
                0x080061d0      0x254 D:\sunny\stm32\therme\Project\RIDE\STM3210C-EVAL\stm32_eth.o
                0x080061d0                ETH_Init
 .text.ETH_MACTransmissionCmd
                0x08006424       0x1c D:\sunny\stm32\therme\Project\RIDE\STM3210C-EVAL\stm32_eth.o
                0x08006424                ETH_MACTransmissionCmd
 .text.ETH_MACReceptionCmd
                0x08006440       0x1c D:\sunny\stm32\therme\Project\RIDE\STM3210C-EVAL\stm32_eth.o
                0x08006440                ETH_MACReceptionCmd
 .text.ETH_MACAddressConfig
                0x0800645c       0x30 D:\sunny\stm32\therme\Project\RIDE\STM3210C-EVAL\stm32_eth.o
                0x0800645c                ETH_MACAddressConfig
 .text.ETH_DMATxDescChainInit
                0x0800648c       0x44 D:\sunny\stm32\therme\Project\RIDE\STM3210C-EVAL\stm32_eth.o
                0x0800648c                ETH_DMATxDescChainInit
 .text.ETH_DMATxDescChecksumInsertionConfig
                0x080064d0        0x8 D:\sunny\stm32\therme\Project\RIDE\STM3210C-EVAL\stm32_eth.o
                0x080064d0                ETH_DMATxDescChecksumInsertionConfig
 .text.ETH_DMARxDescChainInit
                0x080064d8       0x4c D:\sunny\stm32\therme\Project\RIDE\STM3210C-EVAL\stm32_eth.o
                0x080064d8                ETH_DMARxDescChainInit
 .text.ETH_GetDMARxDescFrameLength
                0x08006524        0x8 D:\sunny\stm32\therme\Project\RIDE\STM3210C-EVAL\stm32_eth.o
                0x08006524                ETH_GetDMARxDescFrameLength
 .text.ETH_GetRxPktSize
                0x0800652c       0x20 D:\sunny\stm32\therme\Project\RIDE\STM3210C-EVAL\stm32_eth.o
                0x0800652c                ETH_GetRxPktSize
 .text.ETH_DMARxDescReceiveITConfig
                0x0800654c       0x12 D:\sunny\stm32\therme\Project\RIDE\STM3210C-EVAL\stm32_eth.o
                0x0800654c                ETH_DMARxDescReceiveITConfig
 *fill*         0x0800655e        0x2 00
 .text.ETH_SoftwareReset
                0x08006560       0x10 D:\sunny\stm32\therme\Project\RIDE\STM3210C-EVAL\stm32_eth.o
                0x08006560                ETH_SoftwareReset
 .text.ETH_GetSoftwareResetStatus
                0x08006570       0x10 D:\sunny\stm32\therme\Project\RIDE\STM3210C-EVAL\stm32_eth.o
                0x08006570                ETH_GetSoftwareResetStatus
 .text.ETH_DMAClearITPendingBit
                0x08006580        0xc D:\sunny\stm32\therme\Project\RIDE\STM3210C-EVAL\stm32_eth.o
                0x08006580                ETH_DMAClearITPendingBit
 .text.ETH_FlushTransmitFIFO
                0x0800658c       0x10 D:\sunny\stm32\therme\Project\RIDE\STM3210C-EVAL\stm32_eth.o
                0x0800658c                ETH_FlushTransmitFIFO
 .text.ETH_DMATransmissionCmd
                0x0800659c       0x1c D:\sunny\stm32\therme\Project\RIDE\STM3210C-EVAL\stm32_eth.o
                0x0800659c                ETH_DMATransmissionCmd
 .text.ETH_DMAReceptionCmd
                0x080065b8       0x1c D:\sunny\stm32\therme\Project\RIDE\STM3210C-EVAL\stm32_eth.o
                0x080065b8                ETH_DMAReceptionCmd
 .text.ETH_Start
                0x080065d4       0x22 D:\sunny\stm32\therme\Project\RIDE\STM3210C-EVAL\stm32_eth.o
                0x080065d4                ETH_Start
 *fill*         0x080065f6        0x2 00
 .text.ETH_DMAITConfig
                0x080065f8       0x18 D:\sunny\stm32\therme\Project\RIDE\STM3210C-EVAL\stm32_eth.o
                0x080065f8                ETH_DMAITConfig
 .text.tcp_pbuf_prealloc
                0x08006610       0x58 D:\sunny\stm32\therme\Project\RIDE\STM3210C-EVAL\tcp_out.o
 .text.tcp_create_segment
                0x08006668       0xcc D:\sunny\stm32\therme\Project\RIDE\STM3210C-EVAL\tcp_out.o
 .text.tcp_output_alloc_header.clone.0
                0x08006734       0x88 D:\sunny\stm32\therme\Project\RIDE\STM3210C-EVAL\tcp_out.o
 .text.tcp_write
                0x080067bc      0x312 D:\sunny\stm32\therme\Project\RIDE\STM3210C-EVAL\tcp_out.o
                0x080067bc                tcp_write
 .text.tcp_enqueue_flags
                0x08006ace       0xac D:\sunny\stm32\therme\Project\RIDE\STM3210C-EVAL\tcp_out.o
                0x08006ace                tcp_enqueue_flags
 .text.tcp_send_fin
                0x08006b7a       0x52 D:\sunny\stm32\therme\Project\RIDE\STM3210C-EVAL\tcp_out.o
                0x08006b7a                tcp_send_fin
 .text.tcp_send_empty_ack
                0x08006bcc       0x46 D:\sunny\stm32\therme\Project\RIDE\STM3210C-EVAL\tcp_out.o
                0x08006bcc                tcp_send_empty_ack
 *fill*         0x08006c12        0x2 00
 .text.tcp_output
                0x08006c14      0x358 D:\sunny\stm32\therme\Project\RIDE\STM3210C-EVAL\tcp_out.o
                0x08006c14                tcp_output
 .text.tcp_rst  0x08006f6c       0xd8 D:\sunny\stm32\therme\Project\RIDE\STM3210C-EVAL\tcp_out.o
                0x08006f6c                tcp_rst
 .text.tcp_rexmit_rto
                0x08007044       0x30 D:\sunny\stm32\therme\Project\RIDE\STM3210C-EVAL\tcp_out.o
                0x08007044                tcp_rexmit_rto
 .text.tcp_rexmit
                0x08007074       0x6c D:\sunny\stm32\therme\Project\RIDE\STM3210C-EVAL\tcp_out.o
                0x08007074                tcp_rexmit
 .text.tcp_rexmit_fast
                0x080070e0       0x5a D:\sunny\stm32\therme\Project\RIDE\STM3210C-EVAL\tcp_out.o
                0x080070e0                tcp_rexmit_fast
 .text.tcp_keepalive
                0x0800713a       0x3c D:\sunny\stm32\therme\Project\RIDE\STM3210C-EVAL\tcp_out.o
                0x0800713a                tcp_keepalive
 .text.tcp_zero_window_probe
                0x08007176       0xd4 D:\sunny\stm32\therme\Project\RIDE\STM3210C-EVAL\tcp_out.o
                0x08007176                tcp_zero_window_probe
 *fill*         0x0800724a        0x2 00
 .text.udp_input
                0x0800724c      0x16c D:\sunny\stm32\therme\Project\RIDE\STM3210C-EVAL\udp.o
                0x0800724c                udp_input
 .text.mem_init
                0x080073b8       0x30 D:\sunny\stm32\therme\Project\RIDE\STM3210C-EVAL\mem.o
                0x080073b8                mem_init
 .text.mem_free
                0x080073e8       0x80 D:\sunny\stm32\therme\Project\RIDE\STM3210C-EVAL\mem.o
                0x080073e8                mem_free
 .text.mem_trim
                0x08007468       0xb0 D:\sunny\stm32\therme\Project\RIDE\STM3210C-EVAL\mem.o
                0x08007468                mem_trim
 .text.mem_malloc
                0x08007518       0xa4 D:\sunny\stm32\therme\Project\RIDE\STM3210C-EVAL\mem.o
                0x08007518                mem_malloc
 .text.mem_calloc
                0x080075bc       0x1c D:\sunny\stm32\therme\Project\RIDE\STM3210C-EVAL\mem.o
                0x080075bc                mem_calloc
 .text.memp_init
                0x080075d8       0x48 D:\sunny\stm32\therme\Project\RIDE\STM3210C-EVAL\memp.o
                0x080075d8                memp_init
 .text.memp_malloc
                0x08007620       0x20 D:\sunny\stm32\therme\Project\RIDE\STM3210C-EVAL\memp.o
                0x08007620                memp_malloc
 .text.memp_free
                0x08007640       0x18 D:\sunny\stm32\therme\Project\RIDE\STM3210C-EVAL\memp.o
                0x08007640                memp_free
 .text.netif_set_ipaddr
                0x08007658       0x50 D:\sunny\stm32\therme\Project\RIDE\STM3210C-EVAL\netif.o
                0x08007658                netif_set_ipaddr
 .text.netif_set_gw
                0x080076a8        0x8 D:\sunny\stm32\therme\Project\RIDE\STM3210C-EVAL\netif.o
                0x080076a8                netif_set_gw
 .text.netif_set_netmask
                0x080076b0        0x8 D:\sunny\stm32\therme\Project\RIDE\STM3210C-EVAL\netif.o
                0x080076b0                netif_set_netmask
 .text.netif_set_addr
                0x080076b8       0x20 D:\sunny\stm32\therme\Project\RIDE\STM3210C-EVAL\netif.o
                0x080076b8                netif_set_addr
 .text.netif_add
                0x080076d8       0x48 D:\sunny\stm32\therme\Project\RIDE\STM3210C-EVAL\netif.o
                0x080076d8                netif_add
 .text.netif_set_default
                0x08007720        0xc D:\sunny\stm32\therme\Project\RIDE\STM3210C-EVAL\netif.o
                0x08007720                netif_set_default
 .text.netif_set_up
                0x0800772c       0x22 D:\sunny\stm32\therme\Project\RIDE\STM3210C-EVAL\netif.o
                0x0800772c                netif_set_up
 .text.pbuf_alloced_custom
                0x0800774e       0x5c D:\sunny\stm32\therme\Project\RIDE\STM3210C-EVAL\pbuf.o
                0x0800774e                pbuf_alloced_custom
 .text.pbuf_header
                0x080077aa       0x6a D:\sunny\stm32\therme\Project\RIDE\STM3210C-EVAL\pbuf.o
                0x080077aa                pbuf_header
 .text.pbuf_free
                0x08007814       0x58 D:\sunny\stm32\therme\Project\RIDE\STM3210C-EVAL\pbuf.o
                0x08007814                pbuf_free
 .text.pbuf_realloc
                0x0800786c       0x4c D:\sunny\stm32\therme\Project\RIDE\STM3210C-EVAL\pbuf.o
                0x0800786c                pbuf_realloc
 .text.pbuf_alloc
                0x080078b8      0x118 D:\sunny\stm32\therme\Project\RIDE\STM3210C-EVAL\pbuf.o
                0x080078b8                pbuf_alloc
 .text.pbuf_clen
                0x080079d0       0x12 D:\sunny\stm32\therme\Project\RIDE\STM3210C-EVAL\pbuf.o
                0x080079d0                pbuf_clen
 .text.pbuf_ref
                0x080079e2        0xa D:\sunny\stm32\therme\Project\RIDE\STM3210C-EVAL\pbuf.o
                0x080079e2                pbuf_ref
 .text.pbuf_cat
                0x080079ec       0x22 D:\sunny\stm32\therme\Project\RIDE\STM3210C-EVAL\pbuf.o
                0x080079ec                pbuf_cat
 .text.pbuf_copy
                0x08007a0e       0x8c D:\sunny\stm32\therme\Project\RIDE\STM3210C-EVAL\pbuf.o
                0x08007a0e                pbuf_copy
 .text.pbuf_copy_partial
                0x08007a9a       0x6e D:\sunny\stm32\therme\Project\RIDE\STM3210C-EVAL\pbuf.o
                0x08007a9a                pbuf_copy_partial
 .text.raw_input
                0x08007b08       0x78 D:\sunny\stm32\therme\Project\RIDE\STM3210C-EVAL\raw.o
                0x08007b08                raw_input
 .text.tcp_accept_null
                0x08007b80        0x6 D:\sunny\stm32\therme\Project\RIDE\STM3210C-EVAL\tcp.o
 *fill*         0x08007b86        0x2 00
 .text.tcp_new_port
                0x08007b88       0x44 D:\sunny\stm32\therme\Project\RIDE\STM3210C-EVAL\tcp.o
 .text.tcp_bind
                0x08007bcc       0x68 D:\sunny\stm32\therme\Project\RIDE\STM3210C-EVAL\tcp.o
                0x08007bcc                tcp_bind
 .text.tcp_listen_with_backlog
                0x08007c34       0x9c D:\sunny\stm32\therme\Project\RIDE\STM3210C-EVAL\tcp.o
                0x08007c34                tcp_listen_with_backlog
 .text.tcp_update_rcv_ann_wnd
                0x08007cd0       0x3a D:\sunny\stm32\therme\Project\RIDE\STM3210C-EVAL\tcp.o
                0x08007cd0                tcp_update_rcv_ann_wnd
 .text.tcp_recved
                0x08007d0a       0x3a D:\sunny\stm32\therme\Project\RIDE\STM3210C-EVAL\tcp.o
                0x08007d0a                tcp_recved
 .text.tcp_seg_free
                0x08007d44       0x1c D:\sunny\stm32\therme\Project\RIDE\STM3210C-EVAL\tcp.o
                0x08007d44                tcp_seg_free
 .text.tcp_segs_free
                0x08007d60       0x12 D:\sunny\stm32\therme\Project\RIDE\STM3210C-EVAL\tcp.o
                0x08007d60                tcp_segs_free
 .text.tcp_arg  0x08007d72        0x4 D:\sunny\stm32\therme\Project\RIDE\STM3210C-EVAL\tcp.o
                0x08007d72                tcp_arg
 .text.tcp_recv
                0x08007d76        0x6 D:\sunny\stm32\therme\Project\RIDE\STM3210C-EVAL\tcp.o
                0x08007d76                tcp_recv
 .text.tcp_sent
                0x08007d7c        0x6 D:\sunny\stm32\therme\Project\RIDE\STM3210C-EVAL\tcp.o
                0x08007d7c                tcp_sent
 .text.tcp_err  0x08007d82        0x6 D:\sunny\stm32\therme\Project\RIDE\STM3210C-EVAL\tcp.o
                0x08007d82                tcp_err
 .text.tcp_accept
                0x08007d88        0x4 D:\sunny\stm32\therme\Project\RIDE\STM3210C-EVAL\tcp.o
                0x08007d88                tcp_accept
 .text.tcp_poll
                0x08007d8c        0xa D:\sunny\stm32\therme\Project\RIDE\STM3210C-EVAL\tcp.o
                0x08007d8c                tcp_poll
 .text.tcp_pcb_purge
                0x08007d96       0x3a D:\sunny\stm32\therme\Project\RIDE\STM3210C-EVAL\tcp.o
                0x08007d96                tcp_pcb_purge
 .text.tcp_slowtmr
                0x08007dd0      0x25c D:\sunny\stm32\therme\Project\RIDE\STM3210C-EVAL\tcp.o
                0x08007dd0                tcp_slowtmr
 .text.tcp_pcb_remove
                0x0800802c       0x64 D:\sunny\stm32\therme\Project\RIDE\STM3210C-EVAL\tcp.o
                0x0800802c                tcp_pcb_remove
 .text.tcp_abandon
                0x08008090       0x90 D:\sunny\stm32\therme\Project\RIDE\STM3210C-EVAL\tcp.o
                0x08008090                tcp_abandon
 .text.tcp_abort
                0x08008120        0x6 D:\sunny\stm32\therme\Project\RIDE\STM3210C-EVAL\tcp.o
                0x08008120                tcp_abort
 *fill*         0x08008126        0x2 00
 .text.tcp_close_shutdown
                0x08008128      0x118 D:\sunny\stm32\therme\Project\RIDE\STM3210C-EVAL\tcp.o
 .text.tcp_close
                0x08008240       0x18 D:\sunny\stm32\therme\Project\RIDE\STM3210C-EVAL\tcp.o
                0x08008240                tcp_close
 .text.tcp_recv_null
                0x08008258       0x24 D:\sunny\stm32\therme\Project\RIDE\STM3210C-EVAL\tcp.o
                0x08008258                tcp_recv_null
 .text.tcp_fasttmr
                0x0800827c       0x68 D:\sunny\stm32\therme\Project\RIDE\STM3210C-EVAL\tcp.o
                0x0800827c                tcp_fasttmr
 .text.tcp_tmr  0x080082e4       0x24 D:\sunny\stm32\therme\Project\RIDE\STM3210C-EVAL\tcp.o
                0x080082e4                tcp_tmr
 .text.tcp_next_iss
                0x08008308       0x18 D:\sunny\stm32\therme\Project\RIDE\STM3210C-EVAL\tcp.o
                0x08008308                tcp_next_iss
 .text.tcp_alloc
                0x08008320       0xf4 D:\sunny\stm32\therme\Project\RIDE\STM3210C-EVAL\tcp.o
                0x08008320                tcp_alloc
 .text.tcp_new  0x08008414        0x6 D:\sunny\stm32\therme\Project\RIDE\STM3210C-EVAL\tcp.o
                0x08008414                tcp_new
 .text.tcp_eff_send_mss
                0x0800841a       0x1e D:\sunny\stm32\therme\Project\RIDE\STM3210C-EVAL\tcp.o
                0x0800841a                tcp_eff_send_mss
 .text.tcp_receive
                0x08008438      0x4cc D:\sunny\stm32\therme\Project\RIDE\STM3210C-EVAL\tcp_in.o
 .text.tcp_parseopt.clone.0
                0x08008904       0x90 D:\sunny\stm32\therme\Project\RIDE\STM3210C-EVAL\tcp_in.o
 .text.tcp_input
                0x08008994      0x8a8 D:\sunny\stm32\therme\Project\RIDE\STM3210C-EVAL\tcp_in.o
                0x08008994                tcp_input
 .text.Set_MAC_Address
                0x0800923c       0x28 D:\sunny\stm32\therme\Project\RIDE\STM3210C-EVAL\ethernetif.o
                0x0800923c                Set_MAC_Address
 .text.ethernetif_init
                0x08009264       0xcc D:\sunny\stm32\therme\Project\RIDE\STM3210C-EVAL\ethernetif.o
                0x08009264                ethernetif_init
 .text.ETH_RxPkt_ChainMode
                0x08009330       0x60 D:\sunny\stm32\therme\Project\RIDE\STM3210C-EVAL\ethernetif.o
                0x08009330                ETH_RxPkt_ChainMode
 .text.ethernetif_input
                0x08009390       0x80 D:\sunny\stm32\therme\Project\RIDE\STM3210C-EVAL\ethernetif.o
                0x08009390                ethernetif_input
 .text.ETH_TxPkt_ChainMode
                0x08009410       0x40 D:\sunny\stm32\therme\Project\RIDE\STM3210C-EVAL\ethernetif.o
                0x08009410                ETH_TxPkt_ChainMode
 .text.ETH_GetCurrentTxBuffer
                0x08009450        0xc D:\sunny\stm32\therme\Project\RIDE\STM3210C-EVAL\ethernetif.o
                0x08009450                ETH_GetCurrentTxBuffer
 .text.low_level_output
                0x0800945c       0x2c D:\sunny\stm32\therme\Project\RIDE\STM3210C-EVAL\ethernetif.o
 .text.icmp_send_response.clone.0
                0x08009488       0x88 D:\sunny\stm32\therme\Project\RIDE\STM3210C-EVAL\icmp.o
 .text.icmp_input
                0x08009510      0x16c D:\sunny\stm32\therme\Project\RIDE\STM3210C-EVAL\icmp.o
                0x08009510                icmp_input
 .text.icmp_dest_unreach
                0x0800967c        0xa D:\sunny\stm32\therme\Project\RIDE\STM3210C-EVAL\icmp.o
                0x0800967c                icmp_dest_unreach
 .text.icmp_time_exceeded
                0x08009686        0xa D:\sunny\stm32\therme\Project\RIDE\STM3210C-EVAL\icmp.o
                0x08009686                icmp_time_exceeded
 .text.lwip_standard_chksum
                0x08009690       0x58 D:\sunny\stm32\therme\Project\RIDE\STM3210C-EVAL\inet_chksum.o
 .text.inet_chksum
                0x080096e8        0xc D:\sunny\stm32\therme\Project\RIDE\STM3210C-EVAL\inet_chksum.o
                0x080096e8                inet_chksum
 .text.inet_chksum_pbuf
                0x080096f4       0x4e D:\sunny\stm32\therme\Project\RIDE\STM3210C-EVAL\inet_chksum.o
                0x080096f4                inet_chksum_pbuf
 *fill*         0x08009742        0x2 00
 .text.ip_route
                0x08009744       0x44 D:\sunny\stm32\therme\Project\RIDE\STM3210C-EVAL\ip.o
                0x08009744                ip_route
 .text.ip_input
                0x08009788      0x1a4 D:\sunny\stm32\therme\Project\RIDE\STM3210C-EVAL\ip.o
                0x08009788                ip_input
 .text.ip_output_if
                0x0800992c      0x128 D:\sunny\stm32\therme\Project\RIDE\STM3210C-EVAL\ip.o
                0x0800992c                ip_output_if
 .text.ip_output
                0x08009a54       0x40 D:\sunny\stm32\therme\Project\RIDE\STM3210C-EVAL\ip.o
                0x08009a54                ip_output
 .text.ip4_addr_isbroadcast
                0x08009a94       0x40 D:\sunny\stm32\therme\Project\RIDE\STM3210C-EVAL\ip_addr.o
                0x08009a94                ip4_addr_isbroadcast
 .text.ip_frag_free_pbuf_custom_ref
                0x08009ad4        0x8 D:\sunny\stm32\therme\Project\RIDE\STM3210C-EVAL\ip_frag.o
 .text.ipfrag_free_pbuf_custom
                0x08009adc       0x16 D:\sunny\stm32\therme\Project\RIDE\STM3210C-EVAL\ip_frag.o
 *fill*         0x08009af2        0x2 00
 .text.ip_reass_dequeue_datagram.clone.0
                0x08009af4       0x20 D:\sunny\stm32\therme\Project\RIDE\STM3210C-EVAL\ip_frag.o
 .text.ip_reass_free_complete_datagram
                0x08009b14       0x9c D:\sunny\stm32\therme\Project\RIDE\STM3210C-EVAL\ip_frag.o
 .text.ip_reass_remove_oldest_datagram
                0x08009bb0       0xa8 D:\sunny\stm32\therme\Project\RIDE\STM3210C-EVAL\ip_frag.o
 .text.ip_reass
                0x08009c58      0x3ac D:\sunny\stm32\therme\Project\RIDE\STM3210C-EVAL\ip_frag.o
                0x08009c58                ip_reass
 .text.ip_frag  0x0800a004      0x1a4 D:\sunny\stm32\therme\Project\RIDE\STM3210C-EVAL\ip_frag.o
                0x0800a004                ip_frag
 .text.free_entry
                0x0800a1a8       0x24 D:\sunny\stm32\therme\Project\RIDE\STM3210C-EVAL\etharp.o
 .text.find_entry
                0x0800a1cc       0xd8 D:\sunny\stm32\therme\Project\RIDE\STM3210C-EVAL\etharp.o
 .text.etharp_send_ip
                0x0800a2a4       0x36 D:\sunny\stm32\therme\Project\RIDE\STM3210C-EVAL\etharp.o
 *fill*         0x0800a2da        0x2 00
 .text.etharp_tmr
                0x0800a2dc       0x34 D:\sunny\stm32\therme\Project\RIDE\STM3210C-EVAL\etharp.o
                0x0800a2dc                etharp_tmr
 .text.etharp_request
                0x0800a310       0xb8 D:\sunny\stm32\therme\Project\RIDE\STM3210C-EVAL\etharp.o
                0x0800a310                etharp_request
 .text.etharp_query
                0x0800a3c8       0xe8 D:\sunny\stm32\therme\Project\RIDE\STM3210C-EVAL\etharp.o
                0x0800a3c8                etharp_query
 .text.etharp_output
                0x0800a4b0       0xc8 D:\sunny\stm32\therme\Project\RIDE\STM3210C-EVAL\etharp.o
                0x0800a4b0                etharp_output
 .text.ethernet_input
                0x0800a578      0x1b8 D:\sunny\stm32\therme\Project\RIDE\STM3210C-EVAL\etharp.o
                0x0800a578                ethernet_input
 .text.sys_timeout
                0x0800a730       0x60 D:\sunny\stm32\therme\Project\RIDE\STM3210C-EVAL\timers.o
                0x0800a730                sys_timeout
 .text.tcp_timer_needed
                0x0800a790       0x34 D:\sunny\stm32\therme\Project\RIDE\STM3210C-EVAL\timers.o
                0x0800a790                tcp_timer_needed
 .text.tcpip_tcp_timer
                0x0800a7c4       0x38 D:\sunny\stm32\therme\Project\RIDE\STM3210C-EVAL\timers.o
 .text.lwip_htons
                0x0800a7fc        0xa D:\sunny\stm32\therme\Project\RIDE\STM3210C-EVAL\def.o
                0x0800a7fc                lwip_htons
 .text.lwip_ntohs
                0x0800a806        0x4 D:\sunny\stm32\therme\Project\RIDE\STM3210C-EVAL\def.o
                0x0800a806                lwip_ntohs
 .text.lwip_htonl
                0x0800a80a        0x4 D:\sunny\stm32\therme\Project\RIDE\STM3210C-EVAL\def.o
                0x0800a80a                lwip_htonl
 .text.lwip_ntohl
                0x0800a80e        0x4 D:\sunny\stm32\therme\Project\RIDE\STM3210C-EVAL\def.o
                0x0800a80e                lwip_ntohl
 *fill*         0x0800a812        0x2 00
 .text.SystemInit
                0x0800a814      0x128 D:\sunny\stm32\therme\Project\RIDE\STM3210C-EVAL\system_stm32f10x.o
                0x0800a814                SystemInit
 .text.Reset_Handler
                0x0800a93c       0x40 D:\sunny\stm32\therme\Project\RIDE\STM3210C-EVAL\startup_stm32f10x_cl.o
                0x0800a93c                Reset_Handler
 .text.Default_Handler
                0x0800a97c        0x2 D:\sunny\stm32\therme\Project\RIDE\STM3210C-EVAL\startup_stm32f10x_cl.o
                0x0800a97c                EXTI2_IRQHandler
                0x0800a97c                TIM1_CC_IRQHandler
                0x0800a97c                TIM6_IRQHandler
                0x0800a97c                PVD_IRQHandler
                0x0800a97c                CAN2_RX1_IRQHandler
                0x0800a97c                EXTI3_IRQHandler
                0x0800a97c                EXTI0_IRQHandler
                0x0800a97c                I2C2_EV_IRQHandler
                0x0800a97c                CAN1_RX0_IRQHandler
                0x0800a97c                CAN2_SCE_IRQHandler
                0x0800a97c                ADC1_2_IRQHandler
                0x0800a97c                SPI1_IRQHandler
                0x0800a97c                TAMPER_IRQHandler
                0x0800a97c                CAN2_RX0_IRQHandler
                0x0800a97c                DMA2_Channel2_IRQHandler
                0x0800a97c                DMA1_Channel4_IRQHandler
                0x0800a97c                USART3_IRQHandler
                0x0800a97c                DMA1_Channel7_IRQHandler
                0x0800a97c                CAN1_RX1_IRQHandler
                0x0800a97c                UART5_IRQHandler
                0x0800a97c                TIM4_IRQHandler
                0x0800a97c                DMA2_Channel1_IRQHandler
                0x0800a97c                I2C1_EV_IRQHandler
                0x0800a97c                DMA1_Channel6_IRQHandler
                0x0800a97c                UART4_IRQHandler
                0x0800a97c                DMA2_Channel4_IRQHandler
                0x0800a97c                RCC_IRQHandler
                0x0800a97c                TIM1_TRG_COM_IRQHandler
                0x0800a97c                DMA1_Channel1_IRQHandler
                0x0800a97c                Default_Handler
                0x0800a97c                TIM7_IRQHandler
                0x0800a97c                CAN2_TX_IRQHandler
                0x0800a97c                TIM5_IRQHandler
                0x0800a97c                EXTI9_5_IRQHandler
                0x0800a97c                ETH_WKUP_IRQHandler
                0x0800a97c                SPI2_IRQHandler
                0x0800a97c                CAN1_TX_IRQHandler
                0x0800a97c                DMA2_Channel5_IRQHandler
                0x0800a97c                DMA1_Channel5_IRQHandler
                0x0800a97c                EXTI4_IRQHandler
                0x0800a97c                DMA1_Channel3_IRQHandler
                0x0800a97c                TIM1_UP_IRQHandler
                0x0800a97c                WWDG_IRQHandler
                0x0800a97c                TIM2_IRQHandler
                0x0800a97c                OTG_FS_WKUP_IRQHandler
                0x0800a97c                TIM1_BRK_IRQHandler
                0x0800a97c                EXTI1_IRQHandler
                0x0800a97c                RTCAlarm_IRQHandler
                0x0800a97c                I2C2_ER_IRQHandler
                0x0800a97c                DMA1_Channel2_IRQHandler
                0x0800a97c                CAN1_SCE_IRQHandler
                0x0800a97c                FLASH_IRQHandler
                0x0800a97c                USART1_IRQHandler
                0x0800a97c                OTG_FS_IRQHandler
                0x0800a97c                SPI3_IRQHandler
                0x0800a97c                I2C1_ER_IRQHandler
                0x0800a97c                DMA2_Channel3_IRQHandler
 *fill*         0x0800a97e        0x2 00
 .text.out_init
                0x0800a980       0x3c D:\sunny\stm32\therme\Project\RIDE\STM3210C-EVAL\stm32_eval.o
                0x0800a980                out_init
 .text.out_on   0x0800a9bc       0x1c D:\sunny\stm32\therme\Project\RIDE\STM3210C-EVAL\stm32_eval.o
                0x0800a9bc                out_on
 .text.out_off  0x0800a9d8       0x1c D:\sunny\stm32\therme\Project\RIDE\STM3210C-EVAL\stm32_eval.o
                0x0800a9d8                out_off
 .text.out_write
                0x0800a9f4       0x70 D:\sunny\stm32\therme\Project\RIDE\STM3210C-EVAL\stm32_eval.o
                0x0800a9f4                out_write
 .text.out_toggle
                0x0800aa64       0x20 D:\sunny\stm32\therme\Project\RIDE\STM3210C-EVAL\stm32_eval.o
                0x0800aa64                out_toggle
 .text.STM_EVAL_PBInit
                0x0800aa84       0x8c D:\sunny\stm32\therme\Project\RIDE\STM3210C-EVAL\stm32_eval.o
                0x0800aa84                STM_EVAL_PBInit
 .text.read_inp
                0x0800ab10       0x20 D:\sunny\stm32\therme\Project\RIDE\STM3210C-EVAL\stm32_eval.o
                0x0800ab10                read_inp
 .text.ET_STM32_COM_Init
                0x0800ab30       0xc8 D:\sunny\stm32\therme\Project\RIDE\STM3210C-EVAL\stm32_eval.o
                0x0800ab30                ET_STM32_COM_Init
 .text.GPIO_Configurationi2c
                0x0800abf8       0x2c D:\sunny\stm32\therme\Project\RIDE\STM3210C-EVAL\et_stm32f_arm_kit_i2c.o
                0x0800abf8                GPIO_Configurationi2c
 .text.I2C_Configuration
                0x0800ac24       0x44 D:\sunny\stm32\therme\Project\RIDE\STM3210C-EVAL\et_stm32f_arm_kit_i2c.o
                0x0800ac24                I2C_Configuration
 .text.I2C_EE_Init
                0x0800ac68       0x34 D:\sunny\stm32\therme\Project\RIDE\STM3210C-EVAL\et_stm32f_arm_kit_i2c.o
                0x0800ac68                I2C_EE_Init
 .text.I2C_EE_BufferRead
                0x0800ac9c       0xe0 D:\sunny\stm32\therme\Project\RIDE\STM3210C-EVAL\et_stm32f_arm_kit_i2c.o
                0x0800ac9c                I2C_EE_BufferRead
 .text.I2C_EE_PageWrite
                0x0800ad7c       0x98 D:\sunny\stm32\therme\Project\RIDE\STM3210C-EVAL\et_stm32f_arm_kit_i2c.o
                0x0800ad7c                I2C_EE_PageWrite
 .text.I2C_EE_WaitEepromStandbyState
                0x0800ae14       0x58 D:\sunny\stm32\therme\Project\RIDE\STM3210C-EVAL\et_stm32f_arm_kit_i2c.o
                0x0800ae14                I2C_EE_WaitEepromStandbyState
 .text.I2C_EE_BufferWrite
                0x0800ae6c       0xf6 D:\sunny\stm32\therme\Project\RIDE\STM3210C-EVAL\et_stm32f_arm_kit_i2c.o
                0x0800ae6c                I2C_EE_BufferWrite
 *fill*         0x0800af62        0x2 00
 .text.I2C_StandbyState
                0x0800af64       0x54 D:\sunny\stm32\therme\Project\RIDE\STM3210C-EVAL\et_stm32f_arm_kit_i2c.o
                0x0800af64                I2C_StandbyState
 .text.write_to_MCP
                0x0800afb8       0xa8 D:\sunny\stm32\therme\Project\RIDE\STM3210C-EVAL\et_stm32f_arm_kit_i2c.o
                0x0800afb8                write_to_MCP
 .text.MCP_read
                0x0800b060       0xe0 D:\sunny\stm32\therme\Project\RIDE\STM3210C-EVAL\et_stm32f_arm_kit_i2c.o
                0x0800b060                MCP_read
 .text.ET_STM32_USART_Init
                0x0800b140       0x32 D:\sunny\stm32\therme\Project\RIDE\STM3210C-EVAL\et_stm32f_arm_kit_uart.o
                0x0800b140                ET_STM32_USART_Init
 *fill*         0x0800b172        0x2 00
 .text.__io_putchar
                0x0800b174      0x16c C:\Program Files (x86)\Raisonance\Ride\Lib\ARM\STM32x_io_putchar_thumb.a(STM32F10X_io_putchar.o)
                0x0800b174                __io_putchar
 .text._write   0x0800b2e0        0x4 C:\Program Files (x86)\Raisonance\Ride\Lib\ARM\std_sbrk_thumb.lib(write.o)
                0x0800b2e0                _write
 .text._sbrk    0x0800b2e4       0x30 C:\Program Files (x86)\Raisonance\Ride\Lib\ARM\std_sbrk_thumb.lib(sbrk.o)
                0x0800b2e4                _sbrk
 *(.rodata)
 .rodata        0x0800b314     0xb33c D:\sunny\stm32\therme\Project\RIDE\STM3210C-EVAL\httpd.o
 .rodata        0x08016650       0x28 D:\sunny\stm32\therme\Project\RIDE\STM3210C-EVAL\memp.o
 .rodata        0x08016678       0x50 D:\sunny\stm32\therme\Project\RIDE\STM3210C-EVAL\tcp.o
                0x08016678                tcp_pcb_lists
                0x08016688                tcp_persist_backoff
                0x0801668f                tcp_backoff
                0x0801669c                tcp_state_str
 .rodata        0x080166c8        0x8 D:\sunny\stm32\therme\Project\RIDE\STM3210C-EVAL\ip_addr.o
                0x080166c8                ip_addr_any
                0x080166cc                ip_addr_broadcast
 .rodata        0x080166d0        0xc D:\sunny\stm32\therme\Project\RIDE\STM3210C-EVAL\etharp.o
                0x080166d0                ethbroadcast
                0x080166d6                ethzero
 .rodata        0x080166dc       0x74 D:\sunny\stm32\therme\Project\RIDE\STM3210C-EVAL\stm32_eval.o
                0x080166dc                GPIO_CLK
                0x080166fc                GPIO_PIN
                0x0801670c                BUTTON_CLK
                0x08016718                BUTTON_PIN
                0x0801671e                BUTTON_PORT_SOURCE
                0x08016724                BUTTON_PIN_SOURCE
                0x0801672a                BUTTON_EXTI_LINE
                0x08016730                BUTTON_IRQn
                0x08016738                COM_POR_CLK
                0x08016740                COM_USART_CLK
                0x08016748                COM_TX_PIN
                0x0801674c                COM_RX_PIN
 .rodata        0x08016750      0x184 C:\Program Files (x86)\Raisonance\Ride\Lib\ARM\smallprintf_thumb.a(_SP_vfprintf.o)
 .rodata        0x080168d4      0x104 c:/program files (x86)/raisonance/ride/arm-gcc/bin/../lib/gcc/arm-none-eabi/4.5.1/../../../../arm-none-eabi/lib/thumb2\libc.a(lib_a-ctype_.o)
                0x080168d4                _ctype_
 *(.rodata*)
 .rodata.str1.1
                0x080169d8       0xe1 D:\sunny\stm32\therme\Project\RIDE\STM3210C-EVAL\main.o
                                 0xe9 (size before relaxing)
 .rodata.str1.1
                0x08016ab9       0x13 D:\sunny\stm32\therme\Project\RIDE\STM3210C-EVAL\netconf.o
 .rodata.str1.1
                0x08016acc        0x7 D:\sunny\stm32\therme\Project\RIDE\STM3210C-EVAL\helloworld.o
 .rodata.str1.1
                0x08016ad3      0x155 D:\sunny\stm32\therme\Project\RIDE\STM3210C-EVAL\httpd.o
                                0x174 (size before relaxing)
 .rodata.str1.1
                0x08016c28       0x68 D:\sunny\stm32\therme\Project\RIDE\STM3210C-EVAL\tcp.o
 .rodata.str1.4
                0x08016c90       0x4b C:\Program Files (x86)\Raisonance\Ride\Lib\ARM\smallprintf_thumb.a(_SP_vfprintf.o)
                                 0x4c (size before relaxing)
 *fill*         0x08016cdb        0x1 00
 .rodata.str1.4
                0x08016cdc        0x2 c:/program files (x86)/raisonance/ride/arm-gcc/bin/../lib/gcc/arm-none-eabi/4.5.1/../../../../arm-none-eabi/lib/thumb2\libc.a(lib_a-impure.o)
                                  0x4 (size before relaxing)
 *fill*         0x08016cde        0x2 00
 .rodata.str1.4
                0x08016ce0        0xc c:/program files (x86)/raisonance/ride/arm-gcc/bin/../lib/gcc/arm-none-eabi/4.5.1/../../../../arm-none-eabi/lib/thumb2\libc.a(lib_a-locale.o)
                                 0x14 (size before relaxing)
 *(.glue_7)
 .glue_7        0x00000000        0x0 linker stubs
 *(.glue_7t)
 .glue_7t       0x00000000        0x0 linker stubs
                0x08016cec                . = ALIGN (0x4)
                0x08016cec                _etext = .
                0x08016cec                _sidata = _etext

.vfp11_veneer   0x08016cec        0x0
 .vfp11_veneer  0x00000000        0x0 linker stubs

.v4_bx          0x08016cec        0x0
 .v4_bx         0x00000000        0x0 linker stubs

.flashpatch     0x00000000        0x0
                0x00000000                . = ALIGN (0x4)
 *(.flashpatch)
                0x00000000                . = ALIGN (0x4)

.endflash       0x00000000        0x0
                0x00000000                . = ALIGN (0x4)